176.97.63.206 - - [02/Jul/2022:19:50:55 +0000] "GET /vendor/laravel-admin/bootstrap-switch/dist/css/bootstrap3/bootstrap-switch.min.css HTTP/1.1" 304 0 "http://odessa-as-is-base.od.ua/admin" "Mozilla/5.0 (X11; Linux x86_64) AppleWebKit/537.36 (KHTML, like Gecko) Chrome/103.0.5060.53 Safari/537.36"
176.97.63.206 - - [02/Jul/2022:19:50:55 +0000] "GET /vendor/laravel-admin/fontawesome-iconpicker/dist/css/fontawesome-iconpicker.min.css HTTP/1.1" 304 0 "http://odessa-as-is-base.od.ua/admin" "Mozilla/5.0 (X11; Linux x86_64) AppleWebKit/537.36 (KHTML, like Gecko) Chrome/103.0.5060.53 Safari/537.36"
176.97.63.206 - - [02/Jul/2022:19:50:55 +0000] "GET /vendor/laravel-admin/bootstrap-duallistbox/dist/bootstrap-duallistbox.min.css HTTP/1.1" 304 0 "http://odessa-as-is-base.od.ua/admin" "Mozilla/5.0 (X11; Linux x86_64) AppleWebKit/537.36 (KHTML, like Gecko) Chrome/103.0.5060.53 Safari/537.36"
176.97.63.206 - - [02/Jul/2022:19:50:55 +0000] "GET /vendor/laravel-admin/AdminLTE/dist/css/skins/skin-blue-light.min.css HTTP/1.1" 304 0 "http://odessa-as-is-base.od.ua/admin" "Mozilla/5.0 (X11; Linux x86_64) AppleWebKit/537.36 (KHTML, like Gecko) Chrome/103.0.5060.53 Safari/537.36"
176.97.63.206 - - [02/Jul/2022:19:50:55 +0000] "GET /vendor/laravel-admin/laravel-admin/laravel-admin.css HTTP/1.1" 304 0 "http://odessa-as-is-base.od.ua/admin" "Mozilla/5.0 (X11; Linux x86_64) AppleWebKit/537.36 (KHTML, like Gecko) Chrome/103.0.5060.53 Safari/537.36"
176.97.63.206 - - [02/Jul/2022:19:50:55 +0000] "GET /vendor/laravel-admin/nprogress/nprogress.css HTTP/1.1" 304 0 "http://odessa-as-is-base.od.ua/admin" "Mozilla/5.0 (X11; Linux x86_64) AppleWebKit/537.36 (KHTML, like Gecko) Chrome/103.0.5060.53 Safari/537.36"
176.97.63.206 - - [02/Jul/2022:19:50:55 +0000] "GET /vendor/laravel-admin/sweetalert2/dist/sweetalert2.css HTTP/1.1" 304 0 "http://odessa-as-is-base.od.ua/admin" "Mozilla/5.0 (X11; Linux x86_64) AppleWebKit/537.36 (KHTML, like Gecko) Chrome/103.0.5060.53 Safari/537.36"
176.97.63.206 - - [02/Jul/2022:19:50:55 +0000] "GET /vendor/laravel-admin/nestable/nestable.css HTTP/1.1" 304 0 "http://odessa-as-is-base.od.ua/admin" "Mozilla/5.0 (X11; Linux x86_64) AppleWebKit/537.36 (KHTML, like Gecko) Chrome/103.0.5060.53 Safari/537.36"
176.97.63.206 - - [02/Jul/2022:19:50:55 +0000] "GET /vendor/laravel-admin/toastr/build/toastr.min.css HTTP/1.1" 304 0 "http://odessa-as-is-base.od.ua/admin" "Mozilla/5.0 (X11; Linux x86_64) AppleWebKit/537.36 (KHTML, like Gecko) Chrome/103.0.5060.53 Safari/537.36"
176.97.63.206 - - [02/Jul/2022:19:50:55 +0000] "GET /vendor/laravel-admin/bootstrap3-editable/css/bootstrap-editable.css HTTP/1.1" 304 0 "http://odessa-as-is-base.od.ua/admin" "Mozilla/5.0 (X11; Linux x86_64) AppleWebKit/537.36 (KHTML, like Gecko) Chrome/103.0.5060.53 Safari/537.36"
176.97.63.206 - - [02/Jul/2022:19:50:55 +0000] "GET /vendor/laravel-admin/google-fonts/fonts.css HTTP/1.1" 304 0 "http://odessa-as-is-base.od.ua/admin" "Mozilla/5.0 (X11; Linux x86_64) AppleWebKit/537.36 (KHTML, like Gecko) Chrome/103.0.5060.53 Safari/537.36"
176.97.63.206 - - [02/Jul/2022:19:50:55 +0000] "GET /vendor/laravel-admin/AdminLTE/plugins/iCheck/minimal/_all.css HTTP/1.1" 304 0 "http://odessa-as-is-base.od.ua/vendor/laravel-admin/AdminLTE/plugins/iCheck/all.css" "Mozilla/5.0 (X11; Linux x86_64) AppleWebKit/537.36 (KHTML, like Gecko) Chrome/103.0.5060.53 Safari/537.36"
176.97.63.206 - - [02/Jul/2022:19:50:55 +0000] "GET /vendor/laravel-admin/AdminLTE/plugins/iCheck/square/_all.css HTTP/1.1" 304 0 "http://odessa-as-is-base.od.ua/vendor/laravel-admin/AdminLTE/plugins/iCheck/all.css" "Mozilla/5.0 (X11; Linux x86_64) AppleWebKit/537.36 (KHTML, like Gecko) Chrome/103.0.5060.53 Safari/537.36"
176.97.63.206 - - [02/Jul/2022:19:50:55 +0000] "GET /vendor/laravel-admin/AdminLTE/plugins/iCheck/flat/_all.css HTTP/1.1" 304 0 "http://odessa-as-is-base.od.ua/vendor/laravel-admin/AdminLTE/plugins/iCheck/all.css" "Mozilla/5.0 (X11; Linux x86_64) AppleWebKit/537.36 (KHTML, like Gecko) Chrome/103.0.5060.53 Safari/537.36"
176.97.63.206 - - [02/Jul/2022:19:50:55 +0000] "GET /vendor/laravel-admin/AdminLTE/plugins/iCheck/line/_all.css HTTP/1.1" 304 0 "http://odessa-as-is-base.od.ua/vendor/laravel-admin/AdminLTE/plugins/iCheck/all.css" "Mozilla/5.0 (X11; Linux x86_64) AppleWebKit/537.36 (KHTML, like Gecko) Chrome/103.0.5060.53 Safari/537.36"
176.97.63.206 - - [02/Jul/2022:19:50:55 +0000] "GET /vendor/laravel-admin/AdminLTE/plugins/iCheck/polaris/polaris.css HTTP/1.1" 304 0 "http://odessa-as-is-base.od.ua/vendor/laravel-admin/AdminLTE/plugins/iCheck/all.css" "Mozilla/5.0 (X11; Linux x86_64) AppleWebKit/537.36 (KHTML, like Gecko) Chrome/103.0.5060.53 Safari/537.36"
176.97.63.206 - - [02/Jul/2022:19:50:55 +0000] "GET /vendor/laravel-admin/AdminLTE/plugins/iCheck/futurico/futurico.css HTTP/1.1" 304 0 "http://odessa-as-is-base.od.ua/vendor/laravel-admin/AdminLTE/plugins/iCheck/all.css" "Mozilla/5.0 (X11; Linux x86_64) AppleWebKit/537.36 (KHTML, like Gecko) Chrome/103.0.5060.53 Safari/537.36"
176.97.63.206 - - [02/Jul/2022:19:50:55 +0000] "GET /vendor/laravel-admin/AdminLTE/plugins/slimScroll/jquery.slimscroll.min.js HTTP/1.1" 304 0 "http://odessa-as-is-base.od.ua/admin" "Mozilla/5.0 (X11; Linux x86_64) AppleWebKit/537.36 (KHTML, like Gecko) Chrome/103.0.5060.53 Safari/537.36"
176.97.63.206 - - [02/Jul/2022:19:50:55 +0000] "GET /vendor/laravel-admin/AdminLTE/dist/js/app.min.js HTTP/1.1" 304 0 "http://odessa-as-is-base.od.ua/admin" "Mozilla/5.0 (X11; Linux x86_64) AppleWebKit/537.36 (KHTML, like Gecko) Chrome/103.0.5060.53 Safari/537.36"
176.97.63.206 - - [02/Jul/2022:19:50:55 +0000] "GET /vendor/laravel-admin/jquery-pjax/jquery.pjax.js HTTP/1.1" 304 0 "http://odessa-as-is-base.od.ua/admin" "Mozilla/5.0 (X11; Linux x86_64) AppleWebKit/537.36 (KHTML, like Gecko) Chrome/103.0.5060.53 Safari/537.36"
176.97.63.206 - - [02/Jul/2022:19:50:55 +0000] "GET /vendor/laravel-admin/nprogress/nprogress.js HTTP/1.1" 304 0 "http://odessa-as-is-base.od.ua/admin" "Mozilla/5.0 (X11; Linux x86_64) AppleWebKit/537.36 (KHTML, like Gecko) Chrome/103.0.5060.53 Safari/537.36"
176.97.63.206 - - [02/Jul/2022:19:50:55 +0000] "GET /vendor/laravel-admin/nestable/jquery.nestable.js HTTP/1.1" 304 0 "http://odessa-as-is-base.od.ua/admin" "Mozilla/5.0 (X11; Linux x86_64) AppleWebKit/537.36 (KHTML, like Gecko) Chrome/103.0.5060.53 Safari/537.36"
176.97.63.206 - - [02/Jul/2022:19:50:55 +0000] "GET /vendor/laravel-admin/toastr/build/toastr.min.js HTTP/1.1" 304 0 "http://odessa-as-is-base.od.ua/admin" "Mozilla/5.0 (X11; Linux x86_64) AppleWebKit/537.36 (KHTML, like Gecko) Chrome/103.0.5060.53 Safari/537.36"
176.97.63.206 - - [02/Jul/2022:19:50:55 +0000] "GET /vendor/laravel-admin/font-awesome/fonts/fontawesome-webfont.woff2?v=4.7.0 HTTP/1.1" 304 0 "http://odessa-as-is-base.od.ua/vendor/laravel-admin/font-awesome/css/font-awesome.min.css" "Mozilla/5.0 (X11; Linux x86_64) AppleWebKit/537.36 (KHTML, like Gecko) Chrome/103.0.5060.53 Safari/537.36"
176.97.63.206 - - [02/Jul/2022:19:50:55 +0000] "GET /vendor/laravel-admin/AdminLTE/dist/img/user2-160x160.jpg HTTP/1.1" 304 0 "http://odessa-as-is-base.od.ua/admin" "Mozilla/5.0 (X11; Linux x86_64) AppleWebKit/537.36 (KHTML, like Gecko) Chrome/103.0.5060.53 Safari/537.36"
176.97.63.206 - - [02/Jul/2022:19:50:55 +0000] "GET /vendor/laravel-admin/sweetalert2/dist/sweetalert2.min.js HTTP/1.1" 304 0 "http://odessa-as-is-base.od.ua/admin" "Mozilla/5.0 (X11; Linux x86_64) AppleWebKit/537.36 (KHTML, like Gecko) Chrome/103.0.5060.53 Safari/537.36"
176.97.63.206 - - [02/Jul/2022:19:50:55 +0000] "GET /vendor/laravel-admin/bootstrap3-editable/js/bootstrap-editable.min.js HTTP/1.1" 304 0 "http://odessa-as-is-base.od.ua/admin" "Mozilla/5.0 (X11; Linux x86_64) AppleWebKit/537.36 (KHTML, like Gecko) Chrome/103.0.5060.53 Safari/537.36"
176.97.63.206 - - [02/Jul/2022:19:50:55 +0000] "GET /vendor/laravel-admin/laravel-admin/laravel-admin.js HTTP/1.1" 304 0 "http://odessa-as-is-base.od.ua/admin" "Mozilla/5.0 (X11; Linux x86_64) AppleWebKit/537.36 (KHTML, like Gecko) Chrome/103.0.5060.53 Safari/537.36"
176.97.63.206 - - [02/Jul/2022:19:50:55 +0000] "GET /js/app.js HTTP/1.1" 304 0 "http://odessa-as-is-base.od.ua/admin" "Mozilla/5.0 (X11; Linux x86_64) AppleWebKit/537.36 (KHTML, like Gecko) Chrome/103.0.5060.53 Safari/537.36"
176.97.63.206 - - [02/Jul/2022:19:50:55 +0000] "GET /vendor/laravel-admin/AdminLTE/plugins/colorpicker/bootstrap-colorpicker.min.js HTTP/1.1" 304 0 "http://odessa-as-is-base.od.ua/admin" "Mozilla/5.0 (X11; Linux x86_64) AppleWebKit/537.36 (KHTML, like Gecko) Chrome/103.0.5060.53 Safari/537.36"
176.97.63.206 - - [02/Jul/2022:19:50:55 +0000] "GET /vendor/laravel-admin/AdminLTE/plugins/input-mask/jquery.inputmask.bundle.min.js HTTP/1.1" 304 0 "http://odessa-as-is-base.od.ua/admin" "Mozilla/5.0 (X11; Linux x86_64) AppleWebKit/537.36 (KHTML, like Gecko) Chrome/103.0.5060.53 Safari/537.36"
176.97.63.206 - - [02/Jul/2022:19:50:55 +0000] "GET /vendor/laravel-admin/moment/min/moment-with-locales.min.js HTTP/1.1" 304 0 "http://odessa-as-is-base.od.ua/admin" "Mozilla/5.0 (X11; Linux x86_64) AppleWebKit/537.36 (KHTML, like Gecko) Chrome/103.0.5060.53 Safari/537.36"
176.97.63.206 - - [02/Jul/2022:19:50:55 +0000] "GET /vendor/laravel-admin/eonasdan-bootstrap-datetimepicker/build/js/bootstrap-datetimepicker.min.js HTTP/1.1" 304 0 "http://odessa-as-is-base.od.ua/admin" "Mozilla/5.0 (X11; Linux x86_64) AppleWebKit/537.36 (KHTML, like Gecko) Chrome/103.0.5060.53 Safari/537.36"
176.97.63.206 - - [02/Jul/2022:19:50:55 +0000] "GET /vendor/laravel-admin/flatpickr/dist/flatpickr.js HTTP/1.1" 200 50679 "http://odessa-as-is-base.od.ua/admin" "Mozilla/5.0 (X11; Linux x86_64) AppleWebKit/537.36 (KHTML, like Gecko) Chrome/103.0.5060.53 Safari/537.36"
176.97.63.206 - - [02/Jul/2022:19:50:55 +0000] "GET /vendor/laravel-admin/flatpickr/dist/shortcut-buttons-flatpickr/shortcut-buttons-flatpickr.min.js HTTP/1.1" 200 2058 "http://odessa-as-is-base.od.ua/admin" "Mozilla/5.0 (X11; Linux x86_64) AppleWebKit/537.36 (KHTML, like Gecko) Chrome/103.0.5060.53 Safari/537.36"
176.97.63.206 - - [02/Jul/2022:19:50:55 +0000] "GET /vendor/laravel-admin/flatpickr/dist/l10n/zh.js HTTP/1.1" 200 1810 "http://odessa-as-is-base.od.ua/admin" "Mozilla/5.0 (X11; Linux x86_64) AppleWebKit/537.36 (KHTML, like Gecko) Chrome/103.0.5060.53 Safari/537.36"
176.97.63.206 - - [02/Jul/2022:19:50:55 +0000] "GET /vendor/laravel-admin/bootstrap-fileinput/js/plugins/canvas-to-blob.min.js HTTP/1.1" 304 0 "http://odessa-as-is-base.od.ua/admin" "Mozilla/5.0 (X11; Linux x86_64) AppleWebKit/537.36 (KHTML, like Gecko) Chrome/103.0.5060.53 Safari/537.36"
176.97.63.206 - - [02/Jul/2022:19:50:55 +0000] "GET /vendor/laravel-admin/bootstrap-fileinput/js/fileinput.min.js?v=4.5.2 HTTP/1.1" 304 0 "http://odessa-as-is-base.od.ua/admin" "Mozilla/5.0 (X11; Linux x86_64) AppleWebKit/537.36 (KHTML, like Gecko) Chrome/103.0.5060.53 Safari/537.36"
176.97.63.206 - - [02/Jul/2022:19:50:55 +0000] "GET /vendor/laravel-admin/AdminLTE/plugins/select2/select2.full.min.js HTTP/1.1" 304 0 "http://odessa-as-is-base.od.ua/admin" "Mozilla/5.0 (X11; Linux x86_64) AppleWebKit/537.36 (KHTML, like Gecko) Chrome/103.0.5060.53 Safari/537.36"
176.97.63.206 - - [02/Jul/2022:19:50:55 +0000] "GET /vendor/laravel-admin/number-input/bootstrap-number-input.js HTTP/1.1" 304 0 "http://odessa-as-is-base.od.ua/admin" "Mozilla/5.0 (X11; Linux x86_64) AppleWebKit/537.36 (KHTML, like Gecko) Chrome/103.0.5060.53 Safari/537.36"
176.97.63.206 - - [02/Jul/2022:19:50:55 +0000] "GET /vendor/laravel-admin/AdminLTE/plugins/ionslider/ion.rangeSlider.min.js HTTP/1.1" 304 0 "http://odessa-as-is-base.od.ua/admin" "Mozilla/5.0 (X11; Linux x86_64) AppleWebKit/537.36 (KHTML, like Gecko) Chrome/103.0.5060.53 Safari/537.36"
176.97.63.206 - - [02/Jul/2022:19:50:55 +0000] "GET /vendor/laravel-admin/bootstrap-switch/dist/js/bootstrap-switch.min.js HTTP/1.1" 304 0 "http://odessa-as-is-base.od.ua/admin" "Mozilla/5.0 (X11; Linux x86_64) AppleWebKit/537.36 (KHTML, like Gecko) Chrome/103.0.5060.53 Safari/537.36"
176.97.63.206 - - [02/Jul/2022:19:50:55 +0000] "GET /vendor/laravel-admin/fontawesome-iconpicker/dist/js/fontawesome-iconpicker.min.js HTTP/1.1" 304 0 "http://odessa-as-is-base.od.ua/admin" "Mozilla/5.0 (X11; Linux x86_64) AppleWebKit/537.36 (KHTML, like Gecko) Chrome/103.0.5060.53 Safari/537.36"
176.97.63.206 - - [02/Jul/2022:19:50:55 +0000] "GET /vendor/laravel-admin/bootstrap-fileinput/js/plugins/sortable.min.js?v=4.5.2 HTTP/1.1" 304 0 "http://odessa-as-is-base.od.ua/admin" "Mozilla/5.0 (X11; Linux x86_64) AppleWebKit/537.36 (KHTML, like Gecko) Chrome/103.0.5060.53 Safari/537.36"
176.97.63.206 - - [02/Jul/2022:19:50:55 +0000] "GET /vendor/laravel-admin/bootstrap-duallistbox/dist/jquery.bootstrap-duallistbox.min.js HTTP/1.1" 304 0 "http://odessa-as-is-base.od.ua/admin" "Mozilla/5.0 (X11; Linux x86_64) AppleWebKit/537.36 (KHTML, like Gecko) Chrome/103.0.5060.53 Safari/537.36"
176.97.63.206 - - [02/Jul/2022:19:50:58 +0000] "GET /admin/grannies?_pjax=%23pjax-container HTTP/1.1" 200 297745 "http://odessa-as-is-base.od.ua/admin" "Mozilla/5.0 (X11; Linux x86_64) AppleWebKit/537.36 (KHTML, like Gecko) Chrome/103.0.5060.53 Safari/537.36"
176.97.63.206 - - [02/Jul/2022:19:50:58 +0000] "GET /vendor/laravel-admin/AdminLTE/plugins/iCheck/minimal/blue.png HTTP/1.1" 304 0 "http://odessa-as-is-base.od.ua/vendor/laravel-admin/AdminLTE/plugins/iCheck/minimal/_all.css" "Mozilla/5.0 (X11; Linux x86_64) AppleWebKit/537.36 (KHTML, like Gecko) Chrome/103.0.5060.53 Safari/537.36"
146.56.139.244 - - [02/Jul/2022:19:56:10 +0000] "GET / HTTP/1.1" 302 370 "-" "Mozilla/5.0 (Windows NT 10.0; Win64; x64) AppleWebKit/537.36 (KHTML, like Gecko) Chrome/70.0.3538.77 Safari/537.36"
146.56.139.244 - - [02/Jul/2022:19:56:11 +0000] "GET /admin HTTP/1.1" 302 414 "-" "Mozilla/5.0 (Windows NT 10.0; Win64; x64) AppleWebKit/537.36 (KHTML, like Gecko) Chrome/70.0.3538.77 Safari/537.36"
146.56.139.244 - - [02/Jul/2022:19:56:12 +0000] "GET /admin/auth/login HTTP/1.1" 200 3401 "-" "Mozilla/5.0 (Windows NT 10.0; Win64; x64) AppleWebKit/537.36 (KHTML, like Gecko) Chrome/70.0.3538.77 Safari/537.36"
120.244.210.54 - - [02/Jul/2022:20:03:17 +0000] "GET / HTTP/1.0" 302 338 "-" "-"
120.244.210.54 - - [02/Jul/2022:20:03:18 +0000] "GET / HTTP/1.1" 302 370 "-" "Mozilla/5.0 (X11; Linux x86_64) AppleWebKit/537.36 (KHTML, like Gecko) Chrome/86.0.4 240.111 Safari/537.36"
120.244.210.54 - - [02/Jul/2022:20:03:18 +0000] "GET /admin HTTP/1.1" 302 414 "http://159.223.227.144" "Mozilla/5.0 (X11; Linux x86_64) AppleWebKit/537.36 (KHTML, like Gecko) Chrome/86.0.4 240.111 Safari/537.36"
120.244.210.54 - - [02/Jul/2022:20:03:18 +0000] "GET /admin/auth/login HTTP/1.1" 200 3401 "http://159.223.227.144/admin" "Mozilla/5.0 (X11; Linux x86_64) AppleWebKit/537.36 (KHTML, like Gecko) Chrome/86.0.4 240.111 Safari/537.36"
88.155.59.55 - - [02/Jul/2022:20:03:26 +0000] "GET /admin/grannies HTTP/1.1" 302 446 "-" "Mozilla/5.0 (Linux; Android 12; SAMSUNG SM-A715F) AppleWebKit/537.36 (KHTML, like Gecko) SamsungBrowser/17.0 Chrome/96.0.4664.104 Mobile Safari/537.36"
88.155.59.55 - - [02/Jul/2022:20:03:26 +0000] "GET /admin/auth/login HTTP/1.1" 200 3473 "-" "Mozilla/5.0 (Linux; Android 12; SAMSUNG SM-A715F) AppleWebKit/537.36 (KHTML, like Gecko) SamsungBrowser/17.0 Chrome/96.0.4664.104 Mobile Safari/537.36"
88.155.59.55 - - [02/Jul/2022:20:03:39 +0000] "POST /admin/auth/login HTTP/1.1" 302 402 "http://odessa-as-is-base.od.ua/admin/auth/login" "Mozilla/5.0 (Linux; Android 12; SAMSUNG SM-A715F) AppleWebKit/537.36 (KHTML, like Gecko) SamsungBrowser/17.0 Chrome/96.0.4664.104 Mobile Safari/537.36"
88.155.59.55 - - [02/Jul/2022:20:03:40 +0000] "GET /admin HTTP/1.1" 200 25169 "http://odessa-as-is-base.od.ua/admin/auth/login" "Mozilla/5.0 (Linux; Android 12; SAMSUNG SM-A715F) AppleWebKit/537.36 (KHTML, like Gecko) SamsungBrowser/17.0 Chrome/96.0.4664.104 Mobile Safari/537.36"
88.155.59.55 - - [02/Jul/2022:20:03:45 +0000] "GET /admin/grannies?_pjax=%23pjax-container HTTP/1.1" 200 297713 "http://odessa-as-is-base.od.ua/admin" "Mozilla/5.0 (Linux; Android 12; SAMSUNG SM-A715F) AppleWebKit/537.36 (KHTML, like Gecko) SamsungBrowser/17.0 Chrome/96.0.4664.104 Mobile Safari/537.36"
185.254.196.223 - - [02/Jul/2022:20:04:28 +0000] "GET /.env HTTP/1.1" 404 6628 "-" "Mozilla/5.0 (X11; Linux x86_64) AppleWebKit/537.36 (KHTML, like Gecko) Chrome/81.0.4044.129 Safari/537.36"
185.254.196.223 - - [02/Jul/2022:20:04:29 +0000] "POST / HTTP/1.1" 405 573397 "-" "Mozilla/5.0 (X11; Linux x86_64) AppleWebKit/537.36 (KHTML, like Gecko) Chrome/81.0.4044.129 Safari/537.36"
88.155.59.55 - - [02/Jul/2022:20:08:23 +0000] "GET /admin?_pjax=%23pjax-container HTTP/1.1" 200 3627 "http://odessa-as-is-base.od.ua/admin" "Mozilla/5.0 (Linux; Android 12; SAMSUNG SM-A715F) AppleWebKit/537.36 (KHTML, like Gecko) SamsungBrowser/17.0 Chrome/96.0.4664.104 Mobile Safari/537.36"
88.155.59.55 - - [02/Jul/2022:20:08:25 +0000] "GET /admin/stocks?_pjax=%23pjax-container HTTP/1.1" 200 16759 "http://odessa-as-is-base.od.ua/admin" "Mozilla/5.0 (Linux; Android 12; SAMSUNG SM-A715F) AppleWebKit/537.36 (KHTML, like Gecko) SamsungBrowser/17.0 Chrome/96.0.4664.104 Mobile Safari/537.36"
176.97.63.206 - - [02/Jul/2022:20:08:30 +0000] "GET /admin/volunteer-categories?_pjax=%23pjax-container HTTP/1.1" 200 5550 "http://odessa-as-is-base.od.ua/admin/grannies" "Mozilla/5.0 (X11; Linux x86_64) AppleWebKit/537.36 (KHTML, like Gecko) Chrome/103.0.5060.53 Safari/537.36"
176.97.63.206 - - [02/Jul/2022:20:08:32 +0000] "GET /admin/destitute-categories?_pjax=%23pjax-container HTTP/1.1" 200 8836 "http://odessa-as-is-base.od.ua/admin/volunteer-categories" "Mozilla/5.0 (X11; Linux x86_64) AppleWebKit/537.36 (KHTML, like Gecko) Chrome/103.0.5060.53 Safari/537.36"
88.155.59.55 - - [02/Jul/2022:20:08:38 +0000] "GET /admin?_pjax=%23pjax-container HTTP/1.1" 200 3627 "http://odessa-as-is-base.od.ua/admin" "Mozilla/5.0 (Linux; Android 12; SAMSUNG SM-A715F) AppleWebKit/537.36 (KHTML, like Gecko) SamsungBrowser/17.0 Chrome/96.0.4664.104 Mobile Safari/537.36"
176.97.63.206 - - [02/Jul/2022:20:08:39 +0000] "GET /admin/volunteer-categories?_pjax=%23pjax-container HTTP/1.1" 200 5550 "http://odessa-as-is-base.od.ua/admin/destitute-categories" "Mozilla/5.0 (X11; Linux x86_64) AppleWebKit/537.36 (KHTML, like Gecko) Chrome/103.0.5060.53 Safari/537.36"
88.155.59.55 - - [02/Jul/2022:20:08:40 +0000] "GET /admin/volunteers?_pjax=%23pjax-container HTTP/1.1" 200 24740 "http://odessa-as-is-base.od.ua/admin" "Mozilla/5.0 (Linux; Android 12; SAMSUNG SM-A715F) AppleWebKit/537.36 (KHTML, like Gecko) SamsungBrowser/17.0 Chrome/96.0.4664.104 Mobile Safari/537.36"
88.155.59.55 - - [02/Jul/2022:20:08:45 +0000] "GET /admin?_pjax=%23pjax-container HTTP/1.1" 200 3627 "http://odessa-as-is-base.od.ua/admin" "Mozilla/5.0 (Linux; Android 12; SAMSUNG SM-A715F) AppleWebKit/537.36 (KHTML, like Gecko) SamsungBrowser/17.0 Chrome/96.0.4664.104 Mobile Safari/537.36"
88.155.59.55 - - [02/Jul/2022:20:08:47 +0000] "GET /admin/stocks?_pjax=%23pjax-container HTTP/1.1" 200 16759 "http://odessa-as-is-base.od.ua/admin" "Mozilla/5.0 (Linux; Android 12; SAMSUNG SM-A715F) AppleWebKit/537.36 (KHTML, like Gecko) SamsungBrowser/17.0 Chrome/96.0.4664.104 Mobile Safari/537.36"
176.97.63.206 - - [02/Jul/2022:20:08:47 +0000] "GET /admin/destitute-categories?_pjax=%23pjax-container HTTP/1.1" 200 8836 "http://odessa-as-is-base.od.ua/admin/volunteer-categories" "Mozilla/5.0 (X11; Linux x86_64) AppleWebKit/537.36 (KHTML, like Gecko) Chrome/103.0.5060.53 Safari/537.36"
88.155.59.55 - - [02/Jul/2022:20:08:52 +0000] "GET /admin?_pjax=%23pjax-container HTTP/1.1" 200 3627 "http://odessa-as-is-base.od.ua/admin" "Mozilla/5.0 (Linux; Android 12; SAMSUNG SM-A715F) AppleWebKit/537.36 (KHTML, like Gecko) SamsungBrowser/17.0 Chrome/96.0.4664.104 Mobile Safari/537.36"
88.155.59.55 - - [02/Jul/2022:20:08:55 +0000] "GET /admin/grannies?_pjax=%23pjax-container HTTP/1.1" 200 297713 "http://odessa-as-is-base.od.ua/admin" "Mozilla/5.0 (Linux; Android 12; SAMSUNG SM-A715F) AppleWebKit/537.36 (KHTML, like Gecko) SamsungBrowser/17.0 Chrome/96.0.4664.104 Mobile Safari/537.36"
176.97.63.206 - - [02/Jul/2022:20:09:00 +0000] "GET /admin/destitute-categories/create?_pjax=%23pjax-container HTTP/1.1" 200 3985 "http://odessa-as-is-base.od.ua/admin/destitute-categories" "Mozilla/5.0 (X11; Linux x86_64) AppleWebKit/537.36 (KHTML, like Gecko) Chrome/103.0.5060.53 Safari/537.36"
176.97.63.206 - - [02/Jul/2022:20:09:11 +0000] "POST /admin/destitute-categories HTTP/1.1" 302 486 "http://odessa-as-is-base.od.ua/admin/destitute-categories/create" "Mozilla/5.0 (X11; Linux x86_64) AppleWebKit/537.36 (KHTML, like Gecko) Chrome/103.0.5060.53 Safari/537.36"
176.97.63.206 - - [02/Jul/2022:20:09:11 +0000] "GET /admin/destitute-categories HTTP/1.1" 200 9378 "http://odessa-as-is-base.od.ua/admin/destitute-categories/create" "Mozilla/5.0 (X11; Linux x86_64) AppleWebKit/537.36 (KHTML, like Gecko) Chrome/103.0.5060.53 Safari/537.36"
176.97.63.206 - - [02/Jul/2022:20:09:15 +0000] "POST /admin/destitute-categories HTTP/1.1" 200 150 "http://odessa-as-is-base.od.ua/admin/destitute-categories" "Mozilla/5.0 (X11; Linux x86_64) AppleWebKit/537.36 (KHTML, like Gecko) Chrome/103.0.5060.53 Safari/537.36"
176.97.63.206 - - [02/Jul/2022:20:09:15 +0000] "GET /admin/destitute-categories?_pjax=%23pjax-container HTTP/1.1" 200 9310 "http://odessa-as-is-base.od.ua/admin/destitute-categories" "Mozilla/5.0 (X11; Linux x86_64) AppleWebKit/537.36 (KHTML, like Gecko) Chrome/103.0.5060.53 Safari/537.36"
88.155.59.55 - - [02/Jul/2022:20:09:20 +0000] "GET /admin/grannies HTTP/1.1" 200 318794 "http://odessa-as-is-base.od.ua/admin/auth/login" "Mozilla/5.0 (Linux; Android 12; SAMSUNG SM-A715F) AppleWebKit/537.36 (KHTML, like Gecko) SamsungBrowser/17.0 Chrome/96.0.4664.104 Mobile Safari/537.36"
88.155.59.55 - - [02/Jul/2022:20:09:34 +0000] "GET /admin?_pjax=%23pjax-container HTTP/1.1" 200 3627 "http://odessa-as-is-base.od.ua/admin" "Mozilla/5.0 (Linux; Android 12; SAMSUNG SM-A715F) AppleWebKit/537.36 (KHTML, like Gecko) SamsungBrowser/17.0 Chrome/96.0.4664.104 Mobile Safari/537.36"
88.155.59.55 - - [02/Jul/2022:20:09:37 +0000] "GET /admin/grannies?_pjax=%23pjax-container HTTP/1.1" 200 298133 "http://odessa-as-is-base.od.ua/admin" "Mozilla/5.0 (Linux; Android 12; SAMSUNG SM-A715F) AppleWebKit/537.36 (KHTML, like Gecko) SamsungBrowser/17.0 Chrome/96.0.4664.104 Mobile Safari/537.36"
104.217.249.182 - - [02/Jul/2022:20:09:37 +0000] "POST /boaform/admin/formLogin HTTP/1.1" 404 6628 "http://159.223.227.144:80/admin/login.asp" "Mozilla/5.0 (X11; Ubuntu; Linux x86_64; rv:71.0) Gecko/20100101 Firefox/71.0"
104.217.249.182 - - [02/Jul/2022:20:09:38 +0000] "" 400 0 "-" "-"
88.155.59.55 - - [02/Jul/2022:20:09:47 +0000] "GET /admin/grannies HTTP/1.1" 200 318794 "http://odessa-as-is-base.od.ua/admin/auth/login" "Mozilla/5.0 (Linux; Android 12; SAMSUNG SM-A715F) AppleWebKit/537.36 (KHTML, like Gecko) SamsungBrowser/17.0 Chrome/96.0.4664.104 Mobile Safari/537.36"
88.155.59.55 - - [02/Jul/2022:20:10:07 +0000] "GET /admin/destitute-categories?_pjax=%23pjax-container HTTP/1.1" 200 9310 "http://odessa-as-is-base.od.ua/admin/grannies" "Mozilla/5.0 (Linux; Android 12; SAMSUNG SM-A715F) AppleWebKit/537.36 (KHTML, like Gecko) SamsungBrowser/17.0 Chrome/96.0.4664.104 Mobile Safari/537.36"
79.64.17.95 - - [02/Jul/2022:20:10:11 +0000] "GET / HTTP/1.1" 302 370 "-" "Mozilla/5.0 (Windows NT 10.0; WOW64) AppleWebKit/537.36 (KHTML, like Gecko) Chrome/51.0.2704.103 Safari/537.36"
176.97.63.206 - - [02/Jul/2022:20:10:31 +0000] "POST /admin/destitute-categories/14 HTTP/1.1" 200 125 "http://odessa-as-is-base.od.ua/admin/destitute-categories" "Mozilla/5.0 (X11; Linux x86_64) AppleWebKit/537.36 (KHTML, like Gecko) Chrome/103.0.5060.53 Safari/537.36"
176.97.63.206 - - [02/Jul/2022:20:10:31 +0000] "GET /admin/destitute-categories?_pjax=%23pjax-container HTTP/1.1" 200 8836 "http://odessa-as-is-base.od.ua/admin/destitute-categories" "Mozilla/5.0 (X11; Linux x86_64) AppleWebKit/537.36 (KHTML, like Gecko) Chrome/103.0.5060.53 Safari/537.36"
176.97.63.206 - - [02/Jul/2022:20:10:44 +0000] "GET /admin/volunteers?_pjax=%23pjax-container HTTP/1.1" 200 24740 "http://odessa-as-is-base.od.ua/admin/destitute-categories" "Mozilla/5.0 (X11; Linux x86_64) AppleWebKit/537.36 (KHTML, like Gecko) Chrome/103.0.5060.53 Safari/537.36"
88.155.59.55 - - [02/Jul/2022:20:10:46 +0000] "GET /admin/destitute-categories?_pjax=%23pjax-container HTTP/1.1" 200 8836 "http://odessa-as-is-base.od.ua/admin/destitute-categories" "Mozilla/5.0 (Linux; Android 12; SAMSUNG SM-A715F) AppleWebKit/537.36 (KHTML, like Gecko) SamsungBrowser/17.0 Chrome/96.0.4664.104 Mobile Safari/537.36"
88.155.59.55 - - [02/Jul/2022:20:10:48 +0000] "GET /admin/volunteer-categories?_pjax=%23pjax-container HTTP/1.1" 200 5550 "http://odessa-as-is-base.od.ua/admin/destitute-categories" "Mozilla/5.0 (Linux; Android 12; SAMSUNG SM-A715F) AppleWebKit/537.36 (KHTML, like Gecko) SamsungBrowser/17.0 Chrome/96.0.4664.104 Mobile Safari/537.36"
88.155.59.55 - - [02/Jul/2022:20:10:52 +0000] "GET /admin/volunteers?_pjax=%23pjax-container HTTP/1.1" 200 24740 "http://odessa-as-is-base.od.ua/admin/volunteer-categories" "Mozilla/5.0 (Linux; Android 12; SAMSUNG SM-A715F) AppleWebKit/537.36 (KHTML, like Gecko) SamsungBrowser/17.0 Chrome/96.0.4664.104 Mobile Safari/537.36"
88.155.59.55 - - [02/Jul/2022:20:11:23 +0000] "GET /admin/volunteers?_pjax=%23pjax-container HTTP/1.1" 200 24740 "http://odessa-as-is-base.od.ua/admin/volunteers" "Mozilla/5.0 (Linux; Android 12; SAMSUNG SM-A715F) AppleWebKit/537.36 (KHTML, like Gecko) SamsungBrowser/17.0 Chrome/96.0.4664.104 Mobile Safari/537.36"
88.155.59.55 - - [02/Jul/2022:20:11:48 +0000] "GET /admin/volunteers?_pjax=%23pjax-container HTTP/1.1" 200 24740 "http://odessa-as-is-base.od.ua/admin/volunteers" "Mozilla/5.0 (Linux; Android 12; SAMSUNG SM-A715F) AppleWebKit/537.36 (KHTML, like Gecko) SamsungBrowser/17.0 Chrome/96.0.4664.104 Mobile Safari/537.36"
88.155.59.55 - - [02/Jul/2022:20:12:10 +0000] "GET /admin/stocks?_pjax=%23pjax-container HTTP/1.1" 200 16759 "http://odessa-as-is-base.od.ua/admin/volunteers" "Mozilla/5.0 (Linux; Android 12; SAMSUNG SM-A715F) AppleWebKit/537.36 (KHTML, like Gecko) SamsungBrowser/17.0 Chrome/96.0.4664.104 Mobile Safari/537.36"
88.155.59.55 - - [02/Jul/2022:20:12:17 +0000] "GET /admin/volunteers?_pjax=%23pjax-container HTTP/1.1" 200 24740 "http://odessa-as-is-base.od.ua/admin/volunteers" "Mozilla/5.0 (Linux; Android 12; SAMSUNG SM-A715F) AppleWebKit/537.36 (KHTML, like Gecko) SamsungBrowser/17.0 Chrome/96.0.4664.104 Mobile Safari/537.36"
176.97.63.206 - - [02/Jul/2022:20:12:20 +0000] "GET /admin/stocks?_pjax=%23pjax-container HTTP/1.1" 200 16759 "http://odessa-as-is-base.od.ua/admin/volunteers" "Mozilla/5.0 (X11; Linux x86_64) AppleWebKit/537.36 (KHTML, like Gecko) Chrome/103.0.5060.53 Safari/537.36"
88.155.59.55 - - [02/Jul/2022:20:14:29 +0000] "GET /admin/stocks?_pjax=%23pjax-container HTTP/1.1" 200 16759 "http://odessa-as-is-base.od.ua/admin/volunteers" "Mozilla/5.0 (Linux; Android 12; SAMSUNG SM-A715F) AppleWebKit/537.36 (KHTML, like Gecko) SamsungBrowser/17.0 Chrome/96.0.4664.104 Mobile Safari/537.36"
176.97.63.206 - - [02/Jul/2022:20:14:30 +0000] "GET /admin/stocks HTTP/1.1" 200 37835 "http://odessa-as-is-base.od.ua/admin/auth/login" "Mozilla/5.0 (X11; Linux x86_64) AppleWebKit/537.36 (KHTML, like Gecko) Chrome/103.0.5060.53 Safari/537.36"
176.97.63.206 - - [02/Jul/2022:20:14:31 +0000] "GET /admin/stocks HTTP/1.1" 200 37835 "http://odessa-as-is-base.od.ua/admin/auth/login" "Mozilla/5.0 (X11; Linux x86_64) AppleWebKit/537.36 (KHTML, like Gecko) Chrome/103.0.5060.53 Safari/537.36"
176.97.63.206 - - [02/Jul/2022:20:14:32 +0000] "GET /admin/stocks HTTP/1.1" 200 37835 "http://odessa-as-is-base.od.ua/admin/auth/login" "Mozilla/5.0 (X11; Linux x86_64) AppleWebKit/537.36 (KHTML, like Gecko) Chrome/103.0.5060.53 Safari/537.36"
176.97.63.206 - - [02/Jul/2022:20:14:32 +0000] "GET /css/app.css HTTP/1.1" 200 149 "http://odessa-as-is-base.od.ua/admin/stocks" "Mozilla/5.0 (X11; Linux x86_64) AppleWebKit/537.36 (KHTML, like Gecko) Chrome/103.0.5060.53 Safari/537.36"
176.97.63.206 - - [02/Jul/2022:20:14:32 +0000] "GET /vendor/laravel-admin/AdminLTE/plugins/iCheck/all.css HTTP/1.1" 200 1568 "http://odessa-as-is-base.od.ua/admin/stocks" "Mozilla/5.0 (X11; Linux x86_64) AppleWebKit/537.36 (KHTML, like Gecko) Chrome/103.0.5060.53 Safari/537.36"
176.97.63.206 - - [02/Jul/2022:20:14:32 +0000] "GET /vendor/laravel-admin/AdminLTE/plugins/colorpicker/bootstrap-colorpicker.min.css HTTP/1.1" 200 3318 "http://odessa-as-is-base.od.ua/admin/stocks" "Mozilla/5.0 (X11; Linux x86_64) AppleWebKit/537.36 (KHTML, like Gecko) Chrome/103.0.5060.53 Safari/537.36"
176.97.63.206 - - [02/Jul/2022:20:14:32 +0000] "GET /vendor/laravel-admin/eonasdan-bootstrap-datetimepicker/build/css/bootstrap-datetimepicker.min.css HTTP/1.1" 200 7771 "http://odessa-as-is-base.od.ua/admin/stocks" "Mozilla/5.0 (X11; Linux x86_64) AppleWebKit/537.36 (KHTML, like Gecko) Chrome/103.0.5060.53 Safari/537.36"
176.97.63.206 - - [02/Jul/2022:20:14:32 +0000] "GET /vendor/laravel-admin/flatpickr/dist/flatpickr.min.css HTTP/1.1" 200 16166 "http://odessa-as-is-base.od.ua/admin/stocks" "Mozilla/5.0 (X11; Linux x86_64) AppleWebKit/537.36 (KHTML, like Gecko) Chrome/103.0.5060.53 Safari/537.36"
176.97.63.206 - - [02/Jul/2022:20:14:32 +0000] "GET /vendor/laravel-admin/flatpickr/dist/shortcut-buttons-flatpickr/themes/light.min.css HTTP/1.1" 200 1027 "http://odessa-as-is-base.od.ua/admin/stocks" "Mozilla/5.0 (X11; Linux x86_64) AppleWebKit/537.36 (KHTML, like Gecko) Chrome/103.0.5060.53 Safari/537.36"
176.97.63.206 - - [02/Jul/2022:20:14:32 +0000] "GET /vendor/laravel-admin/bootstrap-fileinput/css/fileinput.min.css?v=4.5.2 HTTP/1.1" 200 8626 "http://odessa-as-is-base.od.ua/admin/stocks" "Mozilla/5.0 (X11; Linux x86_64) AppleWebKit/537.36 (KHTML, like Gecko) Chrome/103.0.5060.53 Safari/537.36"
176.97.63.206 - - [02/Jul/2022:20:14:32 +0000] "GET /vendor/laravel-admin/AdminLTE/plugins/select2/select2.min.css HTTP/1.1" 200 15196 "http://odessa-as-is-base.od.ua/admin/stocks" "Mozilla/5.0 (X11; Linux x86_64) AppleWebKit/537.36 (KHTML, like Gecko) Chrome/103.0.5060.53 Safari/537.36"
176.97.63.206 - - [02/Jul/2022:20:14:32 +0000] "GET /vendor/laravel-admin/AdminLTE/plugins/ionslider/ion.rangeSlider.css HTTP/1.1" 200 3186 "http://odessa-as-is-base.od.ua/admin/stocks" "Mozilla/5.0 (X11; Linux x86_64) AppleWebKit/537.36 (KHTML, like Gecko) Chrome/103.0.5060.53 Safari/537.36"
176.97.63.206 - - [02/Jul/2022:20:14:32 +0000] "GET /vendor/laravel-admin/AdminLTE/plugins/ionslider/ion.rangeSlider.skinNice.css HTTP/1.1" 200 1734 "http://odessa-as-is-base.od.ua/admin/stocks" "Mozilla/5.0 (X11; Linux x86_64) AppleWebKit/537.36 (KHTML, like Gecko) Chrome/103.0.5060.53 Safari/537.36"
176.97.63.206 - - [02/Jul/2022:20:14:32 +0000] "GET /vendor/laravel-admin/bootstrap-switch/dist/css/bootstrap3/bootstrap-switch.min.css HTTP/1.1" 200 6255 "http://odessa-as-is-base.od.ua/admin/stocks" "Mozilla/5.0 (X11; Linux x86_64) AppleWebKit/537.36 (KHTML, like Gecko) Chrome/103.0.5060.53 Safari/537.36"
176.97.63.206 - - [02/Jul/2022:20:14:32 +0000] "GET /vendor/laravel-admin/fontawesome-iconpicker/dist/css/fontawesome-iconpicker.min.css HTTP/1.1" 200 6166 "http://odessa-as-is-base.od.ua/admin/stocks" "Mozilla/5.0 (X11; Linux x86_64) AppleWebKit/537.36 (KHTML, like Gecko) Chrome/103.0.5060.53 Safari/537.36"
176.97.63.206 - - [02/Jul/2022:20:14:32 +0000] "GET /vendor/laravel-admin/bootstrap-duallistbox/dist/bootstrap-duallistbox.min.css HTTP/1.1" 200 1785 "http://odessa-as-is-base.od.ua/admin/stocks" "Mozilla/5.0 (X11; Linux x86_64) AppleWebKit/537.36 (KHTML, like Gecko) Chrome/103.0.5060.53 Safari/537.36"
88.155.59.55 - - [02/Jul/2022:20:14:32 +0000] "GET /admin/stocks?_pjax=%23pjax-container HTTP/1.1" 200 16759 "http://odessa-as-is-base.od.ua/admin/stocks" "Mozilla/5.0 (Linux; Android 12; SAMSUNG SM-A715F) AppleWebKit/537.36 (KHTML, like Gecko) SamsungBrowser/17.0 Chrome/96.0.4664.104 Mobile Safari/537.36"
176.97.63.206 - - [02/Jul/2022:20:14:32 +0000] "GET /vendor/laravel-admin/AdminLTE/dist/css/skins/skin-blue-light.min.css HTTP/1.1" 200 3996 "http://odessa-as-is-base.od.ua/admin/stocks" "Mozilla/5.0 (X11; Linux x86_64) AppleWebKit/537.36 (KHTML, like Gecko) Chrome/103.0.5060.53 Safari/537.36"
176.97.63.206 - - [02/Jul/2022:20:14:32 +0000] "GET /vendor/laravel-admin/font-awesome/css/font-awesome.min.css HTTP/1.1" 200 31000 "http://odessa-as-is-base.od.ua/admin/stocks" "Mozilla/5.0 (X11; Linux x86_64) AppleWebKit/537.36 (KHTML, like Gecko) Chrome/103.0.5060.53 Safari/537.36"
176.97.63.206 - - [02/Jul/2022:20:14:32 +0000] "GET /vendor/laravel-admin/laravel-admin/laravel-admin.css HTTP/1.1" 200 1613 "http://odessa-as-is-base.od.ua/admin/stocks" "Mozilla/5.0 (X11; Linux x86_64) AppleWebKit/537.36 (KHTML, like Gecko) Chrome/103.0.5060.53 Safari/537.36"
176.97.63.206 - - [02/Jul/2022:20:14:32 +0000] "GET /vendor/laravel-admin/nprogress/nprogress.css HTTP/1.1" 200 1461 "http://odessa-as-is-base.od.ua/admin/stocks" "Mozilla/5.0 (X11; Linux x86_64) AppleWebKit/537.36 (KHTML, like Gecko) Chrome/103.0.5060.53 Safari/537.36"
176.97.63.206 - - [02/Jul/2022:20:14:32 +0000] "GET /vendor/laravel-admin/sweetalert2/dist/sweetalert2.css HTTP/1.1" 200 34759 "http://odessa-as-is-base.od.ua/admin/stocks" "Mozilla/5.0 (X11; Linux x86_64) AppleWebKit/537.36 (KHTML, like Gecko) Chrome/103.0.5060.53 Safari/537.36"
176.97.63.206 - - [02/Jul/2022:20:14:32 +0000] "GET /vendor/laravel-admin/nestable/nestable.css HTTP/1.1" 200 1541 "http://odessa-as-is-base.od.ua/admin/stocks" "Mozilla/5.0 (X11; Linux x86_64) AppleWebKit/537.36 (KHTML, like Gecko) Chrome/103.0.5060.53 Safari/537.36"
176.97.63.206 - - [02/Jul/2022:20:14:32 +0000] "GET /vendor/laravel-admin/AdminLTE/bootstrap/css/bootstrap.min.css HTTP/1.1" 200 124702 "http://odessa-as-is-base.od.ua/admin/stocks" "Mozilla/5.0 (X11; Linux x86_64) AppleWebKit/537.36 (KHTML, like Gecko) Chrome/103.0.5060.53 Safari/537.36"
176.97.63.206 - - [02/Jul/2022:20:14:32 +0000] "GET /vendor/laravel-admin/toastr/build/toastr.min.css HTTP/1.1" 200 6454 "http://odessa-as-is-base.od.ua/admin/stocks" "Mozilla/5.0 (X11; Linux x86_64) AppleWebKit/537.36 (KHTML, like Gecko) Chrome/103.0.5060.53 Safari/537.36"
176.97.63.206 - - [02/Jul/2022:20:14:32 +0000] "GET /vendor/laravel-admin/bootstrap3-editable/css/bootstrap-editable.css HTTP/1.1" 200 21202 "http://odessa-as-is-base.od.ua/admin/stocks" "Mozilla/5.0 (X11; Linux x86_64) AppleWebKit/537.36 (KHTML, like Gecko) Chrome/103.0.5060.53 Safari/537.36"
176.97.63.206 - - [02/Jul/2022:20:14:32 +0000] "GET /vendor/laravel-admin/google-fonts/fonts.css HTTP/1.1" 200 2526 "http://odessa-as-is-base.od.ua/admin/stocks" "Mozilla/5.0 (X11; Linux x86_64) AppleWebKit/537.36 (KHTML, like Gecko) Chrome/103.0.5060.53 Safari/537.36"
176.97.63.206 - - [02/Jul/2022:20:14:32 +0000] "GET /vendor/laravel-admin/AdminLTE/plugins/iCheck/minimal/_all.css HTTP/1.1" 200 14176 "http://odessa-as-is-base.od.ua/vendor/laravel-admin/AdminLTE/plugins/iCheck/all.css" "Mozilla/5.0 (X11; Linux x86_64) AppleWebKit/537.36 (KHTML, like Gecko) Chrome/103.0.5060.53 Safari/537.36"
176.97.63.206 - - [02/Jul/2022:20:14:32 +0000] "GET /vendor/laravel-admin/AdminLTE/plugins/iCheck/square/_all.css HTTP/1.1" 200 15591 "http://odessa-as-is-base.od.ua/vendor/laravel-admin/AdminLTE/plugins/iCheck/all.css" "Mozilla/5.0 (X11; Linux x86_64) AppleWebKit/537.36 (KHTML, like Gecko) Chrome/103.0.5060.53 Safari/537.36"
176.97.63.206 - - [02/Jul/2022:20:14:32 +0000] "GET /vendor/laravel-admin/AdminLTE/plugins/iCheck/flat/_all.css HTTP/1.1" 200 13773 "http://odessa-as-is-base.od.ua/vendor/laravel-admin/AdminLTE/plugins/iCheck/all.css" "Mozilla/5.0 (X11; Linux x86_64) AppleWebKit/537.36 (KHTML, like Gecko) Chrome/103.0.5060.53 Safari/537.36"
176.97.63.206 - - [02/Jul/2022:20:14:32 +0000] "GET /vendor/laravel-admin/AdminLTE/plugins/iCheck/line/_all.css HTTP/1.1" 200 21689 "http://odessa-as-is-base.od.ua/vendor/laravel-admin/AdminLTE/plugins/iCheck/all.css" "Mozilla/5.0 (X11; Linux x86_64) AppleWebKit/537.36 (KHTML, like Gecko) Chrome/103.0.5060.53 Safari/537.36"
176.97.63.206 - - [02/Jul/2022:20:14:32 +0000] "GET /vendor/laravel-admin/AdminLTE/plugins/iCheck/polaris/polaris.css HTTP/1.1" 200 1557 "http://odessa-as-is-base.od.ua/vendor/laravel-admin/AdminLTE/plugins/iCheck/all.css" "Mozilla/5.0 (X11; Linux x86_64) AppleWebKit/537.36 (KHTML, like Gecko) Chrome/103.0.5060.53 Safari/537.36"
176.97.63.206 - - [02/Jul/2022:20:14:32 +0000] "GET /vendor/laravel-admin/AdminLTE/dist/css/AdminLTE.min.css HTTP/1.1" 200 91082 "http://odessa-as-is-base.od.ua/admin/stocks" "Mozilla/5.0 (X11; Linux x86_64) AppleWebKit/537.36 (KHTML, like Gecko) Chrome/103.0.5060.53 Safari/537.36"
176.97.63.206 - - [02/Jul/2022:20:14:32 +0000] "GET /vendor/laravel-admin/AdminLTE/plugins/iCheck/futurico/futurico.css HTTP/1.1" 200 1421 "http://odessa-as-is-base.od.ua/vendor/laravel-admin/AdminLTE/plugins/iCheck/all.css" "Mozilla/5.0 (X11; Linux x86_64) AppleWebKit/537.36 (KHTML, like Gecko) Chrome/103.0.5060.53 Safari/537.36"
176.97.63.206 - - [02/Jul/2022:20:14:32 +0000] "GET /vendor/laravel-admin/AdminLTE/plugins/jQuery/jQuery-2.1.4.min.js HTTP/1.1" 200 84345 "http://odessa-as-is-base.od.ua/admin/stocks" "Mozilla/5.0 (X11; Linux x86_64) AppleWebKit/537.36 (KHTML, like Gecko) Chrome/103.0.5060.53 Safari/537.36"
176.97.63.206 - - [02/Jul/2022:20:14:32 +0000] "GET /vendor/laravel-admin/AdminLTE/bootstrap/js/bootstrap.min.js HTTP/1.1" 200 35951 "http://odessa-as-is-base.od.ua/admin/stocks" "Mozilla/5.0 (X11; Linux x86_64) AppleWebKit/537.36 (KHTML, like Gecko) Chrome/103.0.5060.53 Safari/537.36"
176.97.63.206 - - [02/Jul/2022:20:14:32 +0000] "GET /vendor/laravel-admin/AdminLTE/plugins/slimScroll/jquery.slimscroll.min.js HTTP/1.1" 200 4872 "http://odessa-as-is-base.od.ua/admin/stocks" "Mozilla/5.0 (X11; Linux x86_64) AppleWebKit/537.36 (KHTML, like Gecko) Chrome/103.0.5060.53 Safari/537.36"
176.97.63.206 - - [02/Jul/2022:20:14:32 +0000] "GET /vendor/laravel-admin/AdminLTE/dist/js/app.min.js HTTP/1.1" 200 9684 "http://odessa-as-is-base.od.ua/admin/stocks" "Mozilla/5.0 (X11; Linux x86_64) AppleWebKit/537.36 (KHTML, like Gecko) Chrome/103.0.5060.53 Safari/537.36"
176.97.63.206 - - [02/Jul/2022:20:14:32 +0000] "GET /vendor/laravel-admin/toastr/build/toastr.min.js HTTP/1.1" 200 5216 "http://odessa-as-is-base.od.ua/admin/stocks" "Mozilla/5.0 (X11; Linux x86_64) AppleWebKit/537.36 (KHTML, like Gecko) Chrome/103.0.5060.53 Safari/537.36"
176.97.63.206 - - [02/Jul/2022:20:14:32 +0000] "GET /vendor/laravel-admin/jquery-pjax/jquery.pjax.js HTTP/1.1" 200 26611 "http://odessa-as-is-base.od.ua/admin/stocks" "Mozilla/5.0 (X11; Linux x86_64) AppleWebKit/537.36 (KHTML, like Gecko) Chrome/103.0.5060.53 Safari/537.36"
176.97.63.206 - - [02/Jul/2022:20:14:32 +0000] "GET /vendor/laravel-admin/nprogress/nprogress.js HTTP/1.1" 200 11565 "http://odessa-as-is-base.od.ua/admin/stocks" "Mozilla/5.0 (X11; Linux x86_64) AppleWebKit/537.36 (KHTML, like Gecko) Chrome/103.0.5060.53 Safari/537.36"
176.97.63.206 - - [02/Jul/2022:20:14:32 +0000] "GET /vendor/laravel-admin/nestable/jquery.nestable.js HTTP/1.1" 200 17600 "http://odessa-as-is-base.od.ua/admin/stocks" "Mozilla/5.0 (X11; Linux x86_64) AppleWebKit/537.36 (KHTML, like Gecko) Chrome/103.0.5060.53 Safari/537.36"
176.97.63.206 - - [02/Jul/2022:20:14:32 +0000] "GET /vendor/laravel-admin/font-awesome/fonts/fontawesome-webfont.woff2?v=4.7.0 HTTP/1.1" 200 77160 "http://odessa-as-is-base.od.ua/vendor/laravel-admin/font-awesome/css/font-awesome.min.css" "Mozilla/5.0 (X11; Linux x86_64) AppleWebKit/537.36 (KHTML, like Gecko) Chrome/103.0.5060.53 Safari/537.36"
176.97.63.206 - - [02/Jul/2022:20:14:32 +0000] "GET /vendor/laravel-admin/bootstrap3-editable/js/bootstrap-editable.min.js HTTP/1.1" 200 75909 "http://odessa-as-is-base.od.ua/admin/stocks" "Mozilla/5.0 (X11; Linux x86_64) AppleWebKit/537.36 (KHTML, like Gecko) Chrome/103.0.5060.53 Safari/537.36"
176.97.63.206 - - [02/Jul/2022:20:14:32 +0000] "GET /vendor/laravel-admin/sweetalert2/dist/sweetalert2.min.js HTTP/1.1" 200 34564 "http://odessa-as-is-base.od.ua/admin/stocks" "Mozilla/5.0 (X11; Linux x86_64) AppleWebKit/537.36 (KHTML, like Gecko) Chrome/103.0.5060.53 Safari/537.36"
176.97.63.206 - - [02/Jul/2022:20:14:32 +0000] "GET /vendor/laravel-admin/laravel-admin/laravel-admin.js HTTP/1.1" 200 5144 "http://odessa-as-is-base.od.ua/admin/stocks" "Mozilla/5.0 (X11; Linux x86_64) AppleWebKit/537.36 (KHTML, like Gecko) Chrome/103.0.5060.53 Safari/537.36"
176.97.63.206 - - [02/Jul/2022:20:14:32 +0000] "GET /js/app.js HTTP/1.1" 200 91662 "http://odessa-as-is-base.od.ua/admin/stocks" "Mozilla/5.0 (X11; Linux x86_64) AppleWebKit/537.36 (KHTML, like Gecko) Chrome/103.0.5060.53 Safari/537.36"
176.97.63.206 - - [02/Jul/2022:20:14:32 +0000] "GET /vendor/laravel-admin/AdminLTE/plugins/iCheck/icheck.min.js HTTP/1.1" 200 4516 "http://odessa-as-is-base.od.ua/admin/stocks" "Mozilla/5.0 (X11; Linux x86_64) AppleWebKit/537.36 (KHTML, like Gecko) Chrome/103.0.5060.53 Safari/537.36"
176.97.63.206 - - [02/Jul/2022:20:14:32 +0000] "GET /vendor/laravel-admin/AdminLTE/plugins/colorpicker/bootstrap-colorpicker.min.js HTTP/1.1" 200 15528 "http://odessa-as-is-base.od.ua/admin/stocks" "Mozilla/5.0 (X11; Linux x86_64) AppleWebKit/537.36 (KHTML, like Gecko) Chrome/103.0.5060.53 Safari/537.36"
176.97.63.206 - - [02/Jul/2022:20:14:32 +0000] "GET /vendor/laravel-admin/AdminLTE/plugins/input-mask/jquery.inputmask.bundle.min.js HTTP/1.1" 200 69788 "http://odessa-as-is-base.od.ua/admin/stocks" "Mozilla/5.0 (X11; Linux x86_64) AppleWebKit/537.36 (KHTML, like Gecko) Chrome/103.0.5060.53 Safari/537.36"
176.97.63.206 - - [02/Jul/2022:20:14:32 +0000] "GET /vendor/laravel-admin/moment/min/moment-with-locales.min.js HTTP/1.1" 200 170649 "http://odessa-as-is-base.od.ua/admin/stocks" "Mozilla/5.0 (X11; Linux x86_64) AppleWebKit/537.36 (KHTML, like Gecko) Chrome/103.0.5060.53 Safari/537.36"
176.97.63.206 - - [02/Jul/2022:20:14:32 +0000] "GET /vendor/laravel-admin/eonasdan-bootstrap-datetimepicker/build/js/bootstrap-datetimepicker.min.js HTTP/1.1" 200 37955 "http://odessa-as-is-base.od.ua/admin/stocks" "Mozilla/5.0 (X11; Linux x86_64) AppleWebKit/537.36 (KHTML, like Gecko) Chrome/103.0.5060.53 Safari/537.36"
176.97.63.206 - - [02/Jul/2022:20:14:32 +0000] "GET /vendor/laravel-admin/flatpickr/dist/flatpickr.js HTTP/1.1" 200 50679 "http://odessa-as-is-base.od.ua/admin/stocks" "Mozilla/5.0 (X11; Linux x86_64) AppleWebKit/537.36 (KHTML, like Gecko) Chrome/103.0.5060.53 Safari/537.36"
176.97.63.206 - - [02/Jul/2022:20:14:32 +0000] "GET /vendor/laravel-admin/flatpickr/dist/shortcut-buttons-flatpickr/shortcut-buttons-flatpickr.min.js HTTP/1.1" 200 2058 "http://odessa-as-is-base.od.ua/admin/stocks" "Mozilla/5.0 (X11; Linux x86_64) AppleWebKit/537.36 (KHTML, like Gecko) Chrome/103.0.5060.53 Safari/537.36"
176.97.63.206 - - [02/Jul/2022:20:14:32 +0000] "GET /vendor/laravel-admin/flatpickr/dist/l10n/zh.js HTTP/1.1" 200 1810 "http://odessa-as-is-base.od.ua/admin/stocks" "Mozilla/5.0 (X11; Linux x86_64) AppleWebKit/537.36 (KHTML, like Gecko) Chrome/103.0.5060.53 Safari/537.36"
176.97.63.206 - - [02/Jul/2022:20:14:32 +0000] "GET /vendor/laravel-admin/bootstrap-fileinput/js/plugins/canvas-to-blob.min.js HTTP/1.1" 200 1027 "http://odessa-as-is-base.od.ua/admin/stocks" "Mozilla/5.0 (X11; Linux x86_64) AppleWebKit/537.36 (KHTML, like Gecko) Chrome/103.0.5060.53 Safari/537.36"
176.97.63.206 - - [02/Jul/2022:20:14:32 +0000] "GET /vendor/laravel-admin/bootstrap-fileinput/js/fileinput.min.js?v=4.5.2 HTTP/1.1" 200 96214 "http://odessa-as-is-base.od.ua/admin/stocks" "Mozilla/5.0 (X11; Linux x86_64) AppleWebKit/537.36 (KHTML, like Gecko) Chrome/103.0.5060.53 Safari/537.36"
176.97.63.206 - - [02/Jul/2022:20:14:32 +0000] "GET /vendor/laravel-admin/AdminLTE/plugins/select2/select2.full.min.js HTTP/1.1" 200 75005 "http://odessa-as-is-base.od.ua/admin/stocks" "Mozilla/5.0 (X11; Linux x86_64) AppleWebKit/537.36 (KHTML, like Gecko) Chrome/103.0.5060.53 Safari/537.36"
176.97.63.206 - - [02/Jul/2022:20:14:32 +0000] "GET /vendor/laravel-admin/number-input/bootstrap-number-input.js HTTP/1.1" 200 3458 "http://odessa-as-is-base.od.ua/admin/stocks" "Mozilla/5.0 (X11; Linux x86_64) AppleWebKit/537.36 (KHTML, like Gecko) Chrome/103.0.5060.53 Safari/537.36"
176.97.63.206 - - [02/Jul/2022:20:14:32 +0000] "GET /vendor/laravel-admin/AdminLTE/plugins/ionslider/ion.rangeSlider.min.js HTTP/1.1" 200 9720 "http://odessa-as-is-base.od.ua/admin/stocks" "Mozilla/5.0 (X11; Linux x86_64) AppleWebKit/537.36 (KHTML, like Gecko) Chrome/103.0.5060.53 Safari/537.36"
176.97.63.206 - - [02/Jul/2022:20:14:32 +0000] "GET /vendor/laravel-admin/bootstrap-switch/dist/js/bootstrap-switch.min.js HTTP/1.1" 200 15724 "http://odessa-as-is-base.od.ua/admin/stocks" "Mozilla/5.0 (X11; Linux x86_64) AppleWebKit/537.36 (KHTML, like Gecko) Chrome/103.0.5060.53 Safari/537.36"
176.97.63.206 - - [02/Jul/2022:20:14:32 +0000] "GET /vendor/laravel-admin/fontawesome-iconpicker/dist/js/fontawesome-iconpicker.min.js HTTP/1.1" 200 31024 "http://odessa-as-is-base.od.ua/admin/stocks" "Mozilla/5.0 (X11; Linux x86_64) AppleWebKit/537.36 (KHTML, like Gecko) Chrome/103.0.5060.53 Safari/537.36"
176.97.63.206 - - [02/Jul/2022:20:14:32 +0000] "GET /vendor/laravel-admin/bootstrap-fileinput/js/plugins/sortable.min.js?v=4.5.2 HTTP/1.1" 200 16187 "http://odessa-as-is-base.od.ua/admin/stocks" "Mozilla/5.0 (X11; Linux x86_64) AppleWebKit/537.36 (KHTML, like Gecko) Chrome/103.0.5060.53 Safari/537.36"
176.97.63.206 - - [02/Jul/2022:20:14:32 +0000] "GET /vendor/laravel-admin/AdminLTE/dist/img/user2-160x160.jpg HTTP/1.1" 200 7070 "http://odessa-as-is-base.od.ua/admin/stocks" "Mozilla/5.0 (X11; Linux x86_64) AppleWebKit/537.36 (KHTML, like Gecko) Chrome/103.0.5060.53 Safari/537.36"
176.97.63.206 - - [02/Jul/2022:20:14:32 +0000] "GET /vendor/laravel-admin/bootstrap-duallistbox/dist/jquery.bootstrap-duallistbox.min.js HTTP/1.1" 200 16011 "http://odessa-as-is-base.od.ua/admin/stocks" "Mozilla/5.0 (X11; Linux x86_64) AppleWebKit/537.36 (KHTML, like Gecko) Chrome/103.0.5060.53 Safari/537.36"
176.97.63.206 - - [02/Jul/2022:20:14:32 +0000] "GET /vendor/laravel-admin/AdminLTE/plugins/iCheck/minimal/blue.png HTTP/1.1" 200 1132 "http://odessa-as-is-base.od.ua/vendor/laravel-admin/AdminLTE/plugins/iCheck/minimal/_all.css" "Mozilla/5.0 (X11; Linux x86_64) AppleWebKit/537.36 (KHTML, like Gecko) Chrome/103.0.5060.53 Safari/537.36"
176.97.63.206 - - [02/Jul/2022:20:14:33 +0000] "GET /favicon.ico HTTP/1.1" 200 0 "http://odessa-as-is-base.od.ua/admin/stocks" "Mozilla/5.0 (X11; Linux x86_64) AppleWebKit/537.36 (KHTML, like Gecko) Chrome/103.0.5060.53 Safari/537.36"
88.155.59.55 - - [02/Jul/2022:20:15:04 +0000] "GET /admin/volunteers?_pjax=%23pjax-container HTTP/1.1" 200 24740 "http://odessa-as-is-base.od.ua/admin/stocks" "Mozilla/5.0 (Linux; Android 12; SAMSUNG SM-A715F) AppleWebKit/537.36 (KHTML, like Gecko) SamsungBrowser/17.0 Chrome/96.0.4664.104 Mobile Safari/537.36"
88.155.59.55 - - [02/Jul/2022:20:15:11 +0000] "GET /admin/grannies?_pjax=%23pjax-container HTTP/1.1" 200 297713 "http://odessa-as-is-base.od.ua/admin/volunteers" "Mozilla/5.0 (Linux; Android 12; SAMSUNG SM-A715F) AppleWebKit/537.36 (KHTML, like Gecko) SamsungBrowser/17.0 Chrome/96.0.4664.104 Mobile Safari/537.36"
88.155.59.55 - - [02/Jul/2022:20:15:22 +0000] "GET /admin/volunteers?_pjax=%23pjax-container HTTP/1.1" 200 24740 "http://odessa-as-is-base.od.ua/admin/volunteers" "Mozilla/5.0 (Linux; Android 12; SAMSUNG SM-A715F) AppleWebKit/537.36 (KHTML, like Gecko) SamsungBrowser/17.0 Chrome/96.0.4664.104 Mobile Safari/537.36"
88.155.59.55 - - [02/Jul/2022:20:15:30 +0000] "GET /admin/stocks?_pjax=%23pjax-container HTTP/1.1" 200 16759 "http://odessa-as-is-base.od.ua/admin/stocks" "Mozilla/5.0 (Linux; Android 12; SAMSUNG SM-A715F) AppleWebKit/537.36 (KHTML, like Gecko) SamsungBrowser/17.0 Chrome/96.0.4664.104 Mobile Safari/537.36"
88.155.59.55 - - [02/Jul/2022:20:15:39 +0000] "GET /admin/volunteer-categories?_pjax=%23pjax-container HTTP/1.1" 200 5550 "http://odessa-as-is-base.od.ua/admin/stocks" "Mozilla/5.0 (Linux; Android 12; SAMSUNG SM-A715F) AppleWebKit/537.36 (KHTML, like Gecko) SamsungBrowser/17.0 Chrome/96.0.4664.104 Mobile Safari/537.36"
88.155.59.55 - - [02/Jul/2022:20:15:46 +0000] "GET /admin/volunteer-categories HTTP/1.1" 200 26939 "http://odessa-as-is-base.od.ua/admin/auth/login" "Mozilla/5.0 (Linux; Android 12; SAMSUNG SM-A715F) AppleWebKit/537.36 (KHTML, like Gecko) SamsungBrowser/17.0 Chrome/96.0.4664.104 Mobile Safari/537.36"
88.155.59.55 - - [02/Jul/2022:20:15:50 +0000] "GET /admin/volunteer-categories HTTP/1.1" 200 26939 "http://odessa-as-is-base.od.ua/admin/auth/login" "Mozilla/5.0 (Linux; Android 12; SAMSUNG SM-A715F) AppleWebKit/537.36 (KHTML, like Gecko) SamsungBrowser/17.0 Chrome/96.0.4664.104 Mobile Safari/537.36"
88.155.59.55 - - [02/Jul/2022:20:15:52 +0000] "GET /admin/stocks?_pjax=%23pjax-container HTTP/1.1" 200 16759 "http://odessa-as-is-base.od.ua/admin/stocks" "Mozilla/5.0 (Linux; Android 12; SAMSUNG SM-A715F) AppleWebKit/537.36 (KHTML, like Gecko) SamsungBrowser/17.0 Chrome/96.0.4664.104 Mobile Safari/537.36"
88.155.59.55 - - [02/Jul/2022:20:15:54 +0000] "GET /admin/stocks HTTP/1.1" 200 37835 "http://odessa-as-is-base.od.ua/admin/auth/login" "Mozilla/5.0 (Linux; Android 12; SAMSUNG SM-A715F) AppleWebKit/537.36 (KHTML, like Gecko) SamsungBrowser/17.0 Chrome/96.0.4664.104 Mobile Safari/537.36"
88.155.59.55 - - [02/Jul/2022:20:15:57 +0000] "GET /admin/stocks?_pjax=%23pjax-container HTTP/1.1" 200 16759 "http://odessa-as-is-base.od.ua/admin/stocks" "Mozilla/5.0 (Linux; Android 12; SAMSUNG SM-A715F) AppleWebKit/537.36 (KHTML, like Gecko) SamsungBrowser/17.0 Chrome/96.0.4664.104 Mobile Safari/537.36"
