46.37.216.231 - - [08/Jun/2022:08:52:58 +0000] "GET /admin/grannies HTTP/1.1" 200 292272 "http://odessa-as-is-base.od.ua/admin/grannies/create" "Mozilla/5.0 (X11; Linux x86_64; rv:101.0) Gecko/20100101 Firefox/101.0"
46.37.216.231 - - [08/Jun/2022:08:53:03 +0000] "GET /admin/grannies/3923/print-pdf HTTP/1.1" 200 6549 "http://odessa-as-is-base.od.ua/admin/grannies" "Mozilla/5.0 (X11; Linux x86_64; rv:101.0) Gecko/20100101 Firefox/101.0"
46.37.216.231 - - [08/Jun/2022:08:53:06 +0000] "GET /admin/grannies/3923/print-pdf/skip_list HTTP/1.1" 200 6286 "http://odessa-as-is-base.od.ua/admin/grannies" "Mozilla/5.0 (X11; Linux x86_64; rv:101.0) Gecko/20100101 Firefox/101.0"
46.37.216.231 - - [08/Jun/2022:08:53:28 +0000] "GET /admin/grannies/create?_pjax=%23pjax-container HTTP/1.1" 200 19568 "http://odessa-as-is-base.od.ua/admin/grannies" "Mozilla/5.0 (X11; Linux x86_64; rv:101.0) Gecko/20100101 Firefox/101.0"
46.37.216.231 - - [08/Jun/2022:08:54:23 +0000] "POST /admin/grannies HTTP/1.1" 302 438 "http://odessa-as-is-base.od.ua/admin/grannies/create" "Mozilla/5.0 (X11; Linux x86_64; rv:101.0) Gecko/20100101 Firefox/101.0"
46.37.216.231 - - [08/Jun/2022:08:54:24 +0000] "GET /admin/grannies HTTP/1.1" 200 292372 "http://odessa-as-is-base.od.ua/admin/grannies/create" "Mozilla/5.0 (X11; Linux x86_64; rv:101.0) Gecko/20100101 Firefox/101.0"
31.210.107.202 - - [08/Jun/2022:08:54:31 +0000] "POST /admin/grannies HTTP/1.1" 302 438 "http://odessa-as-is-base.od.ua/admin/grannies/create" "Mozilla/5.0 (X11; Linux x86_64; rv:95.0) Gecko/20100101 Firefox/95.0"
31.210.107.202 - - [08/Jun/2022:08:54:33 +0000] "GET /admin/grannies HTTP/1.1" 200 292216 "http://odessa-as-is-base.od.ua/admin/grannies/create" "Mozilla/5.0 (X11; Linux x86_64; rv:95.0) Gecko/20100101 Firefox/95.0"
31.210.107.202 - - [08/Jun/2022:08:54:39 +0000] "GET /admin/grannies/3925/print-pdf HTTP/1.1" 200 6572 "http://odessa-as-is-base.od.ua/admin/grannies" "Mozilla/5.0 (X11; Linux x86_64; rv:95.0) Gecko/20100101 Firefox/95.0"
46.37.216.231 - - [08/Jun/2022:08:55:04 +0000] "GET /admin/grannies/3924/print-pdf HTTP/1.1" 200 6582 "http://odessa-as-is-base.od.ua/admin/grannies" "Mozilla/5.0 (X11; Linux x86_64; rv:101.0) Gecko/20100101 Firefox/101.0"
31.210.107.202 - - [08/Jun/2022:08:55:14 +0000] "GET /admin/grannies/3925/print-pdf/skip_list HTTP/1.1" 200 6309 "http://odessa-as-is-base.od.ua/admin/grannies" "Mozilla/5.0 (X11; Linux x86_64; rv:95.0) Gecko/20100101 Firefox/95.0"
46.37.216.231 - - [08/Jun/2022:08:55:15 +0000] "GET /admin/grannies/3924/print-pdf/skip_list HTTP/1.1" 200 6319 "http://odessa-as-is-base.od.ua/admin/grannies" "Mozilla/5.0 (X11; Linux x86_64; rv:101.0) Gecko/20100101 Firefox/101.0"
46.37.216.231 - - [08/Jun/2022:08:56:12 +0000] "GET /admin/grannies/create?_pjax=%23pjax-container HTTP/1.1" 200 19568 "http://odessa-as-is-base.od.ua/admin/grannies" "Mozilla/5.0 (X11; Linux x86_64; rv:101.0) Gecko/20100101 Firefox/101.0"
31.210.107.202 - - [08/Jun/2022:08:56:43 +0000] "GET /admin/grannies/create?_pjax=%23pjax-container HTTP/1.1" 200 19568 "http://odessa-as-is-base.od.ua/admin/grannies" "Mozilla/5.0 (X11; Linux x86_64; rv:95.0) Gecko/20100101 Firefox/95.0"
46.37.216.231 - - [08/Jun/2022:08:57:12 +0000] "POST /admin/grannies HTTP/1.1" 302 438 "http://odessa-as-is-base.od.ua/admin/grannies/create" "Mozilla/5.0 (X11; Linux x86_64; rv:101.0) Gecko/20100101 Firefox/101.0"
46.37.216.231 - - [08/Jun/2022:08:57:14 +0000] "GET /admin/grannies HTTP/1.1" 200 292294 "http://odessa-as-is-base.od.ua/admin/grannies/create" "Mozilla/5.0 (X11; Linux x86_64; rv:101.0) Gecko/20100101 Firefox/101.0"
46.37.216.231 - - [08/Jun/2022:08:57:19 +0000] "GET /admin/grannies/3926/print-pdf HTTP/1.1" 200 6558 "http://odessa-as-is-base.od.ua/admin/grannies" "Mozilla/5.0 (X11; Linux x86_64; rv:101.0) Gecko/20100101 Firefox/101.0"
46.37.216.231 - - [08/Jun/2022:08:57:22 +0000] "GET /admin/grannies/3926/print-pdf/skip_list HTTP/1.1" 200 6295 "http://odessa-as-is-base.od.ua/admin/grannies" "Mozilla/5.0 (X11; Linux x86_64; rv:101.0) Gecko/20100101 Firefox/101.0"
31.210.107.202 - - [08/Jun/2022:08:58:09 +0000] "POST /admin/grannies HTTP/1.1" 302 438 "http://odessa-as-is-base.od.ua/admin/grannies/create" "Mozilla/5.0 (X11; Linux x86_64; rv:95.0) Gecko/20100101 Firefox/95.0"
31.210.107.202 - - [08/Jun/2022:08:58:11 +0000] "GET /admin/grannies HTTP/1.1" 200 291977 "http://odessa-as-is-base.od.ua/admin/grannies/create" "Mozilla/5.0 (X11; Linux x86_64; rv:95.0) Gecko/20100101 Firefox/95.0"
31.210.107.202 - - [08/Jun/2022:08:58:15 +0000] "GET /admin/grannies/3927/print-pdf HTTP/1.1" 200 6578 "http://odessa-as-is-base.od.ua/admin/grannies" "Mozilla/5.0 (X11; Linux x86_64; rv:95.0) Gecko/20100101 Firefox/95.0"
31.210.107.202 - - [08/Jun/2022:08:58:19 +0000] "GET /admin/grannies/3927/print-pdf/skip_list HTTP/1.1" 200 6315 "http://odessa-as-is-base.od.ua/admin/grannies" "Mozilla/5.0 (X11; Linux x86_64; rv:95.0) Gecko/20100101 Firefox/95.0"
164.92.252.11 - - [08/Jun/2022:08:58:28 +0000] "GET / HTTP/1.1" 302 370 "-" "Mozilla/5.0 (Windows NT 6.1; WOW64) AppleWebKit/537.36 (KHTML, like Gecko) SFive/64.0 Chrome/64.0.3282.204 Safari/537.36"
46.37.216.231 - - [08/Jun/2022:08:58:57 +0000] "GET /admin/grannies/create?_pjax=%23pjax-container HTTP/1.1" 200 19568 "http://odessa-as-is-base.od.ua/admin/grannies" "Mozilla/5.0 (X11; Linux x86_64; rv:101.0) Gecko/20100101 Firefox/101.0"
164.92.252.11 - - [08/Jun/2022:08:59:31 +0000] "GET /.env HTTP/1.1" 404 6628 "-" "Mozilla/5.0 (Windows NT 10.0; Win64; x64) AppleWebKit/537.36 (KHTML"
31.210.107.202 - - [08/Jun/2022:09:00:28 +0000] "GET /admin/grannies/create?_pjax=%23pjax-container HTTP/1.1" 200 19568 "http://odessa-as-is-base.od.ua/admin/grannies" "Mozilla/5.0 (X11; Linux x86_64; rv:95.0) Gecko/20100101 Firefox/95.0"
31.210.107.202 - - [08/Jun/2022:09:02:57 +0000] "POST /admin/grannies HTTP/1.1" 302 438 "http://odessa-as-is-base.od.ua/admin/grannies/create" "Mozilla/5.0 (X11; Linux x86_64; rv:95.0) Gecko/20100101 Firefox/95.0"
31.210.107.202 - - [08/Jun/2022:09:03:02 +0000] "GET /admin/grannies HTTP/1.1" 200 292039 "http://odessa-as-is-base.od.ua/admin/grannies/create" "Mozilla/5.0 (X11; Linux x86_64; rv:95.0) Gecko/20100101 Firefox/95.0"
46.37.216.231 - - [08/Jun/2022:09:03:04 +0000] "POST /admin/grannies HTTP/1.1" 302 438 "http://odessa-as-is-base.od.ua/admin/grannies/create" "Mozilla/5.0 (X11; Linux x86_64; rv:101.0) Gecko/20100101 Firefox/101.0"
46.37.216.231 - - [08/Jun/2022:09:03:05 +0000] "GET /admin/grannies HTTP/1.1" 200 292065 "http://odessa-as-is-base.od.ua/admin/grannies/create" "Mozilla/5.0 (X11; Linux x86_64; rv:101.0) Gecko/20100101 Firefox/101.0"
31.210.107.202 - - [08/Jun/2022:09:03:07 +0000] "GET /admin/grannies/3928/print-pdf HTTP/1.1" 200 6568 "http://odessa-as-is-base.od.ua/admin/grannies" "Mozilla/5.0 (X11; Linux x86_64; rv:95.0) Gecko/20100101 Firefox/95.0"
46.37.216.231 - - [08/Jun/2022:09:03:11 +0000] "GET /admin/grannies/3929/print-pdf HTTP/1.1" 200 6541 "http://odessa-as-is-base.od.ua/admin/grannies" "Mozilla/5.0 (X11; Linux x86_64; rv:101.0) Gecko/20100101 Firefox/101.0"
31.210.107.202 - - [08/Jun/2022:09:03:14 +0000] "GET /admin/grannies/3928/print-pdf/skip_list HTTP/1.1" 200 6305 "http://odessa-as-is-base.od.ua/admin/grannies" "Mozilla/5.0 (X11; Linux x86_64; rv:95.0) Gecko/20100101 Firefox/95.0"
46.37.216.231 - - [08/Jun/2022:09:03:17 +0000] "GET /admin/grannies/3929/print-pdf/skip_list HTTP/1.1" 200 6278 "http://odessa-as-is-base.od.ua/admin/grannies" "Mozilla/5.0 (X11; Linux x86_64; rv:101.0) Gecko/20100101 Firefox/101.0"
31.210.107.202 - - [08/Jun/2022:09:08:31 +0000] "GET /admin/grannies/create?_pjax=%23pjax-container HTTP/1.1" 200 19568 "http://odessa-as-is-base.od.ua/admin/grannies" "Mozilla/5.0 (X11; Linux x86_64; rv:95.0) Gecko/20100101 Firefox/95.0"
46.37.216.231 - - [08/Jun/2022:09:08:53 +0000] "GET /admin/grannies/create?_pjax=%23pjax-container HTTP/1.1" 200 19568 "http://odessa-as-is-base.od.ua/admin/grannies" "Mozilla/5.0 (X11; Linux x86_64; rv:101.0) Gecko/20100101 Firefox/101.0"
31.210.107.202 - - [08/Jun/2022:09:11:30 +0000] "POST /admin/grannies HTTP/1.1" 302 438 "http://odessa-as-is-base.od.ua/admin/grannies/create" "Mozilla/5.0 (X11; Linux x86_64; rv:95.0) Gecko/20100101 Firefox/95.0"
31.210.107.202 - - [08/Jun/2022:09:11:32 +0000] "GET /admin/grannies HTTP/1.1" 200 292013 "http://odessa-as-is-base.od.ua/admin/grannies/create" "Mozilla/5.0 (X11; Linux x86_64; rv:95.0) Gecko/20100101 Firefox/95.0"
31.210.107.202 - - [08/Jun/2022:09:11:40 +0000] "GET /admin/grannies/3930/print-pdf HTTP/1.1" 200 6574 "http://odessa-as-is-base.od.ua/admin/grannies" "Mozilla/5.0 (X11; Linux x86_64; rv:95.0) Gecko/20100101 Firefox/95.0"
31.210.107.202 - - [08/Jun/2022:09:11:50 +0000] "GET /admin/grannies/3930/print-pdf/skip_list HTTP/1.1" 200 6311 "http://odessa-as-is-base.od.ua/admin/grannies" "Mozilla/5.0 (X11; Linux x86_64; rv:95.0) Gecko/20100101 Firefox/95.0"
31.210.107.202 - - [08/Jun/2022:09:13:01 +0000] "GET /admin/grannies/3930/edit?_pjax=%23pjax-container HTTP/1.1" 200 26314 "http://odessa-as-is-base.od.ua/admin/grannies" "Mozilla/5.0 (X11; Linux x86_64; rv:95.0) Gecko/20100101 Firefox/95.0"
31.210.107.202 - - [08/Jun/2022:09:14:41 +0000] "GET /admin/grannies?_pjax=%23pjax-container HTTP/1.1" 200 292575 "http://odessa-as-is-base.od.ua/admin/grannies/3930/edit" "Mozilla/5.0 (X11; Linux x86_64; rv:95.0) Gecko/20100101 Firefox/95.0"
31.210.107.202 - - [08/Jun/2022:09:14:47 +0000] "GET /admin/grannies/create?_pjax=%23pjax-container HTTP/1.1" 200 19568 "http://odessa-as-is-base.od.ua/admin/grannies" "Mozilla/5.0 (X11; Linux x86_64; rv:95.0) Gecko/20100101 Firefox/95.0"
46.37.216.231 - - [08/Jun/2022:09:15:11 +0000] "POST /admin/grannies HTTP/1.1" 302 438 "http://odessa-as-is-base.od.ua/admin/grannies/create" "Mozilla/5.0 (X11; Linux x86_64; rv:101.0) Gecko/20100101 Firefox/101.0"
46.37.216.231 - - [08/Jun/2022:09:15:12 +0000] "GET /admin/grannies HTTP/1.1" 200 292192 "http://odessa-as-is-base.od.ua/admin/grannies/create" "Mozilla/5.0 (X11; Linux x86_64; rv:101.0) Gecko/20100101 Firefox/101.0"
46.37.216.231 - - [08/Jun/2022:09:15:24 +0000] "GET /admin/grannies/3931/print-pdf HTTP/1.1" 200 6558 "http://odessa-as-is-base.od.ua/admin/grannies" "Mozilla/5.0 (X11; Linux x86_64; rv:101.0) Gecko/20100101 Firefox/101.0"
46.37.216.231 - - [08/Jun/2022:09:15:27 +0000] "GET /admin/grannies/3931/print-pdf/skip_list HTTP/1.1" 200 6295 "http://odessa-as-is-base.od.ua/admin/grannies" "Mozilla/5.0 (X11; Linux x86_64; rv:101.0) Gecko/20100101 Firefox/101.0"
31.210.107.202 - - [08/Jun/2022:09:16:16 +0000] "POST /admin/grannies HTTP/1.1" 302 438 "http://odessa-as-is-base.od.ua/admin/grannies/create" "Mozilla/5.0 (X11; Linux x86_64; rv:95.0) Gecko/20100101 Firefox/95.0"
31.210.107.202 - - [08/Jun/2022:09:16:18 +0000] "GET /admin/grannies HTTP/1.1" 200 292108 "http://odessa-as-is-base.od.ua/admin/grannies/create" "Mozilla/5.0 (X11; Linux x86_64; rv:95.0) Gecko/20100101 Firefox/95.0"
31.210.107.202 - - [08/Jun/2022:09:16:24 +0000] "GET /admin/grannies/3932/print-pdf HTTP/1.1" 200 6564 "http://odessa-as-is-base.od.ua/admin/grannies" "Mozilla/5.0 (X11; Linux x86_64; rv:95.0) Gecko/20100101 Firefox/95.0"
46.37.216.231 - - [08/Jun/2022:09:16:33 +0000] "GET /admin/grannies/3931/edit?_pjax=%23pjax-container HTTP/1.1" 200 35420 "http://odessa-as-is-base.od.ua/admin/grannies" "Mozilla/5.0 (X11; Linux x86_64; rv:101.0) Gecko/20100101 Firefox/101.0"
46.37.216.231 - - [08/Jun/2022:09:16:47 +0000] "POST /admin/grannies/3931 HTTP/1.1" 302 438 "http://odessa-as-is-base.od.ua/admin/grannies/3931/edit" "Mozilla/5.0 (X11; Linux x86_64; rv:101.0) Gecko/20100101 Firefox/101.0"
46.37.216.231 - - [08/Jun/2022:09:16:49 +0000] "GET /admin/grannies HTTP/1.1" 200 292285 "http://odessa-as-is-base.od.ua/admin/grannies/3931/edit" "Mozilla/5.0 (X11; Linux x86_64; rv:101.0) Gecko/20100101 Firefox/101.0"
46.37.216.231 - - [08/Jun/2022:09:16:57 +0000] "GET /admin/grannies/3931/print-pdf HTTP/1.1" 200 6558 "http://odessa-as-is-base.od.ua/admin/grannies" "Mozilla/5.0 (X11; Linux x86_64; rv:101.0) Gecko/20100101 Firefox/101.0"
46.37.216.231 - - [08/Jun/2022:09:20:39 +0000] "GET /admin/grannies/create?_pjax=%23pjax-container HTTP/1.1" 200 19568 "http://odessa-as-is-base.od.ua/admin/grannies" "Mozilla/5.0 (X11; Linux x86_64; rv:101.0) Gecko/20100101 Firefox/101.0"
46.37.216.231 - - [08/Jun/2022:09:21:49 +0000] "POST /admin/grannies HTTP/1.1" 302 438 "http://odessa-as-is-base.od.ua/admin/grannies/create" "Mozilla/5.0 (X11; Linux x86_64; rv:101.0) Gecko/20100101 Firefox/101.0"
46.37.216.231 - - [08/Jun/2022:09:21:51 +0000] "GET /admin/grannies HTTP/1.1" 200 292103 "http://odessa-as-is-base.od.ua/admin/grannies/create" "Mozilla/5.0 (X11; Linux x86_64; rv:101.0) Gecko/20100101 Firefox/101.0"
46.37.216.231 - - [08/Jun/2022:09:21:55 +0000] "GET /admin/grannies/3933/edit?_pjax=%23pjax-container HTTP/1.1" 200 21389 "http://odessa-as-is-base.od.ua/admin/grannies" "Mozilla/5.0 (X11; Linux x86_64; rv:101.0) Gecko/20100101 Firefox/101.0"
46.37.216.231 - - [08/Jun/2022:09:21:59 +0000] "POST /admin/grannies/3933 HTTP/1.1" 302 438 "http://odessa-as-is-base.od.ua/admin/grannies/3933/edit" "Mozilla/5.0 (X11; Linux x86_64; rv:101.0) Gecko/20100101 Firefox/101.0"
46.37.216.231 - - [08/Jun/2022:09:22:02 +0000] "GET /admin/grannies HTTP/1.1" 200 292115 "http://odessa-as-is-base.od.ua/admin/grannies/3933/edit" "Mozilla/5.0 (X11; Linux x86_64; rv:101.0) Gecko/20100101 Firefox/101.0"
46.37.216.231 - - [08/Jun/2022:09:22:07 +0000] "GET /admin/grannies/3933/print-pdf HTTP/1.1" 200 6563 "http://odessa-as-is-base.od.ua/admin/grannies" "Mozilla/5.0 (X11; Linux x86_64; rv:101.0) Gecko/20100101 Firefox/101.0"
46.37.216.231 - - [08/Jun/2022:09:22:15 +0000] "GET /admin/grannies/3933/print-pdf/skip_list HTTP/1.1" 200 6300 "http://odessa-as-is-base.od.ua/admin/grannies" "Mozilla/5.0 (X11; Linux x86_64; rv:101.0) Gecko/20100101 Firefox/101.0"
31.210.107.202 - - [08/Jun/2022:09:22:19 +0000] "GET /admin/grannies?&__search__=%D1%88%D0%B5%D0%B2%D1%87%D0%B5%D0%BD%D0%BA%D0%BE&_pjax=%23pjax-container HTTP/1.1" 200 293014 "http://odessa-as-is-base.od.ua/admin/grannies" "Mozilla/5.0 (X11; Linux x86_64; rv:95.0) Gecko/20100101 Firefox/95.0"
31.210.107.202 - - [08/Jun/2022:09:22:38 +0000] "GET /admin/grannies/3927/print-pdf/skip_list HTTP/1.1" 200 6315 "http://odessa-as-is-base.od.ua/admin/grannies?&__search__=%D1%88%D0%B5%D0%B2%D1%87%D0%B5%D0%BD%D0%BA%D0%BE" "Mozilla/5.0 (X11; Linux x86_64; rv:95.0) Gecko/20100101 Firefox/95.0"
31.210.107.202 - - [08/Jun/2022:09:23:18 +0000] "GET /admin/grannies?_pjax=%23pjax-container HTTP/1.1" 200 292661 "http://odessa-as-is-base.od.ua/admin/grannies?&__search__=%D1%88%D0%B5%D0%B2%D1%87%D0%B5%D0%BD%D0%BA%D0%BE" "Mozilla/5.0 (X11; Linux x86_64; rv:95.0) Gecko/20100101 Firefox/95.0"
31.210.107.202 - - [08/Jun/2022:09:23:22 +0000] "GET /admin/grannies/create?_pjax=%23pjax-container HTTP/1.1" 200 19568 "http://odessa-as-is-base.od.ua/admin/grannies" "Mozilla/5.0 (X11; Linux x86_64; rv:95.0) Gecko/20100101 Firefox/95.0"
46.37.216.231 - - [08/Jun/2022:09:24:34 +0000] "GET /admin/grannies/create?_pjax=%23pjax-container HTTP/1.1" 200 19568 "http://odessa-as-is-base.od.ua/admin/grannies" "Mozilla/5.0 (X11; Linux x86_64; rv:101.0) Gecko/20100101 Firefox/101.0"
34.140.248.32 - - [08/Jun/2022:09:24:47 +0000] "GET / HTTP/1.1" 302 370 "-" "python-requests/2.27.1"
31.210.107.202 - - [08/Jun/2022:09:26:15 +0000] "POST /admin/grannies HTTP/1.1" 302 438 "http://odessa-as-is-base.od.ua/admin/grannies/create" "Mozilla/5.0 (X11; Linux x86_64; rv:95.0) Gecko/20100101 Firefox/95.0"
31.210.107.202 - - [08/Jun/2022:09:26:17 +0000] "GET /admin/grannies HTTP/1.1" 200 292026 "http://odessa-as-is-base.od.ua/admin/grannies/create" "Mozilla/5.0 (X11; Linux x86_64; rv:95.0) Gecko/20100101 Firefox/95.0"
31.210.107.202 - - [08/Jun/2022:09:26:23 +0000] "GET /admin/grannies/3934/print-pdf HTTP/1.1" 200 6564 "http://odessa-as-is-base.od.ua/admin/grannies" "Mozilla/5.0 (X11; Linux x86_64; rv:95.0) Gecko/20100101 Firefox/95.0"
31.210.107.202 - - [08/Jun/2022:09:28:16 +0000] "GET /admin/grannies/create?_pjax=%23pjax-container HTTP/1.1" 200 19568 "http://odessa-as-is-base.od.ua/admin/grannies" "Mozilla/5.0 (X11; Linux x86_64; rv:95.0) Gecko/20100101 Firefox/95.0"
46.37.216.231 - - [08/Jun/2022:09:28:54 +0000] "POST /admin/grannies HTTP/1.1" 302 438 "http://odessa-as-is-base.od.ua/admin/grannies/create" "Mozilla/5.0 (X11; Linux x86_64; rv:101.0) Gecko/20100101 Firefox/101.0"
46.37.216.231 - - [08/Jun/2022:09:28:55 +0000] "GET /admin/grannies HTTP/1.1" 200 292096 "http://odessa-as-is-base.od.ua/admin/grannies/create" "Mozilla/5.0 (X11; Linux x86_64; rv:101.0) Gecko/20100101 Firefox/101.0"
46.37.216.231 - - [08/Jun/2022:09:29:00 +0000] "GET /admin/grannies/3935/print-pdf HTTP/1.1" 200 6571 "http://odessa-as-is-base.od.ua/admin/grannies" "Mozilla/5.0 (X11; Linux x86_64; rv:101.0) Gecko/20100101 Firefox/101.0"
46.37.216.231 - - [08/Jun/2022:09:29:29 +0000] "GET /admin/grannies/3935/print-pdf/skip_list HTTP/1.1" 200 6308 "http://odessa-as-is-base.od.ua/admin/grannies" "Mozilla/5.0 (X11; Linux x86_64; rv:101.0) Gecko/20100101 Firefox/101.0"
46.37.216.231 - - [08/Jun/2022:09:30:18 +0000] "GET /admin/grannies?&__search__=%D0%9A%D0%BE%D0%BD%D1%8C%D1%88%D0%B8%D0%BD%D0%B0&_pjax=%23pjax-container HTTP/1.1" 200 36375 "http://odessa-as-is-base.od.ua/admin/grannies" "Mozilla/5.0 (X11; Linux x86_64; rv:101.0) Gecko/20100101 Firefox/101.0"
46.37.216.231 - - [08/Jun/2022:09:30:25 +0000] "GET /admin/grannies?_pjax=%23pjax-container&__search__=%D0%9A%D0%BE%D0%BD%D1%88%D0%B8%D0%BD%D0%B0&_pjax=%23pjax-container HTTP/1.1" 200 36241 "http://odessa-as-is-base.od.ua/admin/grannies?&__search__=%D0%9A%D0%BE%D0%BD%D1%8C%D1%88%D0%B8%D0%BD%D0%B0" "Mozilla/5.0 (X11; Linux x86_64; rv:101.0) Gecko/20100101 Firefox/101.0"
46.37.216.231 - - [08/Jun/2022:09:30:30 +0000] "GET /admin/grannies?_pjax=%23pjax-container HTTP/1.1" 200 292833 "http://odessa-as-is-base.od.ua/admin/grannies?&__search__=%D0%9A%D0%BE%D0%BD%D1%88%D0%B8%D0%BD%D0%B0" "Mozilla/5.0 (X11; Linux x86_64; rv:101.0) Gecko/20100101 Firefox/101.0"
46.37.216.231 - - [08/Jun/2022:09:31:00 +0000] "GET /admin/grannies/create?_pjax=%23pjax-container HTTP/1.1" 200 19568 "http://odessa-as-is-base.od.ua/admin/grannies" "Mozilla/5.0 (X11; Linux x86_64; rv:101.0) Gecko/20100101 Firefox/101.0"
31.210.107.202 - - [08/Jun/2022:09:32:48 +0000] "POST /admin/grannies HTTP/1.1" 302 438 "http://odessa-as-is-base.od.ua/admin/grannies/create" "Mozilla/5.0 (X11; Linux x86_64; rv:95.0) Gecko/20100101 Firefox/95.0"
31.210.107.202 - - [08/Jun/2022:09:32:50 +0000] "GET /admin/grannies HTTP/1.1" 200 292151 "http://odessa-as-is-base.od.ua/admin/grannies/create" "Mozilla/5.0 (X11; Linux x86_64; rv:95.0) Gecko/20100101 Firefox/95.0"
31.210.107.202 - - [08/Jun/2022:09:33:04 +0000] "GET /admin/grannies/3936/print-pdf HTTP/1.1" 200 6575 "http://odessa-as-is-base.od.ua/admin/grannies" "Mozilla/5.0 (X11; Linux x86_64; rv:95.0) Gecko/20100101 Firefox/95.0"
31.210.107.202 - - [08/Jun/2022:09:33:08 +0000] "GET /admin/grannies/3936/print-pdf/skip_list HTTP/1.1" 200 6312 "http://odessa-as-is-base.od.ua/admin/grannies" "Mozilla/5.0 (X11; Linux x86_64; rv:95.0) Gecko/20100101 Firefox/95.0"
31.210.107.202 - - [08/Jun/2022:09:34:18 +0000] "GET /admin/grannies/create?_pjax=%23pjax-container HTTP/1.1" 200 19568 "http://odessa-as-is-base.od.ua/admin/grannies" "Mozilla/5.0 (X11; Linux x86_64; rv:95.0) Gecko/20100101 Firefox/95.0"
46.37.216.231 - - [08/Jun/2022:09:34:22 +0000] "POST /admin/grannies HTTP/1.1" 302 438 "http://odessa-as-is-base.od.ua/admin/grannies/create" "Mozilla/5.0 (X11; Linux x86_64; rv:101.0) Gecko/20100101 Firefox/101.0"
46.37.216.231 - - [08/Jun/2022:09:34:23 +0000] "GET /admin/grannies HTTP/1.1" 200 292338 "http://odessa-as-is-base.od.ua/admin/grannies/create" "Mozilla/5.0 (X11; Linux x86_64; rv:101.0) Gecko/20100101 Firefox/101.0"
31.210.107.202 - - [08/Jun/2022:09:34:28 +0000] "GET /admin/grannies?_pjax=%23pjax-container HTTP/1.1" 200 292884 "http://odessa-as-is-base.od.ua/admin/grannies/create" "Mozilla/5.0 (X11; Linux x86_64; rv:95.0) Gecko/20100101 Firefox/95.0"
46.37.216.231 - - [08/Jun/2022:09:34:30 +0000] "GET /admin/grannies/3937/print-pdf HTTP/1.1" 200 6566 "http://odessa-as-is-base.od.ua/admin/grannies" "Mozilla/5.0 (X11; Linux x86_64; rv:101.0) Gecko/20100101 Firefox/101.0"
31.210.107.202 - - [08/Jun/2022:09:34:31 +0000] "GET /admin/grannies?_pjax=%23pjax-container HTTP/1.1" 200 292884 "http://odessa-as-is-base.od.ua/admin/grannies" "Mozilla/5.0 (X11; Linux x86_64; rv:95.0) Gecko/20100101 Firefox/95.0"
46.37.216.231 - - [08/Jun/2022:09:34:33 +0000] "GET /admin/grannies/3937/print-pdf/skip_list HTTP/1.1" 200 6303 "http://odessa-as-is-base.od.ua/admin/grannies" "Mozilla/5.0 (X11; Linux x86_64; rv:101.0) Gecko/20100101 Firefox/101.0"
31.210.107.202 - - [08/Jun/2022:09:34:43 +0000] "GET /admin/grannies?_pjax=%23pjax-container&__search__=0502888446&_pjax=%23pjax-container HTTP/1.1" 200 58879 "http://odessa-as-is-base.od.ua/admin/grannies" "Mozilla/5.0 (X11; Linux x86_64; rv:95.0) Gecko/20100101 Firefox/95.0"
31.210.107.202 - - [08/Jun/2022:09:34:51 +0000] "GET /admin/grannies/3850/print-pdf HTTP/1.1" 200 6553 "http://odessa-as-is-base.od.ua/admin/grannies?&__search__=0502888446" "Mozilla/5.0 (X11; Linux x86_64; rv:95.0) Gecko/20100101 Firefox/95.0"
46.37.216.231 - - [08/Jun/2022:09:35:35 +0000] "GET /admin/grannies/create?_pjax=%23pjax-container HTTP/1.1" 200 19568 "http://odessa-as-is-base.od.ua/admin/grannies" "Mozilla/5.0 (X11; Linux x86_64; rv:101.0) Gecko/20100101 Firefox/101.0"
46.37.216.231 - - [08/Jun/2022:09:37:19 +0000] "GET / HTTP/1.1" 302 402 "-" "Mozilla/5.0 (X11; Linux x86_64; rv:95.0) Gecko/20100101 Firefox/95.0"
46.37.216.231 - - [08/Jun/2022:09:37:19 +0000] "GET /admin HTTP/1.1" 200 24795 "-" "Mozilla/5.0 (X11; Linux x86_64; rv:95.0) Gecko/20100101 Firefox/95.0"
46.37.216.231 - - [08/Jun/2022:09:37:19 +0000] "GET /css/app.css HTTP/1.1" 200 149 "http://odessa-as-is-base.od.ua/admin" "Mozilla/5.0 (X11; Linux x86_64; rv:95.0) Gecko/20100101 Firefox/95.0"
46.37.216.231 - - [08/Jun/2022:09:37:19 +0000] "GET /vendor/laravel-admin/AdminLTE/plugins/colorpicker/bootstrap-colorpicker.min.css HTTP/1.1" 200 3318 "http://odessa-as-is-base.od.ua/admin" "Mozilla/5.0 (X11; Linux x86_64; rv:95.0) Gecko/20100101 Firefox/95.0"
46.37.216.231 - - [08/Jun/2022:09:37:19 +0000] "GET /vendor/laravel-admin/AdminLTE/plugins/iCheck/all.css HTTP/1.1" 200 1568 "http://odessa-as-is-base.od.ua/admin" "Mozilla/5.0 (X11; Linux x86_64; rv:95.0) Gecko/20100101 Firefox/95.0"
46.37.216.231 - - [08/Jun/2022:09:37:19 +0000] "GET /vendor/laravel-admin/eonasdan-bootstrap-datetimepicker/build/css/bootstrap-datetimepicker.min.css HTTP/1.1" 200 7771 "http://odessa-as-is-base.od.ua/admin" "Mozilla/5.0 (X11; Linux x86_64; rv:95.0) Gecko/20100101 Firefox/95.0"
46.37.216.231 - - [08/Jun/2022:09:37:19 +0000] "GET /vendor/laravel-admin/bootstrap-fileinput/css/fileinput.min.css?v=4.5.2 HTTP/1.1" 200 8626 "http://odessa-as-is-base.od.ua/admin" "Mozilla/5.0 (X11; Linux x86_64; rv:95.0) Gecko/20100101 Firefox/95.0"
46.37.216.231 - - [08/Jun/2022:09:37:19 +0000] "GET /vendor/laravel-admin/AdminLTE/plugins/select2/select2.min.css HTTP/1.1" 200 15196 "http://odessa-as-is-base.od.ua/admin" "Mozilla/5.0 (X11; Linux x86_64; rv:95.0) Gecko/20100101 Firefox/95.0"
46.37.216.231 - - [08/Jun/2022:09:37:19 +0000] "GET /vendor/laravel-admin/AdminLTE/plugins/ionslider/ion.rangeSlider.css HTTP/1.1" 200 3186 "http://odessa-as-is-base.od.ua/admin" "Mozilla/5.0 (X11; Linux x86_64; rv:95.0) Gecko/20100101 Firefox/95.0"
46.37.216.231 - - [08/Jun/2022:09:37:19 +0000] "GET /vendor/laravel-admin/AdminLTE/plugins/ionslider/ion.rangeSlider.skinNice.css HTTP/1.1" 200 1734 "http://odessa-as-is-base.od.ua/admin" "Mozilla/5.0 (X11; Linux x86_64; rv:95.0) Gecko/20100101 Firefox/95.0"
46.37.216.231 - - [08/Jun/2022:09:37:19 +0000] "GET /vendor/laravel-admin/bootstrap-switch/dist/css/bootstrap3/bootstrap-switch.min.css HTTP/1.1" 200 6255 "http://odessa-as-is-base.od.ua/admin" "Mozilla/5.0 (X11; Linux x86_64; rv:95.0) Gecko/20100101 Firefox/95.0"
46.37.216.231 - - [08/Jun/2022:09:37:19 +0000] "GET /vendor/laravel-admin/fontawesome-iconpicker/dist/css/fontawesome-iconpicker.min.css HTTP/1.1" 200 6166 "http://odessa-as-is-base.od.ua/admin" "Mozilla/5.0 (X11; Linux x86_64; rv:95.0) Gecko/20100101 Firefox/95.0"
46.37.216.231 - - [08/Jun/2022:09:37:19 +0000] "GET /vendor/laravel-admin/bootstrap-duallistbox/dist/bootstrap-duallistbox.min.css HTTP/1.1" 200 1785 "http://odessa-as-is-base.od.ua/admin" "Mozilla/5.0 (X11; Linux x86_64; rv:95.0) Gecko/20100101 Firefox/95.0"
46.37.216.231 - - [08/Jun/2022:09:37:19 +0000] "GET /vendor/laravel-admin/AdminLTE/dist/css/skins/skin-blue-light.min.css HTTP/1.1" 200 3996 "http://odessa-as-is-base.od.ua/admin" "Mozilla/5.0 (X11; Linux x86_64; rv:95.0) Gecko/20100101 Firefox/95.0"
46.37.216.231 - - [08/Jun/2022:09:37:19 +0000] "GET /vendor/laravel-admin/font-awesome/css/font-awesome.min.css HTTP/1.1" 200 31000 "http://odessa-as-is-base.od.ua/admin" "Mozilla/5.0 (X11; Linux x86_64; rv:95.0) Gecko/20100101 Firefox/95.0"
46.37.216.231 - - [08/Jun/2022:09:37:19 +0000] "GET /vendor/laravel-admin/laravel-admin/laravel-admin.css HTTP/1.1" 200 1613 "http://odessa-as-is-base.od.ua/admin" "Mozilla/5.0 (X11; Linux x86_64; rv:95.0) Gecko/20100101 Firefox/95.0"
46.37.216.231 - - [08/Jun/2022:09:37:19 +0000] "GET /vendor/laravel-admin/nprogress/nprogress.css HTTP/1.1" 200 1461 "http://odessa-as-is-base.od.ua/admin" "Mozilla/5.0 (X11; Linux x86_64; rv:95.0) Gecko/20100101 Firefox/95.0"
46.37.216.231 - - [08/Jun/2022:09:37:19 +0000] "GET /vendor/laravel-admin/sweetalert2/dist/sweetalert2.css HTTP/1.1" 200 34759 "http://odessa-as-is-base.od.ua/admin" "Mozilla/5.0 (X11; Linux x86_64; rv:95.0) Gecko/20100101 Firefox/95.0"
46.37.216.231 - - [08/Jun/2022:09:37:19 +0000] "GET /vendor/laravel-admin/nestable/nestable.css HTTP/1.1" 200 1541 "http://odessa-as-is-base.od.ua/admin" "Mozilla/5.0 (X11; Linux x86_64; rv:95.0) Gecko/20100101 Firefox/95.0"
46.37.216.231 - - [08/Jun/2022:09:37:20 +0000] "GET /vendor/laravel-admin/AdminLTE/bootstrap/css/bootstrap.min.css HTTP/1.1" 200 124702 "http://odessa-as-is-base.od.ua/admin" "Mozilla/5.0 (X11; Linux x86_64; rv:95.0) Gecko/20100101 Firefox/95.0"
46.37.216.231 - - [08/Jun/2022:09:37:20 +0000] "GET /vendor/laravel-admin/toastr/build/toastr.min.css HTTP/1.1" 200 6454 "http://odessa-as-is-base.od.ua/admin" "Mozilla/5.0 (X11; Linux x86_64; rv:95.0) Gecko/20100101 Firefox/95.0"
46.37.216.231 - - [08/Jun/2022:09:37:20 +0000] "GET /vendor/laravel-admin/bootstrap3-editable/css/bootstrap-editable.css HTTP/1.1" 200 21202 "http://odessa-as-is-base.od.ua/admin" "Mozilla/5.0 (X11; Linux x86_64; rv:95.0) Gecko/20100101 Firefox/95.0"
46.37.216.231 - - [08/Jun/2022:09:37:20 +0000] "GET /vendor/laravel-admin/google-fonts/fonts.css HTTP/1.1" 200 2526 "http://odessa-as-is-base.od.ua/admin" "Mozilla/5.0 (X11; Linux x86_64; rv:95.0) Gecko/20100101 Firefox/95.0"
46.37.216.231 - - [08/Jun/2022:09:37:20 +0000] "GET /vendor/laravel-admin/AdminLTE/bootstrap/js/bootstrap.min.js HTTP/1.1" 200 35951 "http://odessa-as-is-base.od.ua/admin" "Mozilla/5.0 (X11; Linux x86_64; rv:95.0) Gecko/20100101 Firefox/95.0"
46.37.216.231 - - [08/Jun/2022:09:37:20 +0000] "GET /vendor/laravel-admin/AdminLTE/plugins/slimScroll/jquery.slimscroll.min.js HTTP/1.1" 200 4872 "http://odessa-as-is-base.od.ua/admin" "Mozilla/5.0 (X11; Linux x86_64; rv:95.0) Gecko/20100101 Firefox/95.0"
46.37.216.231 - - [08/Jun/2022:09:37:20 +0000] "GET /vendor/laravel-admin/AdminLTE/dist/js/app.min.js HTTP/1.1" 200 9684 "http://odessa-as-is-base.od.ua/admin" "Mozilla/5.0 (X11; Linux x86_64; rv:95.0) Gecko/20100101 Firefox/95.0"
46.37.216.231 - - [08/Jun/2022:09:37:20 +0000] "GET /vendor/laravel-admin/jquery-pjax/jquery.pjax.js HTTP/1.1" 200 26611 "http://odessa-as-is-base.od.ua/admin" "Mozilla/5.0 (X11; Linux x86_64; rv:95.0) Gecko/20100101 Firefox/95.0"
46.37.216.231 - - [08/Jun/2022:09:37:20 +0000] "GET /vendor/laravel-admin/AdminLTE/dist/css/AdminLTE.min.css HTTP/1.1" 200 91082 "http://odessa-as-is-base.od.ua/admin" "Mozilla/5.0 (X11; Linux x86_64; rv:95.0) Gecko/20100101 Firefox/95.0"
46.37.216.231 - - [08/Jun/2022:09:37:20 +0000] "GET /vendor/laravel-admin/AdminLTE/plugins/jQuery/jQuery-2.1.4.min.js HTTP/1.1" 200 84345 "http://odessa-as-is-base.od.ua/admin" "Mozilla/5.0 (X11; Linux x86_64; rv:95.0) Gecko/20100101 Firefox/95.0"
46.37.216.231 - - [08/Jun/2022:09:37:20 +0000] "GET /vendor/laravel-admin/nprogress/nprogress.js HTTP/1.1" 200 11565 "http://odessa-as-is-base.od.ua/admin" "Mozilla/5.0 (X11; Linux x86_64; rv:95.0) Gecko/20100101 Firefox/95.0"
46.37.216.231 - - [08/Jun/2022:09:37:20 +0000] "GET /vendor/laravel-admin/nestable/jquery.nestable.js HTTP/1.1" 200 17600 "http://odessa-as-is-base.od.ua/admin" "Mozilla/5.0 (X11; Linux x86_64; rv:95.0) Gecko/20100101 Firefox/95.0"
46.37.216.231 - - [08/Jun/2022:09:37:20 +0000] "GET /vendor/laravel-admin/toastr/build/toastr.min.js HTTP/1.1" 200 5216 "http://odessa-as-is-base.od.ua/admin" "Mozilla/5.0 (X11; Linux x86_64; rv:95.0) Gecko/20100101 Firefox/95.0"
46.37.216.231 - - [08/Jun/2022:09:37:20 +0000] "GET /vendor/laravel-admin/bootstrap3-editable/js/bootstrap-editable.min.js HTTP/1.1" 200 75909 "http://odessa-as-is-base.od.ua/admin" "Mozilla/5.0 (X11; Linux x86_64; rv:95.0) Gecko/20100101 Firefox/95.0"
46.37.216.231 - - [08/Jun/2022:09:37:20 +0000] "GET /vendor/laravel-admin/sweetalert2/dist/sweetalert2.min.js HTTP/1.1" 200 34564 "http://odessa-as-is-base.od.ua/admin" "Mozilla/5.0 (X11; Linux x86_64; rv:95.0) Gecko/20100101 Firefox/95.0"
46.37.216.231 - - [08/Jun/2022:09:37:20 +0000] "GET /vendor/laravel-admin/AdminLTE/plugins/iCheck/icheck.min.js HTTP/1.1" 200 4516 "http://odessa-as-is-base.od.ua/admin" "Mozilla/5.0 (X11; Linux x86_64; rv:95.0) Gecko/20100101 Firefox/95.0"
46.37.216.231 - - [08/Jun/2022:09:37:20 +0000] "GET /vendor/laravel-admin/laravel-admin/laravel-admin.js HTTP/1.1" 200 5144 "http://odessa-as-is-base.od.ua/admin" "Mozilla/5.0 (X11; Linux x86_64; rv:95.0) Gecko/20100101 Firefox/95.0"
46.37.216.231 - - [08/Jun/2022:09:37:20 +0000] "GET /vendor/laravel-admin/AdminLTE/plugins/colorpicker/bootstrap-colorpicker.min.js HTTP/1.1" 200 15528 "http://odessa-as-is-base.od.ua/admin" "Mozilla/5.0 (X11; Linux x86_64; rv:95.0) Gecko/20100101 Firefox/95.0"
46.37.216.231 - - [08/Jun/2022:09:37:20 +0000] "GET /vendor/laravel-admin/AdminLTE/plugins/input-mask/jquery.inputmask.bundle.min.js HTTP/1.1" 200 69788 "http://odessa-as-is-base.od.ua/admin" "Mozilla/5.0 (X11; Linux x86_64; rv:95.0) Gecko/20100101 Firefox/95.0"
46.37.216.231 - - [08/Jun/2022:09:37:20 +0000] "GET /vendor/laravel-admin/eonasdan-bootstrap-datetimepicker/build/js/bootstrap-datetimepicker.min.js HTTP/1.1" 200 37955 "http://odessa-as-is-base.od.ua/admin" "Mozilla/5.0 (X11; Linux x86_64; rv:95.0) Gecko/20100101 Firefox/95.0"
46.37.216.231 - - [08/Jun/2022:09:37:20 +0000] "GET /vendor/laravel-admin/bootstrap-fileinput/js/plugins/canvas-to-blob.min.js HTTP/1.1" 200 1027 "http://odessa-as-is-base.od.ua/admin" "Mozilla/5.0 (X11; Linux x86_64; rv:95.0) Gecko/20100101 Firefox/95.0"
46.37.216.231 - - [08/Jun/2022:09:37:20 +0000] "GET /vendor/laravel-admin/bootstrap-fileinput/js/fileinput.min.js?v=4.5.2 HTTP/1.1" 200 96214 "http://odessa-as-is-base.od.ua/admin" "Mozilla/5.0 (X11; Linux x86_64; rv:95.0) Gecko/20100101 Firefox/95.0"
46.37.216.231 - - [08/Jun/2022:09:37:20 +0000] "GET /vendor/laravel-admin/moment/min/moment-with-locales.min.js HTTP/1.1" 200 170649 "http://odessa-as-is-base.od.ua/admin" "Mozilla/5.0 (X11; Linux x86_64; rv:95.0) Gecko/20100101 Firefox/95.0"
46.37.216.231 - - [08/Jun/2022:09:37:20 +0000] "GET /vendor/laravel-admin/number-input/bootstrap-number-input.js HTTP/1.1" 200 3458 "http://odessa-as-is-base.od.ua/admin" "Mozilla/5.0 (X11; Linux x86_64; rv:95.0) Gecko/20100101 Firefox/95.0"
46.37.216.231 - - [08/Jun/2022:09:37:20 +0000] "GET /vendor/laravel-admin/AdminLTE/plugins/ionslider/ion.rangeSlider.min.js HTTP/1.1" 200 9720 "http://odessa-as-is-base.od.ua/admin" "Mozilla/5.0 (X11; Linux x86_64; rv:95.0) Gecko/20100101 Firefox/95.0"
46.37.216.231 - - [08/Jun/2022:09:37:20 +0000] "GET /vendor/laravel-admin/bootstrap-switch/dist/js/bootstrap-switch.min.js HTTP/1.1" 200 15724 "http://odessa-as-is-base.od.ua/admin" "Mozilla/5.0 (X11; Linux x86_64; rv:95.0) Gecko/20100101 Firefox/95.0"
46.37.216.231 - - [08/Jun/2022:09:37:20 +0000] "GET /vendor/laravel-admin/AdminLTE/plugins/select2/select2.full.min.js HTTP/1.1" 200 75005 "http://odessa-as-is-base.od.ua/admin" "Mozilla/5.0 (X11; Linux x86_64; rv:95.0) Gecko/20100101 Firefox/95.0"
46.37.216.231 - - [08/Jun/2022:09:37:20 +0000] "GET /vendor/laravel-admin/fontawesome-iconpicker/dist/js/fontawesome-iconpicker.min.js HTTP/1.1" 200 31024 "http://odessa-as-is-base.od.ua/admin" "Mozilla/5.0 (X11; Linux x86_64; rv:95.0) Gecko/20100101 Firefox/95.0"
46.37.216.231 - - [08/Jun/2022:09:37:20 +0000] "GET /vendor/laravel-admin/bootstrap-fileinput/js/plugins/sortable.min.js?v=4.5.2 HTTP/1.1" 200 16187 "http://odessa-as-is-base.od.ua/admin" "Mozilla/5.0 (X11; Linux x86_64; rv:95.0) Gecko/20100101 Firefox/95.0"
46.37.216.231 - - [08/Jun/2022:09:37:20 +0000] "GET /vendor/laravel-admin/bootstrap-duallistbox/dist/jquery.bootstrap-duallistbox.min.js HTTP/1.1" 200 16011 "http://odessa-as-is-base.od.ua/admin" "Mozilla/5.0 (X11; Linux x86_64; rv:95.0) Gecko/20100101 Firefox/95.0"
46.37.216.231 - - [08/Jun/2022:09:37:20 +0000] "GET /vendor/laravel-admin/AdminLTE/plugins/iCheck/minimal/_all.css HTTP/1.1" 200 14176 "http://odessa-as-is-base.od.ua/vendor/laravel-admin/AdminLTE/plugins/iCheck/all.css" "Mozilla/5.0 (X11; Linux x86_64; rv:95.0) Gecko/20100101 Firefox/95.0"
46.37.216.231 - - [08/Jun/2022:09:37:20 +0000] "GET /vendor/laravel-admin/AdminLTE/plugins/iCheck/square/_all.css HTTP/1.1" 200 15591 "http://odessa-as-is-base.od.ua/vendor/laravel-admin/AdminLTE/plugins/iCheck/all.css" "Mozilla/5.0 (X11; Linux x86_64; rv:95.0) Gecko/20100101 Firefox/95.0"
46.37.216.231 - - [08/Jun/2022:09:37:20 +0000] "GET /vendor/laravel-admin/AdminLTE/plugins/iCheck/flat/_all.css HTTP/1.1" 200 13773 "http://odessa-as-is-base.od.ua/vendor/laravel-admin/AdminLTE/plugins/iCheck/all.css" "Mozilla/5.0 (X11; Linux x86_64; rv:95.0) Gecko/20100101 Firefox/95.0"
46.37.216.231 - - [08/Jun/2022:09:37:20 +0000] "GET /vendor/laravel-admin/AdminLTE/plugins/iCheck/line/_all.css HTTP/1.1" 200 21689 "http://odessa-as-is-base.od.ua/vendor/laravel-admin/AdminLTE/plugins/iCheck/all.css" "Mozilla/5.0 (X11; Linux x86_64; rv:95.0) Gecko/20100101 Firefox/95.0"
46.37.216.231 - - [08/Jun/2022:09:37:20 +0000] "GET /vendor/laravel-admin/AdminLTE/plugins/iCheck/polaris/polaris.css HTTP/1.1" 200 1557 "http://odessa-as-is-base.od.ua/vendor/laravel-admin/AdminLTE/plugins/iCheck/all.css" "Mozilla/5.0 (X11; Linux x86_64; rv:95.0) Gecko/20100101 Firefox/95.0"
46.37.216.231 - - [08/Jun/2022:09:37:20 +0000] "GET /vendor/laravel-admin/AdminLTE/plugins/iCheck/futurico/futurico.css HTTP/1.1" 200 1421 "http://odessa-as-is-base.od.ua/vendor/laravel-admin/AdminLTE/plugins/iCheck/all.css" "Mozilla/5.0 (X11; Linux x86_64; rv:95.0) Gecko/20100101 Firefox/95.0"
46.37.216.231 - - [08/Jun/2022:09:37:20 +0000] "GET /vendor/laravel-admin/AdminLTE/dist/img/user2-160x160.jpg HTTP/1.1" 200 7070 "http://odessa-as-is-base.od.ua/admin" "Mozilla/5.0 (X11; Linux x86_64; rv:95.0) Gecko/20100101 Firefox/95.0"
46.37.216.231 - - [08/Jun/2022:09:37:20 +0000] "GET /vendor/laravel-admin/google-fonts/fonts/Source-Sans-Pro.woff2 HTTP/1.1" 200 14308 "http://odessa-as-is-base.od.ua/vendor/laravel-admin/google-fonts/fonts.css" "Mozilla/5.0 (X11; Linux x86_64; rv:95.0) Gecko/20100101 Firefox/95.0"
46.37.216.231 - - [08/Jun/2022:09:37:20 +0000] "GET /vendor/laravel-admin/font-awesome/fonts/fontawesome-webfont.woff2?v=4.7.0 HTTP/1.1" 200 77160 "http://odessa-as-is-base.od.ua/vendor/laravel-admin/font-awesome/css/font-awesome.min.css" "Mozilla/5.0 (X11; Linux x86_64; rv:95.0) Gecko/20100101 Firefox/95.0"
201.6.118.23 - - [08/Jun/2022:09:37:20 +0000] "GET / HTTP/1.1" 302 370 "-" "Mozilla/5.0 (Windows NT 10.0; WOW64) AppleWebKit/537.36 (KHTML, like Gecko) Chrome/51.0.2704.103 Safari/537.36"
46.37.216.231 - - [08/Jun/2022:09:37:20 +0000] "GET /vendor/laravel-admin/google-fonts/fonts/Source-Sans-Pro-Semibold.woff2 HTTP/1.1" 200 13992 "http://odessa-as-is-base.od.ua/vendor/laravel-admin/google-fonts/fonts.css" "Mozilla/5.0 (X11; Linux x86_64; rv:95.0) Gecko/20100101 Firefox/95.0"
46.37.216.231 - - [08/Jun/2022:09:37:20 +0000] "GET /vendor/laravel-admin/google-fonts/fonts/Source-Sans-Pro-Bold.woff2 HTTP/1.1" 200 13892 "http://odessa-as-is-base.od.ua/vendor/laravel-admin/google-fonts/fonts.css" "Mozilla/5.0 (X11; Linux x86_64; rv:95.0) Gecko/20100101 Firefox/95.0"
46.37.216.231 - - [08/Jun/2022:09:37:21 +0000] "GET /favicon.ico HTTP/1.1" 200 0 "http://odessa-as-is-base.od.ua/admin" "Mozilla/5.0 (X11; Linux x86_64; rv:95.0) Gecko/20100101 Firefox/95.0"
46.37.216.231 - - [08/Jun/2022:09:37:27 +0000] "GET /admin/grannies?_pjax=%23pjax-container HTTP/1.1" 200 293090 "http://odessa-as-is-base.od.ua/admin" "Mozilla/5.0 (X11; Linux x86_64; rv:95.0) Gecko/20100101 Firefox/95.0"
46.37.216.231 - - [08/Jun/2022:09:37:27 +0000] "GET /vendor/laravel-admin/AdminLTE/plugins/iCheck/minimal/blue.png HTTP/1.1" 200 1132 "http://odessa-as-is-base.od.ua/vendor/laravel-admin/AdminLTE/plugins/iCheck/minimal/_all.css" "Mozilla/5.0 (X11; Linux x86_64; rv:95.0) Gecko/20100101 Firefox/95.0"
46.37.216.231 - - [08/Jun/2022:09:37:27 +0000] "GET /vendor/laravel-admin/google-fonts/fonts/Source-Sans-Pro-Light.woff2 HTTP/1.1" 200 14308 "http://odessa-as-is-base.od.ua/vendor/laravel-admin/google-fonts/fonts.css" "Mozilla/5.0 (X11; Linux x86_64; rv:95.0) Gecko/20100101 Firefox/95.0"
46.37.216.231 - - [08/Jun/2022:09:37:27 +0000] "GET /vendor/laravel-admin/google-fonts/fonts/Source-Sans-Pro-Italic.woff2 HTTP/1.1" 200 13980 "http://odessa-as-is-base.od.ua/vendor/laravel-admin/google-fonts/fonts.css" "Mozilla/5.0 (X11; Linux x86_64; rv:95.0) Gecko/20100101 Firefox/95.0"
46.37.216.231 - - [08/Jun/2022:09:37:36 +0000] "GET /admin/grannies/create?_pjax=%23pjax-container HTTP/1.1" 200 19568 "http://odessa-as-is-base.od.ua/admin/grannies" "Mozilla/5.0 (X11; Linux x86_64; rv:95.0) Gecko/20100101 Firefox/95.0"
46.37.216.231 - - [08/Jun/2022:09:38:13 +0000] "POST /admin/grannies HTTP/1.1" 302 438 "http://odessa-as-is-base.od.ua/admin/grannies/create" "Mozilla/5.0 (X11; Linux x86_64; rv:101.0) Gecko/20100101 Firefox/101.0"
46.37.216.231 - - [08/Jun/2022:09:38:15 +0000] "GET /admin/grannies HTTP/1.1" 200 291993 "http://odessa-as-is-base.od.ua/admin/grannies/create" "Mozilla/5.0 (X11; Linux x86_64; rv:101.0) Gecko/20100101 Firefox/101.0"
46.37.216.231 - - [08/Jun/2022:09:38:19 +0000] "GET /admin/grannies/3938/print-pdf HTTP/1.1" 200 6555 "http://odessa-as-is-base.od.ua/admin/grannies" "Mozilla/5.0 (X11; Linux x86_64; rv:101.0) Gecko/20100101 Firefox/101.0"
46.37.216.231 - - [08/Jun/2022:09:38:23 +0000] "GET /admin/grannies/3938/print-pdf/skip_list HTTP/1.1" 200 6292 "http://odessa-as-is-base.od.ua/admin/grannies" "Mozilla/5.0 (X11; Linux x86_64; rv:101.0) Gecko/20100101 Firefox/101.0"
46.37.216.231 - - [08/Jun/2022:09:39:29 +0000] "POST /admin/grannies HTTP/1.1" 302 438 "http://odessa-as-is-base.od.ua/admin/grannies/create" "Mozilla/5.0 (X11; Linux x86_64; rv:95.0) Gecko/20100101 Firefox/95.0"
46.37.216.231 - - [08/Jun/2022:09:39:31 +0000] "GET /admin/grannies HTTP/1.1" 200 291904 "http://odessa-as-is-base.od.ua/admin/grannies/create" "Mozilla/5.0 (X11; Linux x86_64; rv:95.0) Gecko/20100101 Firefox/95.0"
46.37.216.231 - - [08/Jun/2022:09:39:37 +0000] "GET /admin/grannies/3939/print-pdf HTTP/1.1" 200 6555 "http://odessa-as-is-base.od.ua/admin/grannies" "Mozilla/5.0 (X11; Linux x86_64; rv:95.0) Gecko/20100101 Firefox/95.0"
46.37.216.231 - - [08/Jun/2022:09:39:42 +0000] "GET /admin/grannies/3939/print-pdf/skip_list HTTP/1.1" 200 6292 "http://odessa-as-is-base.od.ua/admin/grannies" "Mozilla/5.0 (X11; Linux x86_64; rv:95.0) Gecko/20100101 Firefox/95.0"
46.37.216.231 - - [08/Jun/2022:09:40:45 +0000] "GET /admin/grannies/3939/print-pdf HTTP/1.1" 200 6555 "http://odessa-as-is-base.od.ua/admin/grannies" "Mozilla/5.0 (X11; Linux x86_64; rv:95.0) Gecko/20100101 Firefox/95.0"
46.37.216.231 - - [08/Jun/2022:09:40:59 +0000] "GET /admin/grannies/3939/print-pdf HTTP/1.1" 200 6555 "http://odessa-as-is-base.od.ua/admin/grannies" "Mozilla/5.0 (X11; Linux x86_64; rv:95.0) Gecko/20100101 Firefox/95.0"
46.37.216.231 - - [08/Jun/2022:09:40:59 +0000] "GET /admin/grannies/create?_pjax=%23pjax-container HTTP/1.1" 200 19568 "http://odessa-as-is-base.od.ua/admin/grannies" "Mozilla/5.0 (X11; Linux x86_64; rv:101.0) Gecko/20100101 Firefox/101.0"
46.37.216.231 - - [08/Jun/2022:09:41:03 +0000] "GET /admin/grannies?_pjax=%23pjax-container HTTP/1.1" 200 292466 "http://odessa-as-is-base.od.ua/admin/grannies/create" "Mozilla/5.0 (X11; Linux x86_64; rv:101.0) Gecko/20100101 Firefox/101.0"
46.37.216.231 - - [08/Jun/2022:09:41:06 +0000] "GET /admin/grannies/3939/print-pdf HTTP/1.1" 200 6555 "http://odessa-as-is-base.od.ua/admin/grannies" "Mozilla/5.0 (X11; Linux x86_64; rv:101.0) Gecko/20100101 Firefox/101.0"
46.37.216.231 - - [08/Jun/2022:09:41:09 +0000] "GET /admin/grannies/3939/print-pdf/skip_list HTTP/1.1" 200 6292 "http://odessa-as-is-base.od.ua/admin/grannies" "Mozilla/5.0 (X11; Linux x86_64; rv:101.0) Gecko/20100101 Firefox/101.0"
46.37.216.231 - - [08/Jun/2022:09:41:29 +0000] "GET /admin HTTP/1.1" 302 446 "-" "Mozilla/5.0 (X11; Linux x86_64; rv:95.0) Gecko/20100101 Firefox/95.0"
46.37.216.231 - - [08/Jun/2022:09:41:30 +0000] "GET /admin/auth/login HTTP/1.1" 200 3447 "-" "Mozilla/5.0 (X11; Linux x86_64; rv:95.0) Gecko/20100101 Firefox/95.0"
46.37.216.231 - - [08/Jun/2022:09:41:30 +0000] "GET /vendor/laravel-admin/AdminLTE/plugins/iCheck/square/blue.css HTTP/1.1" 200 1611 "http://odessa-as-is-base.od.ua/admin/auth/login" "Mozilla/5.0 (X11; Linux x86_64; rv:95.0) Gecko/20100101 Firefox/95.0"
46.37.216.231 - - [08/Jun/2022:09:41:30 +0000] "GET /vendor/laravel-admin/font-awesome/css/font-awesome.min.css HTTP/1.1" 200 31000 "http://odessa-as-is-base.od.ua/admin/auth/login" "Mozilla/5.0 (X11; Linux x86_64; rv:95.0) Gecko/20100101 Firefox/95.0"
46.37.216.231 - - [08/Jun/2022:09:41:30 +0000] "GET /vendor/laravel-admin/AdminLTE/bootstrap/js/bootstrap.min.js HTTP/1.1" 200 35951 "http://odessa-as-is-base.od.ua/admin/auth/login" "Mozilla/5.0 (X11; Linux x86_64; rv:95.0) Gecko/20100101 Firefox/95.0"
46.37.216.231 - - [08/Jun/2022:09:41:30 +0000] "GET /vendor/laravel-admin/AdminLTE/dist/css/AdminLTE.min.css HTTP/1.1" 200 91082 "http://odessa-as-is-base.od.ua/admin/auth/login" "Mozilla/5.0 (X11; Linux x86_64; rv:95.0) Gecko/20100101 Firefox/95.0"
46.37.216.231 - - [08/Jun/2022:09:41:30 +0000] "GET /vendor/laravel-admin/AdminLTE/plugins/jQuery/jQuery-2.1.4.min.js HTTP/1.1" 200 84345 "http://odessa-as-is-base.od.ua/admin/auth/login" "Mozilla/5.0 (X11; Linux x86_64; rv:95.0) Gecko/20100101 Firefox/95.0"
46.37.216.231 - - [08/Jun/2022:09:41:30 +0000] "GET /vendor/laravel-admin/AdminLTE/plugins/iCheck/icheck.min.js HTTP/1.1" 200 4516 "http://odessa-as-is-base.od.ua/admin/auth/login" "Mozilla/5.0 (X11; Linux x86_64; rv:95.0) Gecko/20100101 Firefox/95.0"
46.37.216.231 - - [08/Jun/2022:09:41:30 +0000] "GET /vendor/laravel-admin/AdminLTE/bootstrap/css/bootstrap.min.css HTTP/1.1" 200 124702 "http://odessa-as-is-base.od.ua/admin/auth/login" "Mozilla/5.0 (X11; Linux x86_64; rv:95.0) Gecko/20100101 Firefox/95.0"
46.37.216.231 - - [08/Jun/2022:09:41:30 +0000] "GET /vendor/laravel-admin/AdminLTE/plugins/iCheck/square/blue.png HTTP/1.1" 200 2185 "http://odessa-as-is-base.od.ua/vendor/laravel-admin/AdminLTE/plugins/iCheck/square/blue.css" "Mozilla/5.0 (X11; Linux x86_64; rv:95.0) Gecko/20100101 Firefox/95.0"
46.37.216.231 - - [08/Jun/2022:09:41:30 +0000] "GET /vendor/laravel-admin/AdminLTE/bootstrap/fonts/glyphicons-halflings-regular.woff2 HTTP/1.1" 200 18028 "http://odessa-as-is-base.od.ua/vendor/laravel-admin/AdminLTE/bootstrap/css/bootstrap.min.css" "Mozilla/5.0 (X11; Linux x86_64; rv:95.0) Gecko/20100101 Firefox/95.0"
46.37.216.231 - - [08/Jun/2022:09:42:29 +0000] "GET /admin/grannies/create?_pjax=%23pjax-container HTTP/1.1" 200 19568 "http://odessa-as-is-base.od.ua/admin/grannies" "Mozilla/5.0 (X11; Linux x86_64; rv:101.0) Gecko/20100101 Firefox/101.0"
46.37.216.231 - - [08/Jun/2022:09:47:03 +0000] "POST /admin/grannies HTTP/1.1" 302 438 "http://odessa-as-is-base.od.ua/admin/grannies/create" "Mozilla/5.0 (X11; Linux x86_64; rv:101.0) Gecko/20100101 Firefox/101.0"
46.37.216.231 - - [08/Jun/2022:09:47:04 +0000] "GET /admin/grannies HTTP/1.1" 200 292026 "http://odessa-as-is-base.od.ua/admin/grannies/create" "Mozilla/5.0 (X11; Linux x86_64; rv:101.0) Gecko/20100101 Firefox/101.0"
46.37.216.231 - - [08/Jun/2022:09:47:12 +0000] "GET /admin/grannies/3940/print-pdf HTTP/1.1" 200 6559 "http://odessa-as-is-base.od.ua/admin/grannies" "Mozilla/5.0 (X11; Linux x86_64; rv:101.0) Gecko/20100101 Firefox/101.0"
46.37.216.231 - - [08/Jun/2022:09:47:18 +0000] "GET /admin/grannies/3940/print-pdf/skip_list HTTP/1.1" 200 6296 "http://odessa-as-is-base.od.ua/admin/grannies" "Mozilla/5.0 (X11; Linux x86_64; rv:101.0) Gecko/20100101 Firefox/101.0"
46.37.216.231 - - [08/Jun/2022:09:49:48 +0000] "GET /vendor/laravel-admin/bootstrap3-editable/img/loading.gif HTTP/1.1" 200 1849 "http://odessa-as-is-base.od.ua/vendor/laravel-admin/bootstrap3-editable/css/bootstrap-editable.css" "Mozilla/5.0 (X11; Linux x86_64; rv:101.0) Gecko/20100101 Firefox/101.0"
46.37.216.231 - - [08/Jun/2022:09:49:48 +0000] "GET /vendor/laravel-admin/AdminLTE/bootstrap/fonts/glyphicons-halflings-regular.woff2 HTTP/1.1" 200 18028 "http://odessa-as-is-base.od.ua/vendor/laravel-admin/AdminLTE/bootstrap/css/bootstrap.min.css" "Mozilla/5.0 (X11; Linux x86_64; rv:101.0) Gecko/20100101 Firefox/101.0"
46.37.216.231 - - [08/Jun/2022:09:49:48 +0000] "GET /vendor/laravel-admin/bootstrap3-editable/img/clear.png HTTP/1.1" 200 509 "http://odessa-as-is-base.od.ua/vendor/laravel-admin/bootstrap3-editable/css/bootstrap-editable.css" "Mozilla/5.0 (X11; Linux x86_64; rv:101.0) Gecko/20100101 Firefox/101.0"
46.37.216.231 - - [08/Jun/2022:09:50:48 +0000] "GET /admin/grannies/create?_pjax=%23pjax-container HTTP/1.1" 200 19568 "http://odessa-as-is-base.od.ua/admin/grannies" "Mozilla/5.0 (X11; Linux x86_64; rv:101.0) Gecko/20100101 Firefox/101.0"
46.37.216.231 - - [08/Jun/2022:09:51:21 +0000] "GET / HTTP/1.1" 302 402 "-" "Mozilla/5.0 (X11; Linux x86_64; rv:95.0) Gecko/20100101 Firefox/95.0"
31.210.107.203 - - [08/Jun/2022:09:51:23 +0000] "GET /admin HTTP/1.1" 200 24795 "-" "Mozilla/5.0 (X11; Linux x86_64; rv:95.0) Gecko/20100101 Firefox/95.0"
31.210.107.202 - - [08/Jun/2022:09:51:23 +0000] "GET /vendor/laravel-admin/AdminLTE/plugins/colorpicker/bootstrap-colorpicker.min.css HTTP/1.1" 200 3318 "http://odessa-as-is-base.od.ua/admin" "Mozilla/5.0 (X11; Linux x86_64; rv:95.0) Gecko/20100101 Firefox/95.0"
31.210.107.202 - - [08/Jun/2022:09:51:24 +0000] "GET /vendor/laravel-admin/fontawesome-iconpicker/dist/css/fontawesome-iconpicker.min.css HTTP/1.1" 200 6166 "http://odessa-as-is-base.od.ua/admin" "Mozilla/5.0 (X11; Linux x86_64; rv:95.0) Gecko/20100101 Firefox/95.0"
31.210.107.202 - - [08/Jun/2022:09:51:24 +0000] "GET /vendor/laravel-admin/google-fonts/fonts.css HTTP/1.1" 200 2526 "http://odessa-as-is-base.od.ua/admin" "Mozilla/5.0 (X11; Linux x86_64; rv:95.0) Gecko/20100101 Firefox/95.0"
31.210.107.202 - - [08/Jun/2022:09:51:24 +0000] "GET /vendor/laravel-admin/AdminLTE/plugins/jQuery/jQuery-2.1.4.min.js HTTP/1.1" 200 84345 "http://odessa-as-is-base.od.ua/admin" "Mozilla/5.0 (X11; Linux x86_64; rv:95.0) Gecko/20100101 Firefox/95.0"
31.210.107.202 - - [08/Jun/2022:09:51:24 +0000] "GET /vendor/laravel-admin/AdminLTE/plugins/ionslider/ion.rangeSlider.skinNice.css HTTP/1.1" 200 1734 "http://odessa-as-is-base.od.ua/admin" "Mozilla/5.0 (X11; Linux x86_64; rv:95.0) Gecko/20100101 Firefox/95.0"
31.210.107.202 - - [08/Jun/2022:09:51:24 +0000] "GET /vendor/laravel-admin/sweetalert2/dist/sweetalert2.css HTTP/1.1" 200 34759 "http://odessa-as-is-base.od.ua/admin" "Mozilla/5.0 (X11; Linux x86_64; rv:95.0) Gecko/20100101 Firefox/95.0"
31.210.107.202 - - [08/Jun/2022:09:51:24 +0000] "GET /vendor/laravel-admin/AdminLTE/dist/css/AdminLTE.min.css HTTP/1.1" 200 91082 "http://odessa-as-is-base.od.ua/admin" "Mozilla/5.0 (X11; Linux x86_64; rv:95.0) Gecko/20100101 Firefox/95.0"
31.210.107.202 - - [08/Jun/2022:09:51:24 +0000] "GET /vendor/laravel-admin/nestable/nestable.css HTTP/1.1" 200 1541 "http://odessa-as-is-base.od.ua/admin" "Mozilla/5.0 (X11; Linux x86_64; rv:95.0) Gecko/20100101 Firefox/95.0"
31.210.107.202 - - [08/Jun/2022:09:51:24 +0000] "GET /css/app.css HTTP/1.1" 200 149 "http://odessa-as-is-base.od.ua/admin" "Mozilla/5.0 (X11; Linux x86_64; rv:95.0) Gecko/20100101 Firefox/95.0"
31.210.107.202 - - [08/Jun/2022:09:51:24 +0000] "GET /vendor/laravel-admin/font-awesome/css/font-awesome.min.css HTTP/1.1" 200 31000 "http://odessa-as-is-base.od.ua/admin" "Mozilla/5.0 (X11; Linux x86_64; rv:95.0) Gecko/20100101 Firefox/95.0"
31.210.107.202 - - [08/Jun/2022:09:51:24 +0000] "GET /vendor/laravel-admin/AdminLTE/dist/css/skins/skin-blue-light.min.css HTTP/1.1" 200 3996 "http://odessa-as-is-base.od.ua/admin" "Mozilla/5.0 (X11; Linux x86_64; rv:95.0) Gecko/20100101 Firefox/95.0"
31.210.107.202 - - [08/Jun/2022:09:51:24 +0000] "GET /vendor/laravel-admin/bootstrap-switch/dist/css/bootstrap3/bootstrap-switch.min.css HTTP/1.1" 200 6255 "http://odessa-as-is-base.od.ua/admin" "Mozilla/5.0 (X11; Linux x86_64; rv:95.0) Gecko/20100101 Firefox/95.0"
31.210.107.202 - - [08/Jun/2022:09:51:24 +0000] "GET /vendor/laravel-admin/AdminLTE/dist/js/app.min.js HTTP/1.1" 200 9684 "http://odessa-as-is-base.od.ua/admin" "Mozilla/5.0 (X11; Linux x86_64; rv:95.0) Gecko/20100101 Firefox/95.0"
