178.211.43.73 - - [08/Jun/2022:06:48:51 +0000] "GET /vendor/laravel-admin/AdminLTE/dist/img/user2-160x160.jpg HTTP/1.1" 200 7070 "http://odessa-as-is-base.od.ua/admin" "Mozilla/5.0 (X11; Linux x86_64; rv:101.0) Gecko/20100101 Firefox/101.0"
178.211.43.73 - - [08/Jun/2022:06:48:55 +0000] "GET /admin/grannies?_pjax=%23pjax-container HTTP/1.1" 200 292917 "http://odessa-as-is-base.od.ua/admin" "Mozilla/5.0 (X11; Linux x86_64; rv:101.0) Gecko/20100101 Firefox/101.0"
178.211.43.73 - - [08/Jun/2022:06:48:57 +0000] "GET /vendor/laravel-admin/AdminLTE/plugins/iCheck/minimal/blue.png HTTP/1.1" 200 1132 "http://odessa-as-is-base.od.ua/vendor/laravel-admin/AdminLTE/plugins/iCheck/minimal/_all.css" "Mozilla/5.0 (X11; Linux x86_64; rv:101.0) Gecko/20100101 Firefox/101.0"
178.211.43.73 - - [08/Jun/2022:06:49:09 +0000] "GET /admin/grannies?_pjax=%23pjax-container&__search__=0992466730&_pjax=%23pjax-container HTTP/1.1" 200 35524 "http://odessa-as-is-base.od.ua/admin/grannies" "Mozilla/5.0 (X11; Linux x86_64; rv:101.0) Gecko/20100101 Firefox/101.0"
178.211.43.73 - - [08/Jun/2022:06:49:48 +0000] "GET /admin/grannies?_pjax=%23pjax-container&__search__=%D0%BA%D0%B0%D1%80%D0%B0%D0%BF%D1%83%D0%B7&_pjax=%23pjax-container HTTP/1.1" 200 59507 "http://odessa-as-is-base.od.ua/admin/grannies?&__search__=0992466730" "Mozilla/5.0 (X11; Linux x86_64; rv:101.0) Gecko/20100101 Firefox/101.0"
178.211.43.73 - - [08/Jun/2022:06:49:54 +0000] "GET /admin/grannies/1040/print-pdf HTTP/1.1" 200 6565 "http://odessa-as-is-base.od.ua/admin/grannies?&__search__=%D0%BA%D0%B0%D1%80%D0%B0%D0%BF%D1%83%D0%B7" "Mozilla/5.0 (X11; Linux x86_64; rv:101.0) Gecko/20100101 Firefox/101.0"
178.211.43.73 - - [08/Jun/2022:06:54:29 +0000] "GET /admin/grannies/create?_pjax=%23pjax-container HTTP/1.1" 200 19627 "http://odessa-as-is-base.od.ua/admin/grannies?&__search__=%D0%BA%D0%B0%D1%80%D0%B0%D0%BF%D1%83%D0%B7" "Mozilla/5.0 (X11; Linux x86_64; rv:101.0) Gecko/20100101 Firefox/101.0"
178.211.43.73 - - [08/Jun/2022:06:56:24 +0000] "POST /admin/grannies HTTP/1.1" 302 674 "http://odessa-as-is-base.od.ua/admin/grannies/create" "Mozilla/5.0 (X11; Linux x86_64; rv:101.0) Gecko/20100101 Firefox/101.0"
178.211.43.73 - - [08/Jun/2022:06:56:25 +0000] "GET /admin/grannies?&__search__=%D0%BA%D0%B0%D1%80%D0%B0%D0%BF%D1%83%D0%B7 HTTP/1.1" 200 59283 "http://odessa-as-is-base.od.ua/admin/grannies/create" "Mozilla/5.0 (X11; Linux x86_64; rv:101.0) Gecko/20100101 Firefox/101.0"
178.211.43.73 - - [08/Jun/2022:06:56:31 +0000] "GET /admin/grannies?_pjax=%23pjax-container HTTP/1.1" 200 292989 "http://odessa-as-is-base.od.ua/admin/grannies?&__search__=%D0%BA%D0%B0%D1%80%D0%B0%D0%BF%D1%83%D0%B7" "Mozilla/5.0 (X11; Linux x86_64; rv:101.0) Gecko/20100101 Firefox/101.0"
178.211.43.73 - - [08/Jun/2022:06:56:46 +0000] "GET /admin/grannies/3889/print-pdf HTTP/1.1" 200 6557 "http://odessa-as-is-base.od.ua/admin/grannies" "Mozilla/5.0 (X11; Linux x86_64; rv:101.0) Gecko/20100101 Firefox/101.0"
178.211.43.73 - - [08/Jun/2022:06:57:21 +0000] "GET /admin/grannies/create?_pjax=%23pjax-container HTTP/1.1" 200 19568 "http://odessa-as-is-base.od.ua/admin/grannies" "Mozilla/5.0 (X11; Linux x86_64; rv:101.0) Gecko/20100101 Firefox/101.0"
178.211.43.78 - - [08/Jun/2022:06:58:21 +0000] "GET /admin/grannies/create?_pjax=%23pjax-container HTTP/1.1" 302 446 "http://odessa-as-is-base.od.ua/admin/grannies?&page=1" "Mozilla/5.0 (X11; Linux x86_64; rv:95.0) Gecko/20100101 Firefox/95.0"
178.211.43.78 - - [08/Jun/2022:06:58:21 +0000] "GET /admin/auth/login HTTP/1.1" 200 3447 "http://odessa-as-is-base.od.ua/admin/grannies?&page=1" "Mozilla/5.0 (X11; Linux x86_64; rv:95.0) Gecko/20100101 Firefox/95.0"
178.211.43.78 - - [08/Jun/2022:06:58:22 +0000] "GET /admin/grannies/create HTTP/1.1" 302 446 "http://odessa-as-is-base.od.ua/admin/grannies?&page=1" "Mozilla/5.0 (X11; Linux x86_64; rv:95.0) Gecko/20100101 Firefox/95.0"
178.211.43.78 - - [08/Jun/2022:06:58:22 +0000] "GET /admin/auth/login HTTP/1.1" 200 3447 "http://odessa-as-is-base.od.ua/admin/grannies?&page=1" "Mozilla/5.0 (X11; Linux x86_64; rv:95.0) Gecko/20100101 Firefox/95.0"
178.211.43.78 - - [08/Jun/2022:06:58:23 +0000] "GET /vendor/laravel-admin/AdminLTE/plugins/jQuery/jQuery-2.1.4.min.js HTTP/1.1" 200 84345 "http://odessa-as-is-base.od.ua/admin/auth/login" "Mozilla/5.0 (X11; Linux x86_64; rv:95.0) Gecko/20100101 Firefox/95.0"
178.211.43.78 - - [08/Jun/2022:06:58:23 +0000] "GET /vendor/laravel-admin/AdminLTE/plugins/iCheck/square/blue.css HTTP/1.1" 200 1611 "http://odessa-as-is-base.od.ua/admin/auth/login" "Mozilla/5.0 (X11; Linux x86_64; rv:95.0) Gecko/20100101 Firefox/95.0"
178.211.43.78 - - [08/Jun/2022:06:58:23 +0000] "GET /vendor/laravel-admin/AdminLTE/bootstrap/js/bootstrap.min.js HTTP/1.1" 200 35951 "http://odessa-as-is-base.od.ua/admin/auth/login" "Mozilla/5.0 (X11; Linux x86_64; rv:95.0) Gecko/20100101 Firefox/95.0"
178.211.43.78 - - [08/Jun/2022:06:58:23 +0000] "GET /vendor/laravel-admin/AdminLTE/plugins/iCheck/icheck.min.js HTTP/1.1" 200 4516 "http://odessa-as-is-base.od.ua/admin/auth/login" "Mozilla/5.0 (X11; Linux x86_64; rv:95.0) Gecko/20100101 Firefox/95.0"
178.211.43.78 - - [08/Jun/2022:06:58:23 +0000] "GET /vendor/laravel-admin/AdminLTE/bootstrap/css/bootstrap.min.css HTTP/1.1" 200 124702 "http://odessa-as-is-base.od.ua/admin/auth/login" "Mozilla/5.0 (X11; Linux x86_64; rv:95.0) Gecko/20100101 Firefox/95.0"
178.211.43.78 - - [08/Jun/2022:06:58:23 +0000] "GET /vendor/laravel-admin/AdminLTE/dist/css/AdminLTE.min.css HTTP/1.1" 200 91082 "http://odessa-as-is-base.od.ua/admin/auth/login" "Mozilla/5.0 (X11; Linux x86_64; rv:95.0) Gecko/20100101 Firefox/95.0"
178.211.43.78 - - [08/Jun/2022:06:58:24 +0000] "GET /vendor/laravel-admin/font-awesome/css/font-awesome.min.css HTTP/1.1" 200 31000 "http://odessa-as-is-base.od.ua/admin/auth/login" "Mozilla/5.0 (X11; Linux x86_64; rv:95.0) Gecko/20100101 Firefox/95.0"
178.211.43.78 - - [08/Jun/2022:06:58:24 +0000] "GET /vendor/laravel-admin/AdminLTE/plugins/iCheck/square/blue.png HTTP/1.1" 200 2185 "http://odessa-as-is-base.od.ua/vendor/laravel-admin/AdminLTE/plugins/iCheck/square/blue.css" "Mozilla/5.0 (X11; Linux x86_64; rv:95.0) Gecko/20100101 Firefox/95.0"
178.211.43.78 - - [08/Jun/2022:06:58:49 +0000] "POST /admin/auth/login HTTP/1.1" 302 446 "http://odessa-as-is-base.od.ua/admin/auth/login" "Mozilla/5.0 (X11; Linux x86_64; rv:95.0) Gecko/20100101 Firefox/95.0"
178.211.43.78 - - [08/Jun/2022:06:58:50 +0000] "GET /admin/auth/login HTTP/1.1" 200 3626 "http://odessa-as-is-base.od.ua/admin/auth/login" "Mozilla/5.0 (X11; Linux x86_64; rv:95.0) Gecko/20100101 Firefox/95.0"
178.211.43.78 - - [08/Jun/2022:06:59:00 +0000] "POST /admin/auth/login HTTP/1.1" 302 402 "http://odessa-as-is-base.od.ua/admin/auth/login" "Mozilla/5.0 (X11; Linux x86_64; rv:95.0) Gecko/20100101 Firefox/95.0"
178.211.43.78 - - [08/Jun/2022:06:59:02 +0000] "GET /admin HTTP/1.1" 200 24933 "http://odessa-as-is-base.od.ua/admin/auth/login" "Mozilla/5.0 (X11; Linux x86_64; rv:95.0) Gecko/20100101 Firefox/95.0"
178.211.43.78 - - [08/Jun/2022:06:59:02 +0000] "GET /vendor/laravel-admin/AdminLTE/plugins/select2/select2.min.css HTTP/1.1" 200 15196 "http://odessa-as-is-base.od.ua/admin" "Mozilla/5.0 (X11; Linux x86_64; rv:95.0) Gecko/20100101 Firefox/95.0"
178.211.43.78 - - [08/Jun/2022:06:59:02 +0000] "GET /vendor/laravel-admin/AdminLTE/plugins/iCheck/all.css HTTP/1.1" 200 1568 "http://odessa-as-is-base.od.ua/admin" "Mozilla/5.0 (X11; Linux x86_64; rv:95.0) Gecko/20100101 Firefox/95.0"
178.211.43.78 - - [08/Jun/2022:06:59:02 +0000] "GET /vendor/laravel-admin/AdminLTE/plugins/slimScroll/jquery.slimscroll.min.js HTTP/1.1" 200 4872 "http://odessa-as-is-base.od.ua/admin" "Mozilla/5.0 (X11; Linux x86_64; rv:95.0) Gecko/20100101 Firefox/95.0"
178.211.43.78 - - [08/Jun/2022:06:59:03 +0000] "GET /vendor/laravel-admin/nestable/jquery.nestable.js HTTP/1.1" 200 17600 "http://odessa-as-is-base.od.ua/admin" "Mozilla/5.0 (X11; Linux x86_64; rv:95.0) Gecko/20100101 Firefox/95.0"
178.211.43.78 - - [08/Jun/2022:06:59:03 +0000] "GET /vendor/laravel-admin/google-fonts/fonts.css HTTP/1.1" 200 2526 "http://odessa-as-is-base.od.ua/admin" "Mozilla/5.0 (X11; Linux x86_64; rv:95.0) Gecko/20100101 Firefox/95.0"
178.211.43.78 - - [08/Jun/2022:06:59:03 +0000] "GET /vendor/laravel-admin/fontawesome-iconpicker/dist/css/fontawesome-iconpicker.min.css HTTP/1.1" 200 6166 "http://odessa-as-is-base.od.ua/admin" "Mozilla/5.0 (X11; Linux x86_64; rv:95.0) Gecko/20100101 Firefox/95.0"
178.211.43.78 - - [08/Jun/2022:06:59:03 +0000] "GET /vendor/laravel-admin/nestable/nestable.css HTTP/1.1" 200 1541 "http://odessa-as-is-base.od.ua/admin" "Mozilla/5.0 (X11; Linux x86_64; rv:95.0) Gecko/20100101 Firefox/95.0"
178.211.43.78 - - [08/Jun/2022:06:59:03 +0000] "GET /vendor/laravel-admin/bootstrap3-editable/js/bootstrap-editable.min.js HTTP/1.1" 200 75909 "http://odessa-as-is-base.od.ua/admin" "Mozilla/5.0 (X11; Linux x86_64; rv:95.0) Gecko/20100101 Firefox/95.0"
178.211.43.78 - - [08/Jun/2022:06:59:03 +0000] "GET /vendor/laravel-admin/laravel-admin/laravel-admin.js HTTP/1.1" 200 5144 "http://odessa-as-is-base.od.ua/admin" "Mozilla/5.0 (X11; Linux x86_64; rv:95.0) Gecko/20100101 Firefox/95.0"
178.211.43.78 - - [08/Jun/2022:06:59:03 +0000] "GET /vendor/laravel-admin/moment/min/moment-with-locales.min.js HTTP/1.1" 200 170649 "http://odessa-as-is-base.od.ua/admin" "Mozilla/5.0 (X11; Linux x86_64; rv:95.0) Gecko/20100101 Firefox/95.0"
178.211.43.78 - - [08/Jun/2022:06:59:03 +0000] "GET /vendor/laravel-admin/nprogress/nprogress.js HTTP/1.1" 200 11565 "http://odessa-as-is-base.od.ua/admin" "Mozilla/5.0 (X11; Linux x86_64; rv:95.0) Gecko/20100101 Firefox/95.0"
178.211.43.78 - - [08/Jun/2022:06:59:03 +0000] "GET /vendor/laravel-admin/bootstrap3-editable/css/bootstrap-editable.css HTTP/1.1" 200 21202 "http://odessa-as-is-base.od.ua/admin" "Mozilla/5.0 (X11; Linux x86_64; rv:95.0) Gecko/20100101 Firefox/95.0"
178.211.43.78 - - [08/Jun/2022:06:59:03 +0000] "GET /vendor/laravel-admin/nprogress/nprogress.css HTTP/1.1" 200 1461 "http://odessa-as-is-base.od.ua/admin" "Mozilla/5.0 (X11; Linux x86_64; rv:95.0) Gecko/20100101 Firefox/95.0"
178.211.43.78 - - [08/Jun/2022:06:59:03 +0000] "GET /vendor/laravel-admin/AdminLTE/plugins/colorpicker/bootstrap-colorpicker.min.js HTTP/1.1" 200 15528 "http://odessa-as-is-base.od.ua/admin" "Mozilla/5.0 (X11; Linux x86_64; rv:95.0) Gecko/20100101 Firefox/95.0"
178.211.43.78 - - [08/Jun/2022:06:59:03 +0000] "GET /vendor/laravel-admin/bootstrap-switch/dist/css/bootstrap3/bootstrap-switch.min.css HTTP/1.1" 200 6255 "http://odessa-as-is-base.od.ua/admin" "Mozilla/5.0 (X11; Linux x86_64; rv:95.0) Gecko/20100101 Firefox/95.0"
178.211.43.78 - - [08/Jun/2022:06:59:03 +0000] "GET /vendor/laravel-admin/sweetalert2/dist/sweetalert2.min.js HTTP/1.1" 200 34564 "http://odessa-as-is-base.od.ua/admin" "Mozilla/5.0 (X11; Linux x86_64; rv:95.0) Gecko/20100101 Firefox/95.0"
178.211.43.78 - - [08/Jun/2022:06:59:03 +0000] "GET /vendor/laravel-admin/sweetalert2/dist/sweetalert2.css HTTP/1.1" 200 34759 "http://odessa-as-is-base.od.ua/admin" "Mozilla/5.0 (X11; Linux x86_64; rv:95.0) Gecko/20100101 Firefox/95.0"
178.211.43.78 - - [08/Jun/2022:06:59:03 +0000] "GET /vendor/laravel-admin/laravel-admin/laravel-admin.css HTTP/1.1" 200 1613 "http://odessa-as-is-base.od.ua/admin" "Mozilla/5.0 (X11; Linux x86_64; rv:95.0) Gecko/20100101 Firefox/95.0"
178.211.43.78 - - [08/Jun/2022:06:59:03 +0000] "GET /vendor/laravel-admin/AdminLTE/plugins/ionslider/ion.rangeSlider.skinNice.css HTTP/1.1" 200 1734 "http://odessa-as-is-base.od.ua/admin" "Mozilla/5.0 (X11; Linux x86_64; rv:95.0) Gecko/20100101 Firefox/95.0"
178.211.43.78 - - [08/Jun/2022:06:59:03 +0000] "GET /vendor/laravel-admin/AdminLTE/dist/js/app.min.js HTTP/1.1" 200 9684 "http://odessa-as-is-base.od.ua/admin" "Mozilla/5.0 (X11; Linux x86_64; rv:95.0) Gecko/20100101 Firefox/95.0"
178.211.43.78 - - [08/Jun/2022:06:59:03 +0000] "GET /vendor/laravel-admin/bootstrap-fileinput/js/plugins/canvas-to-blob.min.js HTTP/1.1" 200 1027 "http://odessa-as-is-base.od.ua/admin" "Mozilla/5.0 (X11; Linux x86_64; rv:95.0) Gecko/20100101 Firefox/95.0"
178.211.43.78 - - [08/Jun/2022:06:59:03 +0000] "GET /vendor/laravel-admin/bootstrap-fileinput/js/fileinput.min.js?v=4.5.2 HTTP/1.1" 200 96214 "http://odessa-as-is-base.od.ua/admin" "Mozilla/5.0 (X11; Linux x86_64; rv:95.0) Gecko/20100101 Firefox/95.0"
178.211.43.78 - - [08/Jun/2022:06:59:03 +0000] "GET /vendor/laravel-admin/AdminLTE/plugins/select2/select2.full.min.js HTTP/1.1" 200 75005 "http://odessa-as-is-base.od.ua/admin" "Mozilla/5.0 (X11; Linux x86_64; rv:95.0) Gecko/20100101 Firefox/95.0"
178.211.43.78 - - [08/Jun/2022:06:59:03 +0000] "GET /vendor/laravel-admin/AdminLTE/plugins/ionslider/ion.rangeSlider.min.js HTTP/1.1" 200 9720 "http://odessa-as-is-base.od.ua/admin" "Mozilla/5.0 (X11; Linux x86_64; rv:95.0) Gecko/20100101 Firefox/95.0"
178.211.43.78 - - [08/Jun/2022:06:59:03 +0000] "GET /vendor/laravel-admin/number-input/bootstrap-number-input.js HTTP/1.1" 200 3458 "http://odessa-as-is-base.od.ua/admin" "Mozilla/5.0 (X11; Linux x86_64; rv:95.0) Gecko/20100101 Firefox/95.0"
178.211.43.78 - - [08/Jun/2022:06:59:03 +0000] "GET /vendor/laravel-admin/bootstrap-switch/dist/js/bootstrap-switch.min.js HTTP/1.1" 200 15724 "http://odessa-as-is-base.od.ua/admin" "Mozilla/5.0 (X11; Linux x86_64; rv:95.0) Gecko/20100101 Firefox/95.0"
178.211.43.78 - - [08/Jun/2022:06:59:03 +0000] "GET /vendor/laravel-admin/eonasdan-bootstrap-datetimepicker/build/css/bootstrap-datetimepicker.min.css HTTP/1.1" 200 7771 "http://odessa-as-is-base.od.ua/admin" "Mozilla/5.0 (X11; Linux x86_64; rv:95.0) Gecko/20100101 Firefox/95.0"
178.211.43.78 - - [08/Jun/2022:06:59:03 +0000] "GET /css/app.css HTTP/1.1" 200 149 "http://odessa-as-is-base.od.ua/admin" "Mozilla/5.0 (X11; Linux x86_64; rv:95.0) Gecko/20100101 Firefox/95.0"
178.211.43.78 - - [08/Jun/2022:06:59:03 +0000] "GET /vendor/laravel-admin/bootstrap-fileinput/css/fileinput.min.css?v=4.5.2 HTTP/1.1" 200 8626 "http://odessa-as-is-base.od.ua/admin" "Mozilla/5.0 (X11; Linux x86_64; rv:95.0) Gecko/20100101 Firefox/95.0"
178.211.43.78 - - [08/Jun/2022:06:59:03 +0000] "GET /vendor/laravel-admin/AdminLTE/plugins/colorpicker/bootstrap-colorpicker.min.css HTTP/1.1" 200 3318 "http://odessa-as-is-base.od.ua/admin" "Mozilla/5.0 (X11; Linux x86_64; rv:95.0) Gecko/20100101 Firefox/95.0"
178.211.43.78 - - [08/Jun/2022:06:59:03 +0000] "GET /vendor/laravel-admin/AdminLTE/plugins/ionslider/ion.rangeSlider.css HTTP/1.1" 200 3186 "http://odessa-as-is-base.od.ua/admin" "Mozilla/5.0 (X11; Linux x86_64; rv:95.0) Gecko/20100101 Firefox/95.0"
178.211.43.78 - - [08/Jun/2022:06:59:03 +0000] "GET /vendor/laravel-admin/bootstrap-duallistbox/dist/bootstrap-duallistbox.min.css HTTP/1.1" 200 1785 "http://odessa-as-is-base.od.ua/admin" "Mozilla/5.0 (X11; Linux x86_64; rv:95.0) Gecko/20100101 Firefox/95.0"
178.211.43.78 - - [08/Jun/2022:06:59:03 +0000] "GET /vendor/laravel-admin/fontawesome-iconpicker/dist/js/fontawesome-iconpicker.min.js HTTP/1.1" 200 31024 "http://odessa-as-is-base.od.ua/admin" "Mozilla/5.0 (X11; Linux x86_64; rv:95.0) Gecko/20100101 Firefox/95.0"
178.211.43.78 - - [08/Jun/2022:06:59:03 +0000] "GET /vendor/laravel-admin/toastr/build/toastr.min.css HTTP/1.1" 200 6454 "http://odessa-as-is-base.od.ua/admin" "Mozilla/5.0 (X11; Linux x86_64; rv:95.0) Gecko/20100101 Firefox/95.0"
178.211.43.78 - - [08/Jun/2022:06:59:03 +0000] "GET /vendor/laravel-admin/toastr/build/toastr.min.js HTTP/1.1" 200 5216 "http://odessa-as-is-base.od.ua/admin" "Mozilla/5.0 (X11; Linux x86_64; rv:95.0) Gecko/20100101 Firefox/95.0"
178.211.43.78 - - [08/Jun/2022:06:59:03 +0000] "GET /vendor/laravel-admin/bootstrap-duallistbox/dist/jquery.bootstrap-duallistbox.min.js HTTP/1.1" 200 16011 "http://odessa-as-is-base.od.ua/admin" "Mozilla/5.0 (X11; Linux x86_64; rv:95.0) Gecko/20100101 Firefox/95.0"
178.211.43.78 - - [08/Jun/2022:06:59:03 +0000] "GET /vendor/laravel-admin/AdminLTE/dist/css/skins/skin-blue-light.min.css HTTP/1.1" 200 3996 "http://odessa-as-is-base.od.ua/admin" "Mozilla/5.0 (X11; Linux x86_64; rv:95.0) Gecko/20100101 Firefox/95.0"
178.211.43.78 - - [08/Jun/2022:06:59:03 +0000] "GET /vendor/laravel-admin/eonasdan-bootstrap-datetimepicker/build/js/bootstrap-datetimepicker.min.js HTTP/1.1" 200 37955 "http://odessa-as-is-base.od.ua/admin" "Mozilla/5.0 (X11; Linux x86_64; rv:95.0) Gecko/20100101 Firefox/95.0"
178.211.43.78 - - [08/Jun/2022:06:59:03 +0000] "GET /vendor/laravel-admin/jquery-pjax/jquery.pjax.js HTTP/1.1" 200 26611 "http://odessa-as-is-base.od.ua/admin" "Mozilla/5.0 (X11; Linux x86_64; rv:95.0) Gecko/20100101 Firefox/95.0"
178.211.43.78 - - [08/Jun/2022:06:59:03 +0000] "GET /vendor/laravel-admin/AdminLTE/plugins/iCheck/minimal/_all.css HTTP/1.1" 200 14176 "http://odessa-as-is-base.od.ua/vendor/laravel-admin/AdminLTE/plugins/iCheck/all.css" "Mozilla/5.0 (X11; Linux x86_64; rv:95.0) Gecko/20100101 Firefox/95.0"
178.211.43.78 - - [08/Jun/2022:06:59:03 +0000] "GET /vendor/laravel-admin/AdminLTE/plugins/input-mask/jquery.inputmask.bundle.min.js HTTP/1.1" 200 69788 "http://odessa-as-is-base.od.ua/admin" "Mozilla/5.0 (X11; Linux x86_64; rv:95.0) Gecko/20100101 Firefox/95.0"
178.211.43.78 - - [08/Jun/2022:06:59:03 +0000] "GET /vendor/laravel-admin/AdminLTE/plugins/iCheck/line/_all.css HTTP/1.1" 200 21689 "http://odessa-as-is-base.od.ua/vendor/laravel-admin/AdminLTE/plugins/iCheck/all.css" "Mozilla/5.0 (X11; Linux x86_64; rv:95.0) Gecko/20100101 Firefox/95.0"
178.211.43.78 - - [08/Jun/2022:06:59:03 +0000] "GET /vendor/laravel-admin/AdminLTE/plugins/iCheck/flat/_all.css HTTP/1.1" 200 13773 "http://odessa-as-is-base.od.ua/vendor/laravel-admin/AdminLTE/plugins/iCheck/all.css" "Mozilla/5.0 (X11; Linux x86_64; rv:95.0) Gecko/20100101 Firefox/95.0"
178.211.43.78 - - [08/Jun/2022:06:59:03 +0000] "GET /vendor/laravel-admin/AdminLTE/plugins/iCheck/square/_all.css HTTP/1.1" 200 15591 "http://odessa-as-is-base.od.ua/vendor/laravel-admin/AdminLTE/plugins/iCheck/all.css" "Mozilla/5.0 (X11; Linux x86_64; rv:95.0) Gecko/20100101 Firefox/95.0"
178.211.43.78 - - [08/Jun/2022:06:59:03 +0000] "GET /vendor/laravel-admin/AdminLTE/plugins/iCheck/polaris/polaris.css HTTP/1.1" 200 1557 "http://odessa-as-is-base.od.ua/vendor/laravel-admin/AdminLTE/plugins/iCheck/all.css" "Mozilla/5.0 (X11; Linux x86_64; rv:95.0) Gecko/20100101 Firefox/95.0"
178.211.43.78 - - [08/Jun/2022:06:59:03 +0000] "GET /vendor/laravel-admin/AdminLTE/plugins/iCheck/futurico/futurico.css HTTP/1.1" 200 1421 "http://odessa-as-is-base.od.ua/vendor/laravel-admin/AdminLTE/plugins/iCheck/all.css" "Mozilla/5.0 (X11; Linux x86_64; rv:95.0) Gecko/20100101 Firefox/95.0"
178.211.43.78 - - [08/Jun/2022:06:59:03 +0000] "GET /vendor/laravel-admin/AdminLTE/dist/img/user2-160x160.jpg HTTP/1.1" 200 7070 "http://odessa-as-is-base.od.ua/admin" "Mozilla/5.0 (X11; Linux x86_64; rv:95.0) Gecko/20100101 Firefox/95.0"
178.211.43.78 - - [08/Jun/2022:06:59:03 +0000] "GET /vendor/laravel-admin/google-fonts/fonts/Source-Sans-Pro.woff2 HTTP/1.1" 200 14308 "http://odessa-as-is-base.od.ua/vendor/laravel-admin/google-fonts/fonts.css" "Mozilla/5.0 (X11; Linux x86_64; rv:95.0) Gecko/20100101 Firefox/95.0"
178.211.43.78 - - [08/Jun/2022:06:59:04 +0000] "GET /vendor/laravel-admin/google-fonts/fonts/Source-Sans-Pro-Bold.woff2 HTTP/1.1" 200 13892 "http://odessa-as-is-base.od.ua/vendor/laravel-admin/google-fonts/fonts.css" "Mozilla/5.0 (X11; Linux x86_64; rv:95.0) Gecko/20100101 Firefox/95.0"
178.211.43.78 - - [08/Jun/2022:06:59:04 +0000] "GET /vendor/laravel-admin/bootstrap-fileinput/js/plugins/sortable.min.js?v=4.5.2 HTTP/1.1" 200 16187 "http://odessa-as-is-base.od.ua/admin" "Mozilla/5.0 (X11; Linux x86_64; rv:95.0) Gecko/20100101 Firefox/95.0"
178.211.43.78 - - [08/Jun/2022:06:59:05 +0000] "GET /vendor/laravel-admin/google-fonts/fonts/Source-Sans-Pro-Semibold.woff2 HTTP/1.1" 200 13992 "http://odessa-as-is-base.od.ua/vendor/laravel-admin/google-fonts/fonts.css" "Mozilla/5.0 (X11; Linux x86_64; rv:95.0) Gecko/20100101 Firefox/95.0"
178.211.43.78 - - [08/Jun/2022:06:59:30 +0000] "GET /admin/grannies?_pjax=%23pjax-container HTTP/1.1" 200 292958 "http://odessa-as-is-base.od.ua/admin" "Mozilla/5.0 (X11; Linux x86_64; rv:95.0) Gecko/20100101 Firefox/95.0"
178.211.43.78 - - [08/Jun/2022:06:59:32 +0000] "GET /vendor/laravel-admin/google-fonts/fonts/Source-Sans-Pro-Italic.woff2 HTTP/1.1" 200 13980 "http://odessa-as-is-base.od.ua/vendor/laravel-admin/google-fonts/fonts.css" "Mozilla/5.0 (X11; Linux x86_64; rv:95.0) Gecko/20100101 Firefox/95.0"
178.211.43.78 - - [08/Jun/2022:06:59:33 +0000] "GET /vendor/laravel-admin/google-fonts/fonts/Source-Sans-Pro-Light.woff2 HTTP/1.1" 200 14308 "http://odessa-as-is-base.od.ua/vendor/laravel-admin/google-fonts/fonts.css" "Mozilla/5.0 (X11; Linux x86_64; rv:95.0) Gecko/20100101 Firefox/95.0"
178.211.43.78 - - [08/Jun/2022:06:59:35 +0000] "GET /admin/grannies/create?_pjax=%23pjax-container HTTP/1.1" 200 19568 "http://odessa-as-is-base.od.ua/admin/grannies" "Mozilla/5.0 (X11; Linux x86_64; rv:95.0) Gecko/20100101 Firefox/95.0"
178.211.43.73 - - [08/Jun/2022:07:01:05 +0000] "POST /admin/grannies HTTP/1.1" 302 438 "http://odessa-as-is-base.od.ua/admin/grannies/create" "Mozilla/5.0 (X11; Linux x86_64; rv:101.0) Gecko/20100101 Firefox/101.0"
178.211.43.73 - - [08/Jun/2022:07:01:07 +0000] "GET /admin/grannies HTTP/1.1" 200 292483 "http://odessa-as-is-base.od.ua/admin/grannies/create" "Mozilla/5.0 (X11; Linux x86_64; rv:101.0) Gecko/20100101 Firefox/101.0"
178.211.43.73 - - [08/Jun/2022:07:01:11 +0000] "GET /admin/grannies/3890/print-pdf HTTP/1.1" 200 6553 "http://odessa-as-is-base.od.ua/admin/grannies" "Mozilla/5.0 (X11; Linux x86_64; rv:101.0) Gecko/20100101 Firefox/101.0"
178.211.43.73 - - [08/Jun/2022:07:02:12 +0000] "GET /admin/grannies/create?_pjax=%23pjax-container HTTP/1.1" 200 19568 "http://odessa-as-is-base.od.ua/admin/grannies" "Mozilla/5.0 (X11; Linux x86_64; rv:101.0) Gecko/20100101 Firefox/101.0"
167.248.133.61 - - [08/Jun/2022:07:02:57 +0000] "GET / HTTP/1.1" 302 370 "-" "-"
167.248.133.61 - - [08/Jun/2022:07:02:57 +0000] "GET / HTTP/1.1" 302 370 "-" "Mozilla/5.0 (compatible; CensysInspect/1.1; +https://about.censys.io/)"
167.248.133.61 - - [08/Jun/2022:07:02:58 +0000] "PRI * HTTP/2.0" 400 157 "-" "-"
167.248.133.61 - - [08/Jun/2022:07:02:58 +0000] "GET /admin HTTP/1.1" 302 414 "-" "Mozilla/5.0 (compatible; CensysInspect/1.1; +https://about.censys.io/)"
167.248.133.61 - - [08/Jun/2022:07:02:58 +0000] "PRI * HTTP/2.0" 400 157 "-" "-"
167.248.133.61 - - [08/Jun/2022:07:02:59 +0000] "GET /admin/auth/login HTTP/1.1" 200 3375 "-" "Mozilla/5.0 (compatible; CensysInspect/1.1; +https://about.censys.io/)"
167.248.133.61 - - [08/Jun/2022:07:02:59 +0000] "PRI * HTTP/2.0" 400 157 "-" "-"
178.211.43.73 - - [08/Jun/2022:07:03:53 +0000] "POST /admin/grannies HTTP/1.1" 302 438 "http://odessa-as-is-base.od.ua/admin/grannies/create" "Mozilla/5.0 (X11; Linux x86_64; rv:101.0) Gecko/20100101 Firefox/101.0"
178.211.43.73 - - [08/Jun/2022:07:03:55 +0000] "GET /admin/grannies HTTP/1.1" 200 292357 "http://odessa-as-is-base.od.ua/admin/grannies/create" "Mozilla/5.0 (X11; Linux x86_64; rv:101.0) Gecko/20100101 Firefox/101.0"
178.211.43.73 - - [08/Jun/2022:07:04:03 +0000] "GET /admin/grannies/3891/print-pdf HTTP/1.1" 200 6571 "http://odessa-as-is-base.od.ua/admin/grannies" "Mozilla/5.0 (X11; Linux x86_64; rv:101.0) Gecko/20100101 Firefox/101.0"
178.211.43.73 - - [08/Jun/2022:07:04:08 +0000] "GET /admin/grannies/3891/print-pdf/skip_list HTTP/1.1" 200 6308 "http://odessa-as-is-base.od.ua/admin/grannies" "Mozilla/5.0 (X11; Linux x86_64; rv:101.0) Gecko/20100101 Firefox/101.0"
178.211.43.78 - - [08/Jun/2022:07:05:58 +0000] "POST /admin/grannies HTTP/1.1" 302 438 "http://odessa-as-is-base.od.ua/admin/grannies/create" "Mozilla/5.0 (X11; Linux x86_64; rv:95.0) Gecko/20100101 Firefox/95.0"
178.211.43.78 - - [08/Jun/2022:07:06:00 +0000] "GET /admin/grannies HTTP/1.1" 200 292498 "http://odessa-as-is-base.od.ua/admin/grannies/create" "Mozilla/5.0 (X11; Linux x86_64; rv:95.0) Gecko/20100101 Firefox/95.0"
178.211.43.78 - - [08/Jun/2022:07:06:06 +0000] "GET /admin/grannies/3892/print-pdf HTTP/1.1" 200 6567 "http://odessa-as-is-base.od.ua/admin/grannies" "Mozilla/5.0 (X11; Linux x86_64; rv:95.0) Gecko/20100101 Firefox/95.0"
178.211.43.78 - - [08/Jun/2022:07:06:11 +0000] "GET /admin/grannies/3892/print-pdf/skip_list HTTP/1.1" 200 6304 "http://odessa-as-is-base.od.ua/admin/grannies" "Mozilla/5.0 (X11; Linux x86_64; rv:95.0) Gecko/20100101 Firefox/95.0"
178.211.43.78 - - [08/Jun/2022:07:07:28 +0000] "GET /admin/grannies/3892/print-pdf/skip_list HTTP/1.1" 200 6304 "http://odessa-as-is-base.od.ua/admin/grannies" "Mozilla/5.0 (X11; Linux x86_64; rv:95.0) Gecko/20100101 Firefox/95.0"
178.211.43.78 - - [08/Jun/2022:07:10:10 +0000] "GET /admin/grannies/create?_pjax=%23pjax-container HTTP/1.1" 200 19568 "http://odessa-as-is-base.od.ua/admin/grannies" "Mozilla/5.0 (X11; Linux x86_64; rv:95.0) Gecko/20100101 Firefox/95.0"
178.211.43.73 - - [08/Jun/2022:07:11:03 +0000] "GET /admin/grannies/create?_pjax=%23pjax-container HTTP/1.1" 200 19568 "http://odessa-as-is-base.od.ua/admin/grannies" "Mozilla/5.0 (X11; Linux x86_64; rv:101.0) Gecko/20100101 Firefox/101.0"
178.211.43.78 - - [08/Jun/2022:07:11:35 +0000] "POST /admin/grannies HTTP/1.1" 302 438 "http://odessa-as-is-base.od.ua/admin/grannies/create" "Mozilla/5.0 (X11; Linux x86_64; rv:95.0) Gecko/20100101 Firefox/95.0"
178.211.43.78 - - [08/Jun/2022:07:11:37 +0000] "GET /admin/grannies HTTP/1.1" 200 292322 "http://odessa-as-is-base.od.ua/admin/grannies/create" "Mozilla/5.0 (X11; Linux x86_64; rv:95.0) Gecko/20100101 Firefox/95.0"
178.211.43.78 - - [08/Jun/2022:07:11:45 +0000] "GET /admin/grannies/3893/print-pdf HTTP/1.1" 200 6560 "http://odessa-as-is-base.od.ua/admin/grannies" "Mozilla/5.0 (X11; Linux x86_64; rv:95.0) Gecko/20100101 Firefox/95.0"
178.211.43.78 - - [08/Jun/2022:07:11:58 +0000] "GET /admin/grannies/3893/print-pdf/skip_list HTTP/1.1" 200 6297 "http://odessa-as-is-base.od.ua/admin/grannies" "Mozilla/5.0 (X11; Linux x86_64; rv:95.0) Gecko/20100101 Firefox/95.0"
178.211.43.78 - - [08/Jun/2022:07:14:54 +0000] "GET /admin/grannies/create?_pjax=%23pjax-container HTTP/1.1" 200 19568 "http://odessa-as-is-base.od.ua/admin/grannies" "Mozilla/5.0 (X11; Linux x86_64; rv:95.0) Gecko/20100101 Firefox/95.0"
178.211.43.73 - - [08/Jun/2022:07:15:06 +0000] "POST /admin/grannies HTTP/1.1" 302 438 "http://odessa-as-is-base.od.ua/admin/grannies/create" "Mozilla/5.0 (X11; Linux x86_64; rv:101.0) Gecko/20100101 Firefox/101.0"
178.211.43.73 - - [08/Jun/2022:07:15:14 +0000] "POST /admin/grannies HTTP/1.1" 302 438 "http://odessa-as-is-base.od.ua/admin/grannies" "Mozilla/5.0 (X11; Linux x86_64; rv:101.0) Gecko/20100101 Firefox/101.0"
178.211.43.73 - - [08/Jun/2022:07:15:16 +0000] "GET /admin/grannies HTTP/1.1" 200 292394 "http://odessa-as-is-base.od.ua/admin/grannies" "Mozilla/5.0 (X11; Linux x86_64; rv:101.0) Gecko/20100101 Firefox/101.0"
178.211.43.73 - - [08/Jun/2022:07:15:19 +0000] "GET /admin/grannies/3894/print-pdf HTTP/1.1" 200 6563 "http://odessa-as-is-base.od.ua/admin/grannies" "Mozilla/5.0 (X11; Linux x86_64; rv:101.0) Gecko/20100101 Firefox/101.0"
178.211.43.73 - - [08/Jun/2022:07:15:24 +0000] "GET /admin/grannies/3894/print-pdf/skip_list HTTP/1.1" 200 6300 "http://odessa-as-is-base.od.ua/admin/grannies" "Mozilla/5.0 (X11; Linux x86_64; rv:101.0) Gecko/20100101 Firefox/101.0"
178.211.43.73 - - [08/Jun/2022:07:16:15 +0000] "GET /admin/grannies HTTP/1.1" 200 313398 "-" "Mozilla/5.0 (X11; Linux x86_64; rv:101.0) Gecko/20100101 Firefox/101.0"
31.210.107.203 - - [08/Jun/2022:07:16:32 +0000] "GET /admin/grannies/create?_pjax=%23pjax-container HTTP/1.1" 200 19568 "http://odessa-as-is-base.od.ua/admin/grannies" "Mozilla/5.0 (X11; Linux x86_64; rv:101.0) Gecko/20100101 Firefox/101.0"
178.211.43.78 - - [08/Jun/2022:07:18:14 +0000] "POST /admin/grannies HTTP/1.1" 302 438 "http://odessa-as-is-base.od.ua/admin/grannies/create" "Mozilla/5.0 (X11; Linux x86_64; rv:95.0) Gecko/20100101 Firefox/95.0"
178.211.43.78 - - [08/Jun/2022:07:18:16 +0000] "GET /admin/grannies HTTP/1.1" 200 292475 "http://odessa-as-is-base.od.ua/admin/grannies/create" "Mozilla/5.0 (X11; Linux x86_64; rv:95.0) Gecko/20100101 Firefox/95.0"
178.211.43.78 - - [08/Jun/2022:07:18:20 +0000] "GET /admin/grannies/3895/print-pdf HTTP/1.1" 200 6580 "http://odessa-as-is-base.od.ua/admin/grannies" "Mozilla/5.0 (X11; Linux x86_64; rv:95.0) Gecko/20100101 Firefox/95.0"
178.211.43.78 - - [08/Jun/2022:07:18:24 +0000] "GET /admin/grannies/3895/print-pdf/skip_list HTTP/1.1" 200 6317 "http://odessa-as-is-base.od.ua/admin/grannies" "Mozilla/5.0 (X11; Linux x86_64; rv:95.0) Gecko/20100101 Firefox/95.0"
31.210.107.203 - - [08/Jun/2022:07:19:10 +0000] "POST /admin/grannies HTTP/1.1" 302 438 "http://odessa-as-is-base.od.ua/admin/grannies/create" "Mozilla/5.0 (X11; Linux x86_64; rv:101.0) Gecko/20100101 Firefox/101.0"
31.210.107.203 - - [08/Jun/2022:07:19:12 +0000] "GET /admin/grannies HTTP/1.1" 200 292142 "http://odessa-as-is-base.od.ua/admin/grannies/create" "Mozilla/5.0 (X11; Linux x86_64; rv:101.0) Gecko/20100101 Firefox/101.0"
31.210.107.203 - - [08/Jun/2022:07:19:24 +0000] "GET /admin/grannies/3896/print-pdf HTTP/1.1" 200 6532 "http://odessa-as-is-base.od.ua/admin/grannies" "Mozilla/5.0 (X11; Linux x86_64; rv:101.0) Gecko/20100101 Firefox/101.0"
31.210.107.203 - - [08/Jun/2022:07:19:29 +0000] "GET /admin/grannies/3896/print-pdf/skip_list HTTP/1.1" 200 6269 "http://odessa-as-is-base.od.ua/admin/grannies" "Mozilla/5.0 (X11; Linux x86_64; rv:101.0) Gecko/20100101 Firefox/101.0"
31.210.107.203 - - [08/Jun/2022:07:22:36 +0000] "GET /admin/grannies/create?_pjax=%23pjax-container HTTP/1.1" 200 19568 "http://odessa-as-is-base.od.ua/admin/grannies" "Mozilla/5.0 (X11; Linux x86_64; rv:101.0) Gecko/20100101 Firefox/101.0"
31.210.107.202 - - [08/Jun/2022:07:22:54 +0000] "GET /admin/grannies/create?_pjax=%23pjax-container HTTP/1.1" 200 19568 "http://odessa-as-is-base.od.ua/admin/grannies" "Mozilla/5.0 (X11; Linux x86_64; rv:95.0) Gecko/20100101 Firefox/95.0"
31.210.107.203 - - [08/Jun/2022:07:23:24 +0000] "POST /admin/grannies HTTP/1.1" 302 438 "http://odessa-as-is-base.od.ua/admin/grannies/create" "Mozilla/5.0 (X11; Linux x86_64; rv:101.0) Gecko/20100101 Firefox/101.0"
31.210.107.203 - - [08/Jun/2022:07:23:25 +0000] "GET /admin/grannies HTTP/1.1" 200 291787 "http://odessa-as-is-base.od.ua/admin/grannies/create" "Mozilla/5.0 (X11; Linux x86_64; rv:101.0) Gecko/20100101 Firefox/101.0"
31.210.107.203 - - [08/Jun/2022:07:23:29 +0000] "GET /admin/grannies/3897/print-pdf HTTP/1.1" 200 6554 "http://odessa-as-is-base.od.ua/admin/grannies" "Mozilla/5.0 (X11; Linux x86_64; rv:101.0) Gecko/20100101 Firefox/101.0"
94.102.61.10 - - [08/Jun/2022:07:26:02 +0000] "GET / HTTP/1.1" 302 370 "-" "Mozilla/5.0 (Windows NT 10.0; Win64; x64) AppleWebKit/537.36 (KHTML, like Gecko) Chrome/88.0.4324.190 Safari/537.36"
94.102.61.10 - - [08/Jun/2022:07:26:02 +0000] "GET /admin HTTP/1.1" 302 414 "http://159.223.227.144:80/" "Mozilla/5.0 (Windows NT 10.0; Win64; x64) AppleWebKit/537.36 (KHTML, like Gecko) Chrome/88.0.4324.190 Safari/537.36"
94.102.61.10 - - [08/Jun/2022:07:26:03 +0000] "GET /admin/auth/login HTTP/1.1" 200 3375 "http://159.223.227.144/admin" "Mozilla/5.0 (Windows NT 10.0; Win64; x64) AppleWebKit/537.36 (KHTML, like Gecko) Chrome/88.0.4324.190 Safari/537.36"
31.210.107.203 - - [08/Jun/2022:07:26:59 +0000] "GET /admin/grannies/create?_pjax=%23pjax-container HTTP/1.1" 200 19568 "http://odessa-as-is-base.od.ua/admin/grannies" "Mozilla/5.0 (X11; Linux x86_64; rv:101.0) Gecko/20100101 Firefox/101.0"
31.210.107.202 - - [08/Jun/2022:07:27:18 +0000] "POST /admin/grannies HTTP/1.1" 302 438 "http://odessa-as-is-base.od.ua/admin/grannies/create" "Mozilla/5.0 (X11; Linux x86_64; rv:95.0) Gecko/20100101 Firefox/95.0"
31.210.107.202 - - [08/Jun/2022:07:27:20 +0000] "GET /admin/grannies HTTP/1.1" 200 291630 "http://odessa-as-is-base.od.ua/admin/grannies/create" "Mozilla/5.0 (X11; Linux x86_64; rv:95.0) Gecko/20100101 Firefox/95.0"
31.210.107.202 - - [08/Jun/2022:07:27:32 +0000] "GET /admin/grannies/3898/print-pdf HTTP/1.1" 200 6547 "http://odessa-as-is-base.od.ua/admin/grannies" "Mozilla/5.0 (X11; Linux x86_64; rv:95.0) Gecko/20100101 Firefox/95.0"
31.210.107.202 - - [08/Jun/2022:07:27:36 +0000] "GET /admin/grannies/3898/print-pdf/skip_list HTTP/1.1" 200 6284 "http://odessa-as-is-base.od.ua/admin/grannies" "Mozilla/5.0 (X11; Linux x86_64; rv:95.0) Gecko/20100101 Firefox/95.0"
31.210.107.203 - - [08/Jun/2022:07:28:27 +0000] "POST /admin/grannies HTTP/1.1" 302 438 "http://odessa-as-is-base.od.ua/admin/grannies/create" "Mozilla/5.0 (X11; Linux x86_64; rv:101.0) Gecko/20100101 Firefox/101.0"
31.210.107.203 - - [08/Jun/2022:07:28:29 +0000] "GET /admin/grannies HTTP/1.1" 200 291401 "http://odessa-as-is-base.od.ua/admin/grannies/create" "Mozilla/5.0 (X11; Linux x86_64; rv:101.0) Gecko/20100101 Firefox/101.0"
31.210.107.203 - - [08/Jun/2022:07:28:33 +0000] "GET /admin/grannies/3899/print-pdf HTTP/1.1" 200 6573 "http://odessa-as-is-base.od.ua/admin/grannies" "Mozilla/5.0 (X11; Linux x86_64; rv:101.0) Gecko/20100101 Firefox/101.0"
31.210.107.202 - - [08/Jun/2022:07:31:45 +0000] "GET /admin/grannies/3898/print-pdf HTTP/1.1" 200 6547 "http://odessa-as-is-base.od.ua/admin/grannies" "Mozilla/5.0 (X11; Linux x86_64; rv:95.0) Gecko/20100101 Firefox/95.0"
31.210.107.202 - - [08/Jun/2022:07:31:53 +0000] "GET /admin/grannies/create?_pjax=%23pjax-container HTTP/1.1" 200 19568 "http://odessa-as-is-base.od.ua/admin/grannies" "Mozilla/5.0 (X11; Linux x86_64; rv:95.0) Gecko/20100101 Firefox/95.0"
31.210.107.202 - - [08/Jun/2022:07:33:47 +0000] "POST /admin/grannies HTTP/1.1" 302 438 "http://odessa-as-is-base.od.ua/admin/grannies/create" "Mozilla/5.0 (X11; Linux x86_64; rv:95.0) Gecko/20100101 Firefox/95.0"
31.210.107.202 - - [08/Jun/2022:07:33:48 +0000] "GET /admin/grannies HTTP/1.1" 200 291593 "http://odessa-as-is-base.od.ua/admin/grannies/create" "Mozilla/5.0 (X11; Linux x86_64; rv:95.0) Gecko/20100101 Firefox/95.0"
31.210.107.202 - - [08/Jun/2022:07:33:53 +0000] "GET /admin/grannies/3900/print-pdf HTTP/1.1" 200 6564 "http://odessa-as-is-base.od.ua/admin/grannies" "Mozilla/5.0 (X11; Linux x86_64; rv:95.0) Gecko/20100101 Firefox/95.0"
31.210.107.203 - - [08/Jun/2022:07:34:43 +0000] "GET /admin/grannies/create?_pjax=%23pjax-container HTTP/1.1" 200 19568 "http://odessa-as-is-base.od.ua/admin/grannies" "Mozilla/5.0 (X11; Linux x86_64; rv:101.0) Gecko/20100101 Firefox/101.0"
31.210.107.202 - - [08/Jun/2022:07:35:24 +0000] "GET /admin/grannies/create?_pjax=%23pjax-container HTTP/1.1" 200 19568 "http://odessa-as-is-base.od.ua/admin/grannies" "Mozilla/5.0 (X11; Linux x86_64; rv:95.0) Gecko/20100101 Firefox/95.0"
31.210.107.203 - - [08/Jun/2022:07:36:53 +0000] "POST /admin/grannies HTTP/1.1" 302 438 "http://odessa-as-is-base.od.ua/admin/grannies/create" "Mozilla/5.0 (X11; Linux x86_64; rv:101.0) Gecko/20100101 Firefox/101.0"
31.210.107.202 - - [08/Jun/2022:07:36:55 +0000] "POST /admin/grannies HTTP/1.1" 302 438 "http://odessa-as-is-base.od.ua/admin/grannies/create" "Mozilla/5.0 (X11; Linux x86_64; rv:95.0) Gecko/20100101 Firefox/95.0"
31.210.107.203 - - [08/Jun/2022:07:36:56 +0000] "GET /admin/grannies HTTP/1.1" 200 291779 "http://odessa-as-is-base.od.ua/admin/grannies/create" "Mozilla/5.0 (X11; Linux x86_64; rv:101.0) Gecko/20100101 Firefox/101.0"
31.210.107.202 - - [08/Jun/2022:07:36:57 +0000] "GET /admin/grannies HTTP/1.1" 200 291850 "http://odessa-as-is-base.od.ua/admin/grannies/create" "Mozilla/5.0 (X11; Linux x86_64; rv:95.0) Gecko/20100101 Firefox/95.0"
31.210.107.203 - - [08/Jun/2022:07:36:59 +0000] "GET /admin/grannies/3901/print-pdf HTTP/1.1" 200 6583 "http://odessa-as-is-base.od.ua/admin/grannies" "Mozilla/5.0 (X11; Linux x86_64; rv:101.0) Gecko/20100101 Firefox/101.0"
31.210.107.202 - - [08/Jun/2022:07:37:02 +0000] "GET /admin/grannies/3902/print-pdf HTTP/1.1" 200 6572 "http://odessa-as-is-base.od.ua/admin/grannies" "Mozilla/5.0 (X11; Linux x86_64; rv:95.0) Gecko/20100101 Firefox/95.0"
31.210.107.202 - - [08/Jun/2022:07:37:05 +0000] "GET /admin/grannies/3902/print-pdf/skip_list HTTP/1.1" 200 6309 "http://odessa-as-is-base.od.ua/admin/grannies" "Mozilla/5.0 (X11; Linux x86_64; rv:95.0) Gecko/20100101 Firefox/95.0"
31.210.107.203 - - [08/Jun/2022:07:37:11 +0000] "GET /admin/grannies/3901/print-pdf/skip_list HTTP/1.1" 200 6320 "http://odessa-as-is-base.od.ua/admin/grannies" "Mozilla/5.0 (X11; Linux x86_64; rv:101.0) Gecko/20100101 Firefox/101.0"
31.210.107.203 - - [08/Jun/2022:07:40:28 +0000] "GET /admin/grannies/create?_pjax=%23pjax-container HTTP/1.1" 200 19568 "http://odessa-as-is-base.od.ua/admin/grannies" "Mozilla/5.0 (X11; Linux x86_64; rv:101.0) Gecko/20100101 Firefox/101.0"
31.210.107.202 - - [08/Jun/2022:07:41:59 +0000] "GET /admin/grannies/create?_pjax=%23pjax-container HTTP/1.1" 200 19568 "http://odessa-as-is-base.od.ua/admin/grannies" "Mozilla/5.0 (X11; Linux x86_64; rv:95.0) Gecko/20100101 Firefox/95.0"
31.210.107.203 - - [08/Jun/2022:07:42:12 +0000] "POST /admin/grannies HTTP/1.1" 302 438 "http://odessa-as-is-base.od.ua/admin/grannies/create" "Mozilla/5.0 (X11; Linux x86_64; rv:101.0) Gecko/20100101 Firefox/101.0"
31.210.107.203 - - [08/Jun/2022:07:42:14 +0000] "GET /admin/grannies HTTP/1.1" 200 291916 "http://odessa-as-is-base.od.ua/admin/grannies/create" "Mozilla/5.0 (X11; Linux x86_64; rv:101.0) Gecko/20100101 Firefox/101.0"
31.210.107.203 - - [08/Jun/2022:07:42:25 +0000] "GET /admin/grannies/3903/edit?_pjax=%23pjax-container HTTP/1.1" 200 26325 "http://odessa-as-is-base.od.ua/admin/grannies" "Mozilla/5.0 (X11; Linux x86_64; rv:101.0) Gecko/20100101 Firefox/101.0"
31.210.107.203 - - [08/Jun/2022:07:42:33 +0000] "POST /admin/grannies/3903 HTTP/1.1" 302 438 "http://odessa-as-is-base.od.ua/admin/grannies/3903/edit" "Mozilla/5.0 (X11; Linux x86_64; rv:101.0) Gecko/20100101 Firefox/101.0"
31.210.107.203 - - [08/Jun/2022:07:42:37 +0000] "GET /admin/grannies HTTP/1.1" 200 291928 "http://odessa-as-is-base.od.ua/admin/grannies/3903/edit" "Mozilla/5.0 (X11; Linux x86_64; rv:101.0) Gecko/20100101 Firefox/101.0"
31.210.107.203 - - [08/Jun/2022:07:42:39 +0000] "GET /admin/grannies/3903/print-pdf HTTP/1.1" 200 6572 "http://odessa-as-is-base.od.ua/admin/grannies" "Mozilla/5.0 (X11; Linux x86_64; rv:101.0) Gecko/20100101 Firefox/101.0"
31.210.107.203 - - [08/Jun/2022:07:42:44 +0000] "GET /admin/grannies/3903/print-pdf/skip_list HTTP/1.1" 200 6309 "http://odessa-as-is-base.od.ua/admin/grannies" "Mozilla/5.0 (X11; Linux x86_64; rv:101.0) Gecko/20100101 Firefox/101.0"
31.210.107.203 - - [08/Jun/2022:07:43:38 +0000] "GET /admin/grannies/3903/print-pdf/skip_list HTTP/1.1" 200 6309 "http://odessa-as-is-base.od.ua/admin/grannies" "Mozilla/5.0 (X11; Linux x86_64; rv:101.0) Gecko/20100101 Firefox/101.0"
31.210.107.202 - - [08/Jun/2022:07:45:02 +0000] "POST /admin/grannies HTTP/1.1" 302 438 "http://odessa-as-is-base.od.ua/admin/grannies/create" "Mozilla/5.0 (X11; Linux x86_64; rv:95.0) Gecko/20100101 Firefox/95.0"
31.210.107.202 - - [08/Jun/2022:07:45:04 +0000] "GET /admin/grannies HTTP/1.1" 200 292032 "http://odessa-as-is-base.od.ua/admin/grannies/create" "Mozilla/5.0 (X11; Linux x86_64; rv:95.0) Gecko/20100101 Firefox/95.0"
31.210.107.202 - - [08/Jun/2022:07:45:08 +0000] "GET /admin/grannies/3904/print-pdf HTTP/1.1" 200 6559 "http://odessa-as-is-base.od.ua/admin/grannies" "Mozilla/5.0 (X11; Linux x86_64; rv:95.0) Gecko/20100101 Firefox/95.0"
31.210.107.202 - - [08/Jun/2022:07:45:12 +0000] "GET /admin/grannies/3904/print-pdf/skip_list HTTP/1.1" 200 6296 "http://odessa-as-is-base.od.ua/admin/grannies" "Mozilla/5.0 (X11; Linux x86_64; rv:95.0) Gecko/20100101 Firefox/95.0"
31.210.107.202 - - [08/Jun/2022:07:46:17 +0000] "GET /admin/grannies/create?_pjax=%23pjax-container HTTP/1.1" 200 19568 "http://odessa-as-is-base.od.ua/admin/grannies" "Mozilla/5.0 (X11; Linux x86_64; rv:95.0) Gecko/20100101 Firefox/95.0"
31.210.107.203 - - [08/Jun/2022:07:46:44 +0000] "GET /admin/grannies/create?_pjax=%23pjax-container HTTP/1.1" 200 19568 "http://odessa-as-is-base.od.ua/admin/grannies" "Mozilla/5.0 (X11; Linux x86_64; rv:101.0) Gecko/20100101 Firefox/101.0"
31.210.107.202 - - [08/Jun/2022:07:48:11 +0000] "POST /admin/grannies HTTP/1.1" 302 438 "http://odessa-as-is-base.od.ua/admin/grannies/create" "Mozilla/5.0 (X11; Linux x86_64; rv:95.0) Gecko/20100101 Firefox/95.0"
31.210.107.202 - - [08/Jun/2022:07:48:13 +0000] "GET /admin/grannies HTTP/1.1" 200 291662 "http://odessa-as-is-base.od.ua/admin/grannies/create" "Mozilla/5.0 (X11; Linux x86_64; rv:95.0) Gecko/20100101 Firefox/95.0"
31.210.107.202 - - [08/Jun/2022:07:48:18 +0000] "GET /admin/grannies/3905/print-pdf HTTP/1.1" 200 6580 "http://odessa-as-is-base.od.ua/admin/grannies" "Mozilla/5.0 (X11; Linux x86_64; rv:95.0) Gecko/20100101 Firefox/95.0"
31.210.107.202 - - [08/Jun/2022:07:48:22 +0000] "GET /admin/grannies/3905/print-pdf/skip_list HTTP/1.1" 200 6317 "http://odessa-as-is-base.od.ua/admin/grannies" "Mozilla/5.0 (X11; Linux x86_64; rv:95.0) Gecko/20100101 Firefox/95.0"
31.210.107.203 - - [08/Jun/2022:07:48:41 +0000] "POST /admin/grannies HTTP/1.1" 302 438 "http://odessa-as-is-base.od.ua/admin/grannies/create" "Mozilla/5.0 (X11; Linux x86_64; rv:101.0) Gecko/20100101 Firefox/101.0"
31.210.107.203 - - [08/Jun/2022:07:48:43 +0000] "GET /admin/grannies HTTP/1.1" 200 291583 "http://odessa-as-is-base.od.ua/admin/grannies/create" "Mozilla/5.0 (X11; Linux x86_64; rv:101.0) Gecko/20100101 Firefox/101.0"
31.210.107.202 - - [08/Jun/2022:07:49:12 +0000] "GET /admin/grannies/create?_pjax=%23pjax-container HTTP/1.1" 200 19568 "http://odessa-as-is-base.od.ua/admin/grannies" "Mozilla/5.0 (X11; Linux x86_64; rv:95.0) Gecko/20100101 Firefox/95.0"
31.210.107.203 - - [08/Jun/2022:07:49:14 +0000] "GET /admin/grannies/3906/print-pdf HTTP/1.1" 200 6573 "http://odessa-as-is-base.od.ua/admin/grannies" "Mozilla/5.0 (X11; Linux x86_64; rv:101.0) Gecko/20100101 Firefox/101.0"
31.210.107.202 - - [08/Jun/2022:07:52:14 +0000] "POST /admin/grannies HTTP/1.1" 302 438 "http://odessa-as-is-base.od.ua/admin/grannies/create" "Mozilla/5.0 (X11; Linux x86_64; rv:95.0) Gecko/20100101 Firefox/95.0"
31.210.107.203 - - [08/Jun/2022:07:52:16 +0000] "GET /admin/grannies/3906/print-pdf/skip_list HTTP/1.1" 200 6310 "http://odessa-as-is-base.od.ua/admin/grannies" "Mozilla/5.0 (X11; Linux x86_64; rv:101.0) Gecko/20100101 Firefox/101.0"
31.210.107.202 - - [08/Jun/2022:07:52:16 +0000] "GET /admin/grannies HTTP/1.1" 200 291682 "http://odessa-as-is-base.od.ua/admin/grannies/create" "Mozilla/5.0 (X11; Linux x86_64; rv:95.0) Gecko/20100101 Firefox/95.0"
31.210.107.203 - - [08/Jun/2022:07:52:16 +0000] "GET /admin/grannies/3906/print-pdf/skip_list HTTP/1.1" 200 6310 "http://odessa-as-is-base.od.ua/admin/grannies" "Mozilla/5.0 (X11; Linux x86_64; rv:101.0) Gecko/20100101 Firefox/101.0"
31.210.107.202 - - [08/Jun/2022:07:52:27 +0000] "GET /admin/grannies/3907/print-pdf HTTP/1.1" 200 6584 "http://odessa-as-is-base.od.ua/admin/grannies" "Mozilla/5.0 (X11; Linux x86_64; rv:95.0) Gecko/20100101 Firefox/95.0"
31.210.107.202 - - [08/Jun/2022:07:53:02 +0000] "GET /admin/grannies/create?_pjax=%23pjax-container HTTP/1.1" 200 19568 "http://odessa-as-is-base.od.ua/admin/grannies" "Mozilla/5.0 (X11; Linux x86_64; rv:95.0) Gecko/20100101 Firefox/95.0"
31.210.107.202 - - [08/Jun/2022:07:58:01 +0000] "POST /admin/grannies HTTP/1.1" 302 438 "http://odessa-as-is-base.od.ua/admin/grannies/create" "Mozilla/5.0 (X11; Linux x86_64; rv:95.0) Gecko/20100101 Firefox/95.0"
31.210.107.202 - - [08/Jun/2022:07:58:03 +0000] "GET /admin/grannies HTTP/1.1" 200 291713 "http://odessa-as-is-base.od.ua/admin/grannies/create" "Mozilla/5.0 (X11; Linux x86_64; rv:95.0) Gecko/20100101 Firefox/95.0"
31.210.107.202 - - [08/Jun/2022:07:58:11 +0000] "GET /admin/grannies/3908/print-pdf HTTP/1.1" 200 6550 "http://odessa-as-is-base.od.ua/admin/grannies" "Mozilla/5.0 (X11; Linux x86_64; rv:95.0) Gecko/20100101 Firefox/95.0"
31.210.107.202 - - [08/Jun/2022:07:58:16 +0000] "GET /admin/grannies/3908/print-pdf/skip_list HTTP/1.1" 200 6287 "http://odessa-as-is-base.od.ua/admin/grannies" "Mozilla/5.0 (X11; Linux x86_64; rv:95.0) Gecko/20100101 Firefox/95.0"
31.210.107.202 - - [08/Jun/2022:07:58:18 +0000] "GET /admin/grannies/3908/print-pdf/skip_list HTTP/1.1" 200 6287 "http://odessa-as-is-base.od.ua/admin/grannies" "Mozilla/5.0 (X11; Linux x86_64; rv:95.0) Gecko/20100101 Firefox/95.0"
31.210.107.202 - - [08/Jun/2022:07:59:14 +0000] "GET /admin/grannies/create?_pjax=%23pjax-container HTTP/1.1" 200 19568 "http://odessa-as-is-base.od.ua/admin/grannies" "Mozilla/5.0 (X11; Linux x86_64; rv:95.0) Gecko/20100101 Firefox/95.0"
176.97.63.216 - - [08/Jun/2022:07:59:20 +0000] "GET / HTTP/1.1" 302 402 "-" "Mozilla/5.0 (Linux; Android 10; K) AppleWebKit/537.36 (KHTML, like Gecko) Chrome/102.0.0.0 Mobile Safari/537.36"
176.97.63.216 - - [08/Jun/2022:07:59:21 +0000] "GET /admin HTTP/1.1" 302 446 "-" "Mozilla/5.0 (Linux; Android 10; K) AppleWebKit/537.36 (KHTML, like Gecko) Chrome/102.0.0.0 Mobile Safari/537.36"
176.97.63.216 - - [08/Jun/2022:07:59:21 +0000] "GET /admin/auth/login HTTP/1.1" 200 3447 "-" "Mozilla/5.0 (Linux; Android 10; K) AppleWebKit/537.36 (KHTML, like Gecko) Chrome/102.0.0.0 Mobile Safari/537.36"
176.97.63.216 - - [08/Jun/2022:07:59:21 +0000] "GET /vendor/laravel-admin/font-awesome/css/font-awesome.min.css HTTP/1.1" 200 31000 "http://odessa-as-is-base.od.ua/admin/auth/login" "Mozilla/5.0 (Linux; Android 10; K) AppleWebKit/537.36 (KHTML, like Gecko) Chrome/102.0.0.0 Mobile Safari/537.36"
176.97.63.216 - - [08/Jun/2022:07:59:21 +0000] "GET /vendor/laravel-admin/AdminLTE/bootstrap/css/bootstrap.min.css HTTP/1.1" 200 124702 "http://odessa-as-is-base.od.ua/admin/auth/login" "Mozilla/5.0 (Linux; Android 10; K) AppleWebKit/537.36 (KHTML, like Gecko) Chrome/102.0.0.0 Mobile Safari/537.36"
176.97.63.216 - - [08/Jun/2022:07:59:21 +0000] "GET /vendor/laravel-admin/AdminLTE/plugins/iCheck/square/blue.css HTTP/1.1" 200 1611 "http://odessa-as-is-base.od.ua/admin/auth/login" "Mozilla/5.0 (Linux; Android 10; K) AppleWebKit/537.36 (KHTML, like Gecko) Chrome/102.0.0.0 Mobile Safari/537.36"
176.97.63.216 - - [08/Jun/2022:07:59:21 +0000] "GET /vendor/laravel-admin/AdminLTE/plugins/jQuery/jQuery-2.1.4.min.js HTTP/1.1" 200 84345 "http://odessa-as-is-base.od.ua/admin/auth/login" "Mozilla/5.0 (Linux; Android 10; K) AppleWebKit/537.36 (KHTML, like Gecko) Chrome/102.0.0.0 Mobile Safari/537.36"
176.97.63.216 - - [08/Jun/2022:07:59:21 +0000] "GET /vendor/laravel-admin/AdminLTE/dist/css/AdminLTE.min.css HTTP/1.1" 200 91082 "http://odessa-as-is-base.od.ua/admin/auth/login" "Mozilla/5.0 (Linux; Android 10; K) AppleWebKit/537.36 (KHTML, like Gecko) Chrome/102.0.0.0 Mobile Safari/537.36"
176.97.63.216 - - [08/Jun/2022:07:59:21 +0000] "GET /vendor/laravel-admin/AdminLTE/bootstrap/js/bootstrap.min.js HTTP/1.1" 200 35951 "http://odessa-as-is-base.od.ua/admin/auth/login" "Mozilla/5.0 (Linux; Android 10; K) AppleWebKit/537.36 (KHTML, like Gecko) Chrome/102.0.0.0 Mobile Safari/537.36"
176.97.63.216 - - [08/Jun/2022:07:59:21 +0000] "GET /vendor/laravel-admin/AdminLTE/plugins/iCheck/icheck.min.js HTTP/1.1" 200 4516 "http://odessa-as-is-base.od.ua/admin/auth/login" "Mozilla/5.0 (Linux; Android 10; K) AppleWebKit/537.36 (KHTML, like Gecko) Chrome/102.0.0.0 Mobile Safari/537.36"
176.97.63.216 - - [08/Jun/2022:07:59:22 +0000] "GET /vendor/laravel-admin/AdminLTE/bootstrap/fonts/glyphicons-halflings-regular.woff2 HTTP/1.1" 200 18028 "http://odessa-as-is-base.od.ua/vendor/laravel-admin/AdminLTE/bootstrap/css/bootstrap.min.css" "Mozilla/5.0 (Linux; Android 10; K) AppleWebKit/537.36 (KHTML, like Gecko) Chrome/102.0.0.0 Mobile Safari/537.36"
176.97.63.216 - - [08/Jun/2022:07:59:22 +0000] "GET /vendor/laravel-admin/AdminLTE/plugins/iCheck/square/blue@2x.png HTTP/1.1" 200 4485 "http://odessa-as-is-base.od.ua/vendor/laravel-admin/AdminLTE/plugins/iCheck/square/blue.css" "Mozilla/5.0 (Linux; Android 10; K) AppleWebKit/537.36 (KHTML, like Gecko) Chrome/102.0.0.0 Mobile Safari/537.36"
176.97.63.216 - - [08/Jun/2022:07:59:22 +0000] "GET /favicon.ico HTTP/1.1" 200 0 "http://odessa-as-is-base.od.ua/admin/auth/login" "Mozilla/5.0 (Linux; Android 10; K) AppleWebKit/537.36 (KHTML, like Gecko) Chrome/102.0.0.0 Mobile Safari/537.36"
176.97.63.216 - - [08/Jun/2022:07:59:29 +0000] "POST /admin/auth/login HTTP/1.1" 302 402 "http://odessa-as-is-base.od.ua/admin/auth/login" "Mozilla/5.0 (Linux; Android 10; K) AppleWebKit/537.36 (KHTML, like Gecko) Chrome/102.0.0.0 Mobile Safari/537.36"
176.97.63.216 - - [08/Jun/2022:07:59:29 +0000] "GET /admin HTTP/1.1" 200 24933 "http://odessa-as-is-base.od.ua/admin/auth/login" "Mozilla/5.0 (Linux; Android 10; K) AppleWebKit/537.36 (KHTML, like Gecko) Chrome/102.0.0.0 Mobile Safari/537.36"
176.97.63.216 - - [08/Jun/2022:07:59:30 +0000] "GET /css/app.css HTTP/1.1" 200 149 "http://odessa-as-is-base.od.ua/admin" "Mozilla/5.0 (Linux; Android 10; K) AppleWebKit/537.36 (KHTML, like Gecko) Chrome/102.0.0.0 Mobile Safari/537.36"
176.97.63.216 - - [08/Jun/2022:07:59:30 +0000] "GET /vendor/laravel-admin/AdminLTE/plugins/iCheck/all.css HTTP/1.1" 200 1568 "http://odessa-as-is-base.od.ua/admin" "Mozilla/5.0 (Linux; Android 10; K) AppleWebKit/537.36 (KHTML, like Gecko) Chrome/102.0.0.0 Mobile Safari/537.36"
176.97.63.216 - - [08/Jun/2022:07:59:30 +0000] "GET /vendor/laravel-admin/eonasdan-bootstrap-datetimepicker/build/css/bootstrap-datetimepicker.min.css HTTP/1.1" 200 7771 "http://odessa-as-is-base.od.ua/admin" "Mozilla/5.0 (Linux; Android 10; K) AppleWebKit/537.36 (KHTML, like Gecko) Chrome/102.0.0.0 Mobile Safari/537.36"
176.97.63.216 - - [08/Jun/2022:07:59:30 +0000] "GET /vendor/laravel-admin/AdminLTE/plugins/colorpicker/bootstrap-colorpicker.min.css HTTP/1.1" 200 3318 "http://odessa-as-is-base.od.ua/admin" "Mozilla/5.0 (Linux; Android 10; K) AppleWebKit/537.36 (KHTML, like Gecko) Chrome/102.0.0.0 Mobile Safari/537.36"
