31.210.107.202 - - [08/Jun/2022:09:51:24 +0000] "GET /vendor/laravel-admin/AdminLTE/bootstrap/js/bootstrap.min.js HTTP/1.1" 200 35951 "http://odessa-as-is-base.od.ua/admin" "Mozilla/5.0 (X11; Linux x86_64; rv:95.0) Gecko/20100101 Firefox/95.0"
31.210.107.202 - - [08/Jun/2022:09:51:24 +0000] "GET /vendor/laravel-admin/AdminLTE/plugins/iCheck/all.css HTTP/1.1" 200 1568 "http://odessa-as-is-base.od.ua/admin" "Mozilla/5.0 (X11; Linux x86_64; rv:95.0) Gecko/20100101 Firefox/95.0"
31.210.107.202 - - [08/Jun/2022:09:51:24 +0000] "GET /vendor/laravel-admin/toastr/build/toastr.min.css HTTP/1.1" 200 6454 "http://odessa-as-is-base.od.ua/admin" "Mozilla/5.0 (X11; Linux x86_64; rv:95.0) Gecko/20100101 Firefox/95.0"
31.210.107.202 - - [08/Jun/2022:09:51:24 +0000] "GET /vendor/laravel-admin/bootstrap-fileinput/css/fileinput.min.css?v=4.5.2 HTTP/1.1" 200 8626 "http://odessa-as-is-base.od.ua/admin" "Mozilla/5.0 (X11; Linux x86_64; rv:95.0) Gecko/20100101 Firefox/95.0"
31.210.107.202 - - [08/Jun/2022:09:51:24 +0000] "GET /vendor/laravel-admin/bootstrap-duallistbox/dist/bootstrap-duallistbox.min.css HTTP/1.1" 200 1785 "http://odessa-as-is-base.od.ua/admin" "Mozilla/5.0 (X11; Linux x86_64; rv:95.0) Gecko/20100101 Firefox/95.0"
31.210.107.202 - - [08/Jun/2022:09:51:24 +0000] "GET /vendor/laravel-admin/AdminLTE/plugins/ionslider/ion.rangeSlider.css HTTP/1.1" 200 3186 "http://odessa-as-is-base.od.ua/admin" "Mozilla/5.0 (X11; Linux x86_64; rv:95.0) Gecko/20100101 Firefox/95.0"
31.210.107.202 - - [08/Jun/2022:09:51:24 +0000] "GET /vendor/laravel-admin/bootstrap3-editable/css/bootstrap-editable.css HTTP/1.1" 200 21202 "http://odessa-as-is-base.od.ua/admin" "Mozilla/5.0 (X11; Linux x86_64; rv:95.0) Gecko/20100101 Firefox/95.0"
31.210.107.202 - - [08/Jun/2022:09:51:24 +0000] "GET /vendor/laravel-admin/eonasdan-bootstrap-datetimepicker/build/css/bootstrap-datetimepicker.min.css HTTP/1.1" 200 7771 "http://odessa-as-is-base.od.ua/admin" "Mozilla/5.0 (X11; Linux x86_64; rv:95.0) Gecko/20100101 Firefox/95.0"
31.210.107.202 - - [08/Jun/2022:09:51:24 +0000] "GET /vendor/laravel-admin/nprogress/nprogress.css HTTP/1.1" 200 1461 "http://odessa-as-is-base.od.ua/admin" "Mozilla/5.0 (X11; Linux x86_64; rv:95.0) Gecko/20100101 Firefox/95.0"
31.210.107.202 - - [08/Jun/2022:09:51:24 +0000] "GET /vendor/laravel-admin/nestable/jquery.nestable.js HTTP/1.1" 200 17600 "http://odessa-as-is-base.od.ua/admin" "Mozilla/5.0 (X11; Linux x86_64; rv:95.0) Gecko/20100101 Firefox/95.0"
31.210.107.202 - - [08/Jun/2022:09:51:24 +0000] "GET /vendor/laravel-admin/jquery-pjax/jquery.pjax.js HTTP/1.1" 200 26611 "http://odessa-as-is-base.od.ua/admin" "Mozilla/5.0 (X11; Linux x86_64; rv:95.0) Gecko/20100101 Firefox/95.0"
31.210.107.202 - - [08/Jun/2022:09:51:24 +0000] "GET /vendor/laravel-admin/nprogress/nprogress.js HTTP/1.1" 200 11565 "http://odessa-as-is-base.od.ua/admin" "Mozilla/5.0 (X11; Linux x86_64; rv:95.0) Gecko/20100101 Firefox/95.0"
31.210.107.202 - - [08/Jun/2022:09:51:24 +0000] "GET /vendor/laravel-admin/AdminLTE/plugins/colorpicker/bootstrap-colorpicker.min.js HTTP/1.1" 200 15528 "http://odessa-as-is-base.od.ua/admin" "Mozilla/5.0 (X11; Linux x86_64; rv:95.0) Gecko/20100101 Firefox/95.0"
31.210.107.202 - - [08/Jun/2022:09:51:24 +0000] "GET /vendor/laravel-admin/toastr/build/toastr.min.js HTTP/1.1" 200 5216 "http://odessa-as-is-base.od.ua/admin" "Mozilla/5.0 (X11; Linux x86_64; rv:95.0) Gecko/20100101 Firefox/95.0"
31.210.107.202 - - [08/Jun/2022:09:51:24 +0000] "GET /vendor/laravel-admin/AdminLTE/bootstrap/css/bootstrap.min.css HTTP/1.1" 200 124702 "http://odessa-as-is-base.od.ua/admin" "Mozilla/5.0 (X11; Linux x86_64; rv:95.0) Gecko/20100101 Firefox/95.0"
31.210.107.202 - - [08/Jun/2022:09:51:24 +0000] "GET /vendor/laravel-admin/AdminLTE/plugins/iCheck/icheck.min.js HTTP/1.1" 200 4516 "http://odessa-as-is-base.od.ua/admin" "Mozilla/5.0 (X11; Linux x86_64; rv:95.0) Gecko/20100101 Firefox/95.0"
31.210.107.202 - - [08/Jun/2022:09:51:24 +0000] "GET /vendor/laravel-admin/AdminLTE/plugins/input-mask/jquery.inputmask.bundle.min.js HTTP/1.1" 200 69788 "http://odessa-as-is-base.od.ua/admin" "Mozilla/5.0 (X11; Linux x86_64; rv:95.0) Gecko/20100101 Firefox/95.0"
31.210.107.202 - - [08/Jun/2022:09:51:24 +0000] "GET /vendor/laravel-admin/bootstrap3-editable/js/bootstrap-editable.min.js HTTP/1.1" 200 75909 "http://odessa-as-is-base.od.ua/admin" "Mozilla/5.0 (X11; Linux x86_64; rv:95.0) Gecko/20100101 Firefox/95.0"
31.210.107.202 - - [08/Jun/2022:09:51:24 +0000] "GET /vendor/laravel-admin/laravel-admin/laravel-admin.js HTTP/1.1" 200 5144 "http://odessa-as-is-base.od.ua/admin" "Mozilla/5.0 (X11; Linux x86_64; rv:95.0) Gecko/20100101 Firefox/95.0"
31.210.107.202 - - [08/Jun/2022:09:51:24 +0000] "GET /vendor/laravel-admin/sweetalert2/dist/sweetalert2.min.js HTTP/1.1" 200 34564 "http://odessa-as-is-base.od.ua/admin" "Mozilla/5.0 (X11; Linux x86_64; rv:95.0) Gecko/20100101 Firefox/95.0"
31.210.107.202 - - [08/Jun/2022:09:51:24 +0000] "GET /vendor/laravel-admin/laravel-admin/laravel-admin.css HTTP/1.1" 200 1613 "http://odessa-as-is-base.od.ua/admin" "Mozilla/5.0 (X11; Linux x86_64; rv:95.0) Gecko/20100101 Firefox/95.0"
31.210.107.202 - - [08/Jun/2022:09:51:24 +0000] "GET /vendor/laravel-admin/bootstrap-fileinput/js/plugins/canvas-to-blob.min.js HTTP/1.1" 200 1027 "http://odessa-as-is-base.od.ua/admin" "Mozilla/5.0 (X11; Linux x86_64; rv:95.0) Gecko/20100101 Firefox/95.0"
31.210.107.202 - - [08/Jun/2022:09:51:24 +0000] "GET /vendor/laravel-admin/eonasdan-bootstrap-datetimepicker/build/js/bootstrap-datetimepicker.min.js HTTP/1.1" 200 37955 "http://odessa-as-is-base.od.ua/admin" "Mozilla/5.0 (X11; Linux x86_64; rv:95.0) Gecko/20100101 Firefox/95.0"
31.210.107.202 - - [08/Jun/2022:09:51:24 +0000] "GET /vendor/laravel-admin/AdminLTE/plugins/select2/select2.full.min.js HTTP/1.1" 200 75005 "http://odessa-as-is-base.od.ua/admin" "Mozilla/5.0 (X11; Linux x86_64; rv:95.0) Gecko/20100101 Firefox/95.0"
31.210.107.202 - - [08/Jun/2022:09:51:24 +0000] "GET /vendor/laravel-admin/number-input/bootstrap-number-input.js HTTP/1.1" 200 3458 "http://odessa-as-is-base.od.ua/admin" "Mozilla/5.0 (X11; Linux x86_64; rv:95.0) Gecko/20100101 Firefox/95.0"
31.210.107.202 - - [08/Jun/2022:09:51:24 +0000] "GET /vendor/laravel-admin/fontawesome-iconpicker/dist/js/fontawesome-iconpicker.min.js HTTP/1.1" 200 31024 "http://odessa-as-is-base.od.ua/admin" "Mozilla/5.0 (X11; Linux x86_64; rv:95.0) Gecko/20100101 Firefox/95.0"
31.210.107.202 - - [08/Jun/2022:09:51:24 +0000] "GET /vendor/laravel-admin/bootstrap-switch/dist/js/bootstrap-switch.min.js HTTP/1.1" 200 15724 "http://odessa-as-is-base.od.ua/admin" "Mozilla/5.0 (X11; Linux x86_64; rv:95.0) Gecko/20100101 Firefox/95.0"
31.210.107.202 - - [08/Jun/2022:09:51:24 +0000] "GET /vendor/laravel-admin/bootstrap-fileinput/js/plugins/sortable.min.js?v=4.5.2 HTTP/1.1" 200 16187 "http://odessa-as-is-base.od.ua/admin" "Mozilla/5.0 (X11; Linux x86_64; rv:95.0) Gecko/20100101 Firefox/95.0"
31.210.107.202 - - [08/Jun/2022:09:51:24 +0000] "GET /vendor/laravel-admin/bootstrap-duallistbox/dist/jquery.bootstrap-duallistbox.min.js HTTP/1.1" 200 16011 "http://odessa-as-is-base.od.ua/admin" "Mozilla/5.0 (X11; Linux x86_64; rv:95.0) Gecko/20100101 Firefox/95.0"
31.210.107.202 - - [08/Jun/2022:09:51:24 +0000] "GET /vendor/laravel-admin/bootstrap-fileinput/js/fileinput.min.js?v=4.5.2 HTTP/1.1" 200 96214 "http://odessa-as-is-base.od.ua/admin" "Mozilla/5.0 (X11; Linux x86_64; rv:95.0) Gecko/20100101 Firefox/95.0"
31.210.107.202 - - [08/Jun/2022:09:51:24 +0000] "GET /vendor/laravel-admin/AdminLTE/plugins/iCheck/line/_all.css HTTP/1.1" 200 21689 "http://odessa-as-is-base.od.ua/vendor/laravel-admin/AdminLTE/plugins/iCheck/all.css" "Mozilla/5.0 (X11; Linux x86_64; rv:95.0) Gecko/20100101 Firefox/95.0"
31.210.107.202 - - [08/Jun/2022:09:51:24 +0000] "GET /vendor/laravel-admin/AdminLTE/plugins/iCheck/polaris/polaris.css HTTP/1.1" 200 1557 "http://odessa-as-is-base.od.ua/vendor/laravel-admin/AdminLTE/plugins/iCheck/all.css" "Mozilla/5.0 (X11; Linux x86_64; rv:95.0) Gecko/20100101 Firefox/95.0"
31.210.107.202 - - [08/Jun/2022:09:51:24 +0000] "GET /vendor/laravel-admin/AdminLTE/plugins/iCheck/futurico/futurico.css HTTP/1.1" 200 1421 "http://odessa-as-is-base.od.ua/vendor/laravel-admin/AdminLTE/plugins/iCheck/all.css" "Mozilla/5.0 (X11; Linux x86_64; rv:95.0) Gecko/20100101 Firefox/95.0"
31.210.107.202 - - [08/Jun/2022:09:51:25 +0000] "GET /vendor/laravel-admin/AdminLTE/plugins/iCheck/flat/_all.css HTTP/1.1" 200 13773 "http://odessa-as-is-base.od.ua/vendor/laravel-admin/AdminLTE/plugins/iCheck/all.css" "Mozilla/5.0 (X11; Linux x86_64; rv:95.0) Gecko/20100101 Firefox/95.0"
31.210.107.202 - - [08/Jun/2022:09:51:25 +0000] "GET /vendor/laravel-admin/AdminLTE/plugins/iCheck/minimal/_all.css HTTP/1.1" 200 14176 "http://odessa-as-is-base.od.ua/vendor/laravel-admin/AdminLTE/plugins/iCheck/all.css" "Mozilla/5.0 (X11; Linux x86_64; rv:95.0) Gecko/20100101 Firefox/95.0"
31.210.107.202 - - [08/Jun/2022:09:51:25 +0000] "GET /vendor/laravel-admin/AdminLTE/plugins/iCheck/square/_all.css HTTP/1.1" 200 15591 "http://odessa-as-is-base.od.ua/vendor/laravel-admin/AdminLTE/plugins/iCheck/all.css" "Mozilla/5.0 (X11; Linux x86_64; rv:95.0) Gecko/20100101 Firefox/95.0"
31.210.107.202 - - [08/Jun/2022:09:51:25 +0000] "GET /vendor/laravel-admin/AdminLTE/plugins/select2/select2.min.css HTTP/1.1" 200 15196 "http://odessa-as-is-base.od.ua/admin" "Mozilla/5.0 (X11; Linux x86_64; rv:95.0) Gecko/20100101 Firefox/95.0"
31.210.107.202 - - [08/Jun/2022:09:51:25 +0000] "GET /vendor/laravel-admin/AdminLTE/plugins/slimScroll/jquery.slimscroll.min.js HTTP/1.1" 200 4872 "http://odessa-as-is-base.od.ua/admin" "Mozilla/5.0 (X11; Linux x86_64; rv:95.0) Gecko/20100101 Firefox/95.0"
31.210.107.202 - - [08/Jun/2022:09:51:25 +0000] "GET /vendor/laravel-admin/moment/min/moment-with-locales.min.js HTTP/1.1" 200 170649 "http://odessa-as-is-base.od.ua/admin" "Mozilla/5.0 (X11; Linux x86_64; rv:95.0) Gecko/20100101 Firefox/95.0"
31.210.107.202 - - [08/Jun/2022:09:51:25 +0000] "GET /vendor/laravel-admin/AdminLTE/plugins/ionslider/ion.rangeSlider.min.js HTTP/1.1" 200 9720 "http://odessa-as-is-base.od.ua/admin" "Mozilla/5.0 (X11; Linux x86_64; rv:95.0) Gecko/20100101 Firefox/95.0"
31.210.107.202 - - [08/Jun/2022:09:51:25 +0000] "GET /vendor/laravel-admin/AdminLTE/dist/img/user2-160x160.jpg HTTP/1.1" 200 7070 "http://odessa-as-is-base.od.ua/admin" "Mozilla/5.0 (X11; Linux x86_64; rv:95.0) Gecko/20100101 Firefox/95.0"
31.210.107.202 - - [08/Jun/2022:09:51:25 +0000] "GET /vendor/laravel-admin/google-fonts/fonts/Source-Sans-Pro.woff2 HTTP/1.1" 200 14308 "http://odessa-as-is-base.od.ua/vendor/laravel-admin/google-fonts/fonts.css" "Mozilla/5.0 (X11; Linux x86_64; rv:95.0) Gecko/20100101 Firefox/95.0"
31.210.107.202 - - [08/Jun/2022:09:51:26 +0000] "GET /vendor/laravel-admin/font-awesome/fonts/fontawesome-webfont.woff2?v=4.7.0 HTTP/1.1" 200 77160 "http://odessa-as-is-base.od.ua/vendor/laravel-admin/font-awesome/css/font-awesome.min.css" "Mozilla/5.0 (X11; Linux x86_64; rv:95.0) Gecko/20100101 Firefox/95.0"
31.210.107.202 - - [08/Jun/2022:09:51:26 +0000] "GET /vendor/laravel-admin/google-fonts/fonts/Source-Sans-Pro-Semibold.woff2 HTTP/1.1" 200 13992 "http://odessa-as-is-base.od.ua/vendor/laravel-admin/google-fonts/fonts.css" "Mozilla/5.0 (X11; Linux x86_64; rv:95.0) Gecko/20100101 Firefox/95.0"
31.210.107.202 - - [08/Jun/2022:09:51:26 +0000] "GET /vendor/laravel-admin/google-fonts/fonts/Source-Sans-Pro-Bold.woff2 HTTP/1.1" 200 13892 "http://odessa-as-is-base.od.ua/vendor/laravel-admin/google-fonts/fonts.css" "Mozilla/5.0 (X11; Linux x86_64; rv:95.0) Gecko/20100101 Firefox/95.0"
31.210.107.202 - - [08/Jun/2022:09:51:26 +0000] "GET /favicon.ico HTTP/1.1" 200 0 "http://odessa-as-is-base.od.ua/admin" "Mozilla/5.0 (X11; Linux x86_64; rv:95.0) Gecko/20100101 Firefox/95.0"
31.210.107.202 - - [08/Jun/2022:09:51:33 +0000] "GET /admin/grannies?_pjax=%23pjax-container HTTP/1.1" 200 292572 "http://odessa-as-is-base.od.ua/admin" "Mozilla/5.0 (X11; Linux x86_64; rv:95.0) Gecko/20100101 Firefox/95.0"
31.210.107.202 - - [08/Jun/2022:09:51:35 +0000] "GET /vendor/laravel-admin/AdminLTE/plugins/iCheck/minimal/blue.png HTTP/1.1" 200 1132 "http://odessa-as-is-base.od.ua/vendor/laravel-admin/AdminLTE/plugins/iCheck/minimal/_all.css" "Mozilla/5.0 (X11; Linux x86_64; rv:95.0) Gecko/20100101 Firefox/95.0"
31.210.107.202 - - [08/Jun/2022:09:51:35 +0000] "GET /vendor/laravel-admin/google-fonts/fonts/Source-Sans-Pro-Light.woff2 HTTP/1.1" 200 14308 "http://odessa-as-is-base.od.ua/vendor/laravel-admin/google-fonts/fonts.css" "Mozilla/5.0 (X11; Linux x86_64; rv:95.0) Gecko/20100101 Firefox/95.0"
31.210.107.202 - - [08/Jun/2022:09:51:35 +0000] "GET /vendor/laravel-admin/google-fonts/fonts/Source-Sans-Pro-Italic.woff2 HTTP/1.1" 200 13980 "http://odessa-as-is-base.od.ua/vendor/laravel-admin/google-fonts/fonts.css" "Mozilla/5.0 (X11; Linux x86_64; rv:95.0) Gecko/20100101 Firefox/95.0"
31.210.107.202 - - [08/Jun/2022:09:51:39 +0000] "GET /admin/grannies/create?_pjax=%23pjax-container HTTP/1.1" 200 19568 "http://odessa-as-is-base.od.ua/admin/grannies" "Mozilla/5.0 (X11; Linux x86_64; rv:95.0) Gecko/20100101 Firefox/95.0"
46.37.216.231 - - [08/Jun/2022:09:53:37 +0000] "POST /admin/grannies HTTP/1.1" 302 438 "http://odessa-as-is-base.od.ua/admin/grannies/create" "Mozilla/5.0 (X11; Linux x86_64; rv:101.0) Gecko/20100101 Firefox/101.0"
46.37.216.231 - - [08/Jun/2022:09:53:38 +0000] "GET /admin/grannies HTTP/1.1" 200 292159 "http://odessa-as-is-base.od.ua/admin/grannies/create" "Mozilla/5.0 (X11; Linux x86_64; rv:101.0) Gecko/20100101 Firefox/101.0"
46.37.216.231 - - [08/Jun/2022:09:53:47 +0000] "GET /admin/grannies/3941/print-pdf HTTP/1.1" 200 6588 "http://odessa-as-is-base.od.ua/admin/grannies" "Mozilla/5.0 (X11; Linux x86_64; rv:101.0) Gecko/20100101 Firefox/101.0"
46.37.216.231 - - [08/Jun/2022:09:55:15 +0000] "GET /admin/grannies/create?_pjax=%23pjax-container HTTP/1.1" 200 19568 "http://odessa-as-is-base.od.ua/admin/grannies" "Mozilla/5.0 (X11; Linux x86_64; rv:101.0) Gecko/20100101 Firefox/101.0"
31.210.107.202 - - [08/Jun/2022:09:56:05 +0000] "POST /admin/grannies HTTP/1.1" 302 438 "http://odessa-as-is-base.od.ua/admin/grannies/create" "Mozilla/5.0 (X11; Linux x86_64; rv:95.0) Gecko/20100101 Firefox/95.0"
31.210.107.202 - - [08/Jun/2022:09:56:09 +0000] "GET /admin/grannies HTTP/1.1" 200 292082 "http://odessa-as-is-base.od.ua/admin/grannies/create" "Mozilla/5.0 (X11; Linux x86_64; rv:95.0) Gecko/20100101 Firefox/95.0"
31.210.107.202 - - [08/Jun/2022:09:56:15 +0000] "GET /admin/grannies/3942/print-pdf HTTP/1.1" 200 6585 "-" "Mozilla/5.0 (X11; Linux x86_64; rv:95.0) Gecko/20100101 Firefox/95.0"
31.210.107.202 - - [08/Jun/2022:09:57:07 +0000] "GET /admin/grannies/3942/print-pdf HTTP/1.1" 200 6585 "http://odessa-as-is-base.od.ua/admin/grannies" "Mozilla/5.0 (X11; Linux x86_64; rv:95.0) Gecko/20100101 Firefox/95.0"
31.210.107.202 - - [08/Jun/2022:09:57:37 +0000] "GET /admin/grannies/create?_pjax=%23pjax-container HTTP/1.1" 200 19568 "http://odessa-as-is-base.od.ua/admin/grannies" "Mozilla/5.0 (X11; Linux x86_64; rv:95.0) Gecko/20100101 Firefox/95.0"
46.37.216.231 - - [08/Jun/2022:09:57:48 +0000] "POST /admin/grannies HTTP/1.1" 302 438 "http://odessa-as-is-base.od.ua/admin/grannies/create" "Mozilla/5.0 (X11; Linux x86_64; rv:101.0) Gecko/20100101 Firefox/101.0"
46.37.216.231 - - [08/Jun/2022:09:57:49 +0000] "GET /admin/grannies HTTP/1.1" 200 291802 "http://odessa-as-is-base.od.ua/admin/grannies/create" "Mozilla/5.0 (X11; Linux x86_64; rv:101.0) Gecko/20100101 Firefox/101.0"
46.37.216.231 - - [08/Jun/2022:09:57:52 +0000] "GET /admin/grannies/3943/print-pdf HTTP/1.1" 200 6576 "http://odessa-as-is-base.od.ua/admin/grannies" "Mozilla/5.0 (X11; Linux x86_64; rv:101.0) Gecko/20100101 Firefox/101.0"
46.37.216.231 - - [08/Jun/2022:09:57:58 +0000] "GET /admin/grannies/3943/print-pdf/skip_list HTTP/1.1" 200 6313 "http://odessa-as-is-base.od.ua/admin/grannies" "Mozilla/5.0 (X11; Linux x86_64; rv:101.0) Gecko/20100101 Firefox/101.0"
46.37.216.231 - - [08/Jun/2022:09:59:08 +0000] "GET /admin/grannies/create?_pjax=%23pjax-container HTTP/1.1" 200 19568 "http://odessa-as-is-base.od.ua/admin/grannies" "Mozilla/5.0 (X11; Linux x86_64; rv:101.0) Gecko/20100101 Firefox/101.0"
46.37.216.231 - - [08/Jun/2022:09:59:49 +0000] "POST /admin/grannies HTTP/1.1" 302 438 "http://odessa-as-is-base.od.ua/admin/grannies/create" "Mozilla/5.0 (X11; Linux x86_64; rv:101.0) Gecko/20100101 Firefox/101.0"
46.37.216.231 - - [08/Jun/2022:09:59:51 +0000] "GET /admin/grannies HTTP/1.1" 200 291745 "http://odessa-as-is-base.od.ua/admin/grannies/create" "Mozilla/5.0 (X11; Linux x86_64; rv:101.0) Gecko/20100101 Firefox/101.0"
31.210.107.202 - - [08/Jun/2022:09:59:53 +0000] "POST /admin/grannies HTTP/1.1" 302 438 "http://odessa-as-is-base.od.ua/admin/grannies/create" "Mozilla/5.0 (X11; Linux x86_64; rv:95.0) Gecko/20100101 Firefox/95.0"
46.37.216.231 - - [08/Jun/2022:09:59:55 +0000] "GET /admin/grannies/3944/print-pdf HTTP/1.1" 200 6563 "http://odessa-as-is-base.od.ua/admin/grannies" "Mozilla/5.0 (X11; Linux x86_64; rv:101.0) Gecko/20100101 Firefox/101.0"
31.210.107.202 - - [08/Jun/2022:09:59:55 +0000] "GET /admin/grannies HTTP/1.1" 200 291623 "http://odessa-as-is-base.od.ua/admin/grannies/create" "Mozilla/5.0 (X11; Linux x86_64; rv:95.0) Gecko/20100101 Firefox/95.0"
46.37.216.231 - - [08/Jun/2022:09:59:59 +0000] "GET /admin/grannies/3944/print-pdf/skip_list HTTP/1.1" 200 6300 "http://odessa-as-is-base.od.ua/admin/grannies" "Mozilla/5.0 (X11; Linux x86_64; rv:101.0) Gecko/20100101 Firefox/101.0"
31.210.107.202 - - [08/Jun/2022:10:00:02 +0000] "GET /admin/grannies/3945/print-pdf HTTP/1.1" 200 6562 "http://odessa-as-is-base.od.ua/admin/grannies" "Mozilla/5.0 (X11; Linux x86_64; rv:95.0) Gecko/20100101 Firefox/95.0"
31.210.107.202 - - [08/Jun/2022:10:00:21 +0000] "GET /admin/grannies/3945/print-pdf/skip_list HTTP/1.1" 200 6299 "http://odessa-as-is-base.od.ua/admin/grannies" "Mozilla/5.0 (X11; Linux x86_64; rv:95.0) Gecko/20100101 Firefox/95.0"
31.210.107.202 - - [08/Jun/2022:10:00:35 +0000] "GET /admin/grannies/3945/print-pdf/skip_list HTTP/1.1" 200 6299 "http://odessa-as-is-base.od.ua/admin/grannies" "Mozilla/5.0 (X11; Linux x86_64; rv:95.0) Gecko/20100101 Firefox/95.0"
46.37.216.231 - - [08/Jun/2022:10:02:59 +0000] "GET /admin/grannies/create?_pjax=%23pjax-container HTTP/1.1" 200 19568 "http://odessa-as-is-base.od.ua/admin/grannies" "Mozilla/5.0 (X11; Linux x86_64; rv:101.0) Gecko/20100101 Firefox/101.0"
46.37.216.231 - - [08/Jun/2022:10:04:54 +0000] "POST /admin/grannies HTTP/1.1" 302 438 "http://odessa-as-is-base.od.ua/admin/grannies/create" "Mozilla/5.0 (X11; Linux x86_64; rv:101.0) Gecko/20100101 Firefox/101.0"
46.37.216.231 - - [08/Jun/2022:10:04:55 +0000] "GET /admin/grannies HTTP/1.1" 200 291714 "http://odessa-as-is-base.od.ua/admin/grannies/create" "Mozilla/5.0 (X11; Linux x86_64; rv:101.0) Gecko/20100101 Firefox/101.0"
31.210.107.202 - - [08/Jun/2022:10:05:03 +0000] "GET /admin/grannies/create?_pjax=%23pjax-container HTTP/1.1" 200 19568 "http://odessa-as-is-base.od.ua/admin/grannies" "Mozilla/5.0 (X11; Linux x86_64; rv:95.0) Gecko/20100101 Firefox/95.0"
46.37.216.231 - - [08/Jun/2022:10:05:21 +0000] "GET /admin/grannies/3946/print-pdf HTTP/1.1" 200 6555 "http://odessa-as-is-base.od.ua/admin/grannies" "Mozilla/5.0 (X11; Linux x86_64; rv:101.0) Gecko/20100101 Firefox/101.0"
46.37.216.231 - - [08/Jun/2022:10:05:40 +0000] "GET /admin/grannies/3946/print-pdf/skip_list HTTP/1.1" 200 6292 "http://odessa-as-is-base.od.ua/admin/grannies" "Mozilla/5.0 (X11; Linux x86_64; rv:101.0) Gecko/20100101 Firefox/101.0"
46.37.216.231 - - [08/Jun/2022:10:07:03 +0000] "GET /admin/grannies/create?_pjax=%23pjax-container HTTP/1.1" 200 19568 "http://odessa-as-is-base.od.ua/admin/grannies" "Mozilla/5.0 (X11; Linux x86_64; rv:101.0) Gecko/20100101 Firefox/101.0"
46.37.216.231 - - [08/Jun/2022:10:07:57 +0000] "POST /admin/grannies HTTP/1.1" 302 438 "http://odessa-as-is-base.od.ua/admin/grannies/create" "Mozilla/5.0 (X11; Linux x86_64; rv:101.0) Gecko/20100101 Firefox/101.0"
46.37.216.231 - - [08/Jun/2022:10:07:59 +0000] "GET /admin/grannies HTTP/1.1" 200 291669 "http://odessa-as-is-base.od.ua/admin/grannies/create" "Mozilla/5.0 (X11; Linux x86_64; rv:101.0) Gecko/20100101 Firefox/101.0"
46.37.216.231 - - [08/Jun/2022:10:08:07 +0000] "GET /admin/grannies/3947/print-pdf HTTP/1.1" 200 6563 "http://odessa-as-is-base.od.ua/admin/grannies" "Mozilla/5.0 (X11; Linux x86_64; rv:101.0) Gecko/20100101 Firefox/101.0"
46.37.216.231 - - [08/Jun/2022:10:08:10 +0000] "GET /admin/grannies/3947/print-pdf/skip_list HTTP/1.1" 200 6300 "http://odessa-as-is-base.od.ua/admin/grannies" "Mozilla/5.0 (X11; Linux x86_64; rv:101.0) Gecko/20100101 Firefox/101.0"
46.37.216.231 - - [08/Jun/2022:10:10:41 +0000] "GET /admin/grannies/create?_pjax=%23pjax-container HTTP/1.1" 200 19568 "http://odessa-as-is-base.od.ua/admin/grannies" "Mozilla/5.0 (X11; Linux x86_64; rv:101.0) Gecko/20100101 Firefox/101.0"
31.210.107.202 - - [08/Jun/2022:10:12:10 +0000] "POST /admin/grannies HTTP/1.1" 302 438 "http://odessa-as-is-base.od.ua/admin/grannies/create" "Mozilla/5.0 (X11; Linux x86_64; rv:95.0) Gecko/20100101 Firefox/95.0"
31.210.107.202 - - [08/Jun/2022:10:12:13 +0000] "GET /admin/grannies HTTP/1.1" 200 291927 "http://odessa-as-is-base.od.ua/admin/grannies/create" "Mozilla/5.0 (X11; Linux x86_64; rv:95.0) Gecko/20100101 Firefox/95.0"
31.210.107.202 - - [08/Jun/2022:10:12:27 +0000] "GET /admin/grannies/3948/print-pdf HTTP/1.1" 200 6598 "http://odessa-as-is-base.od.ua/admin/grannies" "Mozilla/5.0 (X11; Linux x86_64; rv:95.0) Gecko/20100101 Firefox/95.0"
31.210.107.202 - - [08/Jun/2022:10:12:31 +0000] "GET /admin/grannies/3948/print-pdf/skip_list HTTP/1.1" 200 6335 "http://odessa-as-is-base.od.ua/admin/grannies" "Mozilla/5.0 (X11; Linux x86_64; rv:95.0) Gecko/20100101 Firefox/95.0"
46.37.216.231 - - [08/Jun/2022:10:13:24 +0000] "POST /admin/grannies HTTP/1.1" 302 438 "http://odessa-as-is-base.od.ua/admin/grannies/create" "Mozilla/5.0 (X11; Linux x86_64; rv:101.0) Gecko/20100101 Firefox/101.0"
46.37.216.231 - - [08/Jun/2022:10:13:26 +0000] "GET /admin/grannies HTTP/1.1" 200 292097 "http://odessa-as-is-base.od.ua/admin/grannies/create" "Mozilla/5.0 (X11; Linux x86_64; rv:101.0) Gecko/20100101 Firefox/101.0"
46.37.216.231 - - [08/Jun/2022:10:13:41 +0000] "GET /admin/grannies/3949/print-pdf HTTP/1.1" 200 6573 "http://odessa-as-is-base.od.ua/admin/grannies" "Mozilla/5.0 (X11; Linux x86_64; rv:101.0) Gecko/20100101 Firefox/101.0"
46.37.216.231 - - [08/Jun/2022:10:13:45 +0000] "GET /admin/grannies/3949/print-pdf/skip_list HTTP/1.1" 200 6310 "http://odessa-as-is-base.od.ua/admin/grannies" "Mozilla/5.0 (X11; Linux x86_64; rv:101.0) Gecko/20100101 Firefox/101.0"
31.210.107.202 - - [08/Jun/2022:10:14:47 +0000] "GET /admin/grannies/create?_pjax=%23pjax-container HTTP/1.1" 200 19568 "http://odessa-as-is-base.od.ua/admin/grannies" "Mozilla/5.0 (X11; Linux x86_64; rv:95.0) Gecko/20100101 Firefox/95.0"
46.37.216.231 - - [08/Jun/2022:10:15:44 +0000] "GET /admin/grannies/create?_pjax=%23pjax-container HTTP/1.1" 200 19568 "http://odessa-as-is-base.od.ua/admin/grannies" "Mozilla/5.0 (X11; Linux x86_64; rv:101.0) Gecko/20100101 Firefox/101.0"
31.210.107.202 - - [08/Jun/2022:10:16:42 +0000] "POST /admin/grannies HTTP/1.1" 302 438 "http://odessa-as-is-base.od.ua/admin/grannies/create" "Mozilla/5.0 (X11; Linux x86_64; rv:95.0) Gecko/20100101 Firefox/95.0"
31.210.107.202 - - [08/Jun/2022:10:16:43 +0000] "GET /admin/grannies HTTP/1.1" 200 291974 "http://odessa-as-is-base.od.ua/admin/grannies/create" "Mozilla/5.0 (X11; Linux x86_64; rv:95.0) Gecko/20100101 Firefox/95.0"
31.210.107.202 - - [08/Jun/2022:10:16:55 +0000] "GET /admin/grannies/3950/print-pdf HTTP/1.1" 200 6559 "http://odessa-as-is-base.od.ua/admin/grannies" "Mozilla/5.0 (X11; Linux x86_64; rv:95.0) Gecko/20100101 Firefox/95.0"
31.210.107.202 - - [08/Jun/2022:10:17:05 +0000] "GET /admin/grannies/3950/print-pdf/skip_list HTTP/1.1" 200 6296 "http://odessa-as-is-base.od.ua/admin/grannies" "Mozilla/5.0 (X11; Linux x86_64; rv:95.0) Gecko/20100101 Firefox/95.0"
31.210.107.202 - - [08/Jun/2022:10:17:59 +0000] "GET /admin/grannies/create?_pjax=%23pjax-container HTTP/1.1" 200 19568 "http://odessa-as-is-base.od.ua/admin/grannies" "Mozilla/5.0 (X11; Linux x86_64; rv:95.0) Gecko/20100101 Firefox/95.0"
46.37.216.231 - - [08/Jun/2022:10:17:59 +0000] "POST /admin/grannies HTTP/1.1" 302 438 "http://odessa-as-is-base.od.ua/admin/grannies/create" "Mozilla/5.0 (X11; Linux x86_64; rv:101.0) Gecko/20100101 Firefox/101.0"
46.37.216.231 - - [08/Jun/2022:10:18:03 +0000] "GET /admin/grannies HTTP/1.1" 200 291817 "http://odessa-as-is-base.od.ua/admin/grannies/create" "Mozilla/5.0 (X11; Linux x86_64; rv:101.0) Gecko/20100101 Firefox/101.0"
46.37.216.231 - - [08/Jun/2022:10:18:07 +0000] "GET /admin/grannies/3951/print-pdf HTTP/1.1" 200 6563 "http://odessa-as-is-base.od.ua/admin/grannies" "Mozilla/5.0 (X11; Linux x86_64; rv:101.0) Gecko/20100101 Firefox/101.0"
46.37.216.231 - - [08/Jun/2022:10:18:16 +0000] "GET /admin/grannies/3951/print-pdf/skip_list HTTP/1.1" 200 6300 "http://odessa-as-is-base.od.ua/admin/grannies" "Mozilla/5.0 (X11; Linux x86_64; rv:101.0) Gecko/20100101 Firefox/101.0"
46.37.216.231 - - [08/Jun/2022:10:20:21 +0000] "GET /admin/grannies/create?_pjax=%23pjax-container HTTP/1.1" 200 19568 "http://odessa-as-is-base.od.ua/admin/grannies" "Mozilla/5.0 (X11; Linux x86_64; rv:101.0) Gecko/20100101 Firefox/101.0"
46.37.216.231 - - [08/Jun/2022:10:22:07 +0000] "POST /admin/grannies HTTP/1.1" 302 438 "http://odessa-as-is-base.od.ua/admin/grannies/create" "Mozilla/5.0 (X11; Linux x86_64; rv:101.0) Gecko/20100101 Firefox/101.0"
46.37.216.231 - - [08/Jun/2022:10:22:11 +0000] "GET /admin/grannies HTTP/1.1" 200 291838 "http://odessa-as-is-base.od.ua/admin/grannies/create" "Mozilla/5.0 (X11; Linux x86_64; rv:101.0) Gecko/20100101 Firefox/101.0"
46.37.216.231 - - [08/Jun/2022:10:22:14 +0000] "GET /admin/grannies/3952/print-pdf HTTP/1.1" 200 6571 "http://odessa-as-is-base.od.ua/admin/grannies" "Mozilla/5.0 (X11; Linux x86_64; rv:101.0) Gecko/20100101 Firefox/101.0"
31.210.107.202 - - [08/Jun/2022:10:22:40 +0000] "POST /admin/grannies HTTP/1.1" 302 438 "http://odessa-as-is-base.od.ua/admin/grannies/create" "Mozilla/5.0 (X11; Linux x86_64; rv:95.0) Gecko/20100101 Firefox/95.0"
31.210.107.202 - - [08/Jun/2022:10:22:42 +0000] "GET /admin/grannies HTTP/1.1" 200 291974 "http://odessa-as-is-base.od.ua/admin/grannies/create" "Mozilla/5.0 (X11; Linux x86_64; rv:95.0) Gecko/20100101 Firefox/95.0"
31.210.107.202 - - [08/Jun/2022:10:23:06 +0000] "GET /admin/grannies/3953/print-pdf HTTP/1.1" 200 6560 "http://odessa-as-is-base.od.ua/admin/grannies" "Mozilla/5.0 (X11; Linux x86_64; rv:95.0) Gecko/20100101 Firefox/95.0"
31.210.107.202 - - [08/Jun/2022:10:23:10 +0000] "GET /admin/grannies/3953/print-pdf/skip_list HTTP/1.1" 200 6297 "http://odessa-as-is-base.od.ua/admin/grannies" "Mozilla/5.0 (X11; Linux x86_64; rv:95.0) Gecko/20100101 Firefox/95.0"
46.37.216.231 - - [08/Jun/2022:10:23:49 +0000] "GET /admin/grannies/3952/edit?_pjax=%23pjax-container HTTP/1.1" 200 21397 "http://odessa-as-is-base.od.ua/admin/grannies" "Mozilla/5.0 (X11; Linux x86_64; rv:101.0) Gecko/20100101 Firefox/101.0"
46.37.216.231 - - [08/Jun/2022:10:23:54 +0000] "POST /admin/grannies/3952 HTTP/1.1" 302 438 "http://odessa-as-is-base.od.ua/admin/grannies/3952/edit" "Mozilla/5.0 (X11; Linux x86_64; rv:101.0) Gecko/20100101 Firefox/101.0"
46.37.216.231 - - [08/Jun/2022:10:23:56 +0000] "GET /admin/grannies HTTP/1.1" 200 291984 "http://odessa-as-is-base.od.ua/admin/grannies/3952/edit" "Mozilla/5.0 (X11; Linux x86_64; rv:101.0) Gecko/20100101 Firefox/101.0"
46.37.216.231 - - [08/Jun/2022:10:24:01 +0000] "GET /admin/grannies/3953/print-pdf HTTP/1.1" 200 6560 "http://odessa-as-is-base.od.ua/admin/grannies" "Mozilla/5.0 (X11; Linux x86_64; rv:101.0) Gecko/20100101 Firefox/101.0"
46.37.216.231 - - [08/Jun/2022:10:25:26 +0000] "GET /admin/grannies/3952/edit?_pjax=%23pjax-container HTTP/1.1" 200 21400 "http://odessa-as-is-base.od.ua/admin/grannies" "Mozilla/5.0 (X11; Linux x86_64; rv:101.0) Gecko/20100101 Firefox/101.0"
46.37.216.231 - - [08/Jun/2022:10:25:41 +0000] "POST /admin/grannies/3952 HTTP/1.1" 302 438 "http://odessa-as-is-base.od.ua/admin/grannies/3952/edit" "Mozilla/5.0 (X11; Linux x86_64; rv:101.0) Gecko/20100101 Firefox/101.0"
46.37.216.231 - - [08/Jun/2022:10:25:42 +0000] "GET /admin/grannies HTTP/1.1" 200 291984 "http://odessa-as-is-base.od.ua/admin/grannies/3952/edit" "Mozilla/5.0 (X11; Linux x86_64; rv:101.0) Gecko/20100101 Firefox/101.0"
46.37.216.231 - - [08/Jun/2022:10:25:45 +0000] "GET /admin/grannies/3952/print-pdf HTTP/1.1" 200 6577 "http://odessa-as-is-base.od.ua/admin/grannies" "Mozilla/5.0 (X11; Linux x86_64; rv:101.0) Gecko/20100101 Firefox/101.0"
46.37.216.231 - - [08/Jun/2022:10:26:46 +0000] "GET /admin/grannies?&__search__=0505964115&_pjax=%23pjax-container HTTP/1.1" 200 58602 "http://odessa-as-is-base.od.ua/admin/grannies" "Mozilla/5.0 (X11; Linux x86_64; rv:101.0) Gecko/20100101 Firefox/101.0"
46.37.216.231 - - [08/Jun/2022:10:26:50 +0000] "GET /admin/grannies/943/print-pdf HTTP/1.1" 200 6553 "http://odessa-as-is-base.od.ua/admin/grannies?&__search__=0505964115" "Mozilla/5.0 (X11; Linux x86_64; rv:101.0) Gecko/20100101 Firefox/101.0"
46.37.216.231 - - [08/Jun/2022:10:31:16 +0000] "GET /admin/grannies?_pjax=%23pjax-container&__search__=%D0%92%D0%B0%D1%81%D0%B8%D0%BB%D1%8C%D1%94%D0%B2%D0%B0&_pjax=%23pjax-container HTTP/1.1" 200 133948 "http://odessa-as-is-base.od.ua/admin/grannies?&__search__=0505964115" "Mozilla/5.0 (X11; Linux x86_64; rv:101.0) Gecko/20100101 Firefox/101.0"
46.37.216.231 - - [08/Jun/2022:10:34:26 +0000] "GET /admin/grannies?_pjax=%23pjax-container HTTP/1.1" 200 292570 "http://odessa-as-is-base.od.ua/admin/grannies?&__search__=%D0%92%D0%B0%D1%81%D0%B8%D0%BB%D1%8C%D1%94%D0%B2%D0%B0" "Mozilla/5.0 (X11; Linux x86_64; rv:101.0) Gecko/20100101 Firefox/101.0"
31.210.107.202 - - [08/Jun/2022:10:35:17 +0000] "GET /admin/grannies/create?_pjax=%23pjax-container HTTP/1.1" 200 19568 "http://odessa-as-is-base.od.ua/admin/grannies" "Mozilla/5.0 (X11; Linux x86_64; rv:95.0) Gecko/20100101 Firefox/95.0"
94.43.59.154 - - [08/Jun/2022:10:36:35 +0000] "GET / HTTP/1.1" 302 370 "-" "Mozilla/5.0 (Windows NT 10.0; WOW64) AppleWebKit/537.36 (KHTML, like Gecko) Chrome/51.0.2704.103 Safari/537.36"
46.37.216.231 - - [08/Jun/2022:10:36:37 +0000] "GET /admin/grannies/create?_pjax=%23pjax-container HTTP/1.1" 200 19568 "http://odessa-as-is-base.od.ua/admin/grannies" "Mozilla/5.0 (X11; Linux x86_64; rv:101.0) Gecko/20100101 Firefox/101.0"
31.210.107.202 - - [08/Jun/2022:10:38:12 +0000] "POST /admin/grannies HTTP/1.1" 302 438 "http://odessa-as-is-base.od.ua/admin/grannies/create" "Mozilla/5.0 (X11; Linux x86_64; rv:95.0) Gecko/20100101 Firefox/95.0"
31.210.107.202 - - [08/Jun/2022:10:38:14 +0000] "GET /admin/grannies HTTP/1.1" 200 291952 "http://odessa-as-is-base.od.ua/admin/grannies/create" "Mozilla/5.0 (X11; Linux x86_64; rv:95.0) Gecko/20100101 Firefox/95.0"
31.210.107.202 - - [08/Jun/2022:10:38:22 +0000] "GET /admin/grannies/3954/print-pdf HTTP/1.1" 200 6552 "http://odessa-as-is-base.od.ua/admin/grannies" "Mozilla/5.0 (X11; Linux x86_64; rv:95.0) Gecko/20100101 Firefox/95.0"
31.210.107.202 - - [08/Jun/2022:10:38:26 +0000] "GET /admin/grannies/3954/print-pdf/skip_list HTTP/1.1" 200 6289 "http://odessa-as-is-base.od.ua/admin/grannies" "Mozilla/5.0 (X11; Linux x86_64; rv:95.0) Gecko/20100101 Firefox/95.0"
31.210.107.202 - - [08/Jun/2022:10:39:41 +0000] "GET /admin/grannies/3954/print-pdf/skip_list HTTP/1.1" 200 6289 "http://odessa-as-is-base.od.ua/admin/grannies" "Mozilla/5.0 (X11; Linux x86_64; rv:95.0) Gecko/20100101 Firefox/95.0"
31.210.107.202 - - [08/Jun/2022:10:39:42 +0000] "GET /admin/grannies/3954/print-pdf/skip_list HTTP/1.1" 200 6289 "http://odessa-as-is-base.od.ua/admin/grannies" "Mozilla/5.0 (X11; Linux x86_64; rv:95.0) Gecko/20100101 Firefox/95.0"
46.37.216.231 - - [08/Jun/2022:10:44:02 +0000] "POST /admin/grannies HTTP/1.1" 302 438 "http://odessa-as-is-base.od.ua/admin/grannies/create" "Mozilla/5.0 (X11; Linux x86_64; rv:101.0) Gecko/20100101 Firefox/101.0"
46.37.216.231 - - [08/Jun/2022:10:44:04 +0000] "GET /admin/grannies HTTP/1.1" 200 292339 "http://odessa-as-is-base.od.ua/admin/grannies/create" "Mozilla/5.0 (X11; Linux x86_64; rv:101.0) Gecko/20100101 Firefox/101.0"
205.210.31.3 - - [08/Jun/2022:10:44:09 +0000] "GET / HTTP/1.1" 302 390 "-" "Expanse, a Palo Alto Networks company, searches across the global IPv4 space multiple times per day to identify customers&#39; presences on the Internet. If you would like to be excluded from our scans, please send IP addresses/domains to: scaninfo@paloaltonetworks.com"
46.37.216.231 - - [08/Jun/2022:10:44:15 +0000] "GET /admin/grannies/3955/print-pdf HTTP/1.1" 200 6604 "http://odessa-as-is-base.od.ua/admin/grannies" "Mozilla/5.0 (X11; Linux x86_64; rv:101.0) Gecko/20100101 Firefox/101.0"
46.37.216.231 - - [08/Jun/2022:10:47:21 +0000] "GET /admin/grannies?&__search__=%D0%9B%D1%94%D0%B2%D1%88%D0%B5%D0%BD%D0%BE%D0%BA&_pjax=%23pjax-container HTTP/1.1" 200 36376 "http://odessa-as-is-base.od.ua/admin/grannies" "Mozilla/5.0 (X11; Linux x86_64; rv:101.0) Gecko/20100101 Firefox/101.0"
46.37.216.231 - - [08/Jun/2022:10:47:29 +0000] "GET /admin/grannies?_pjax=%23pjax-container&__search__=%D0%9B%D0%B5%D0%B2%D1%88%D0%B5%D0%BD%D0%BE%D0%BA&_pjax=%23pjax-container HTTP/1.1" 200 71670 "http://odessa-as-is-base.od.ua/admin/grannies?&__search__=%D0%9B%D1%94%D0%B2%D1%88%D0%B5%D0%BD%D0%BE%D0%BA" "Mozilla/5.0 (X11; Linux x86_64; rv:101.0) Gecko/20100101 Firefox/101.0"
46.37.216.231 - - [08/Jun/2022:10:47:33 +0000] "GET /admin/grannies/3795/print-pdf HTTP/1.1" 200 6549 "http://odessa-as-is-base.od.ua/admin/grannies?&__search__=%D0%9B%D0%B5%D0%B2%D1%88%D0%B5%D0%BD%D0%BE%D0%BA" "Mozilla/5.0 (X11; Linux x86_64; rv:101.0) Gecko/20100101 Firefox/101.0"
46.37.216.231 - - [08/Jun/2022:10:47:51 +0000] "GET /admin/grannies/3795/edit?_pjax=%23pjax-container HTTP/1.1" 200 26394 "http://odessa-as-is-base.od.ua/admin/grannies?&__search__=%D0%9B%D0%B5%D0%B2%D1%88%D0%B5%D0%BD%D0%BE%D0%BA" "Mozilla/5.0 (X11; Linux x86_64; rv:101.0) Gecko/20100101 Firefox/101.0"
46.37.216.231 - - [08/Jun/2022:10:48:08 +0000] "POST /admin/grannies/3795 HTTP/1.1" 302 698 "http://odessa-as-is-base.od.ua/admin/grannies/3795/edit" "Mozilla/5.0 (X11; Linux x86_64; rv:101.0) Gecko/20100101 Firefox/101.0"
46.37.216.231 - - [08/Jun/2022:10:48:09 +0000] "GET /admin/grannies?&__search__=%D0%9B%D0%B5%D0%B2%D1%88%D0%B5%D0%BD%D0%BE%D0%BA HTTP/1.1" 200 71446 "http://odessa-as-is-base.od.ua/admin/grannies/3795/edit" "Mozilla/5.0 (X11; Linux x86_64; rv:101.0) Gecko/20100101 Firefox/101.0"
46.37.216.231 - - [08/Jun/2022:10:51:35 +0000] "GET /admin/grannies?&__search__=0991069546&_pjax=%23pjax-container HTTP/1.1" 200 35526 "http://odessa-as-is-base.od.ua/admin/grannies?&__search__=%D0%9B%D0%B5%D0%B2%D1%88%D0%B5%D0%BD%D0%BE%D0%BA" "Mozilla/5.0 (X11; Linux x86_64; rv:101.0) Gecko/20100101 Firefox/101.0"
46.37.216.231 - - [08/Jun/2022:10:52:03 +0000] "GET /admin/grannies?_pjax=%23pjax-container HTTP/1.1" 200 292893 "http://odessa-as-is-base.od.ua/admin/grannies?&__search__=0991069546" "Mozilla/5.0 (X11; Linux x86_64; rv:101.0) Gecko/20100101 Firefox/101.0"
46.37.216.231 - - [08/Jun/2022:10:54:15 +0000] "GET /admin/grannies?_pjax=%23pjax-container&__search__=%D0%BD%D0%B0%D0%B7%D0%B0%D1%80%D0%BE%D0%B2%D0%B0&_pjax=%23pjax-container HTTP/1.1" 200 59554 "http://odessa-as-is-base.od.ua/admin/grannies" "Mozilla/5.0 (X11; Linux x86_64; rv:101.0) Gecko/20100101 Firefox/101.0"
46.37.216.231 - - [08/Jun/2022:10:54:20 +0000] "GET /admin/grannies/3933/print-pdf HTTP/1.1" 200 6563 "http://odessa-as-is-base.od.ua/admin/grannies?&__search__=%D0%BD%D0%B0%D0%B7%D0%B0%D1%80%D0%BE%D0%B2%D0%B0" "Mozilla/5.0 (X11; Linux x86_64; rv:101.0) Gecko/20100101 Firefox/101.0"
185.254.196.223 - - [08/Jun/2022:11:04:35 +0000] "GET /.env HTTP/1.1" 404 6628 "-" "Mozilla/5.0 (X11; Linux x86_64) AppleWebKit/537.36 (KHTML, like Gecko) Chrome/81.0.4044.129 Safari/537.36"
185.254.196.223 - - [08/Jun/2022:11:05:03 +0000] "POST / HTTP/1.1" 405 573395 "-" "Mozilla/5.0 (X11; Linux x86_64) AppleWebKit/537.36 (KHTML, like Gecko) Chrome/81.0.4044.129 Safari/537.36"
46.37.216.231 - - [08/Jun/2022:11:07:31 +0000] "GET /admin/grannies/create?_pjax=%23pjax-container HTTP/1.1" 200 19633 "http://odessa-as-is-base.od.ua/admin/grannies?&__search__=%D0%BD%D0%B0%D0%B7%D0%B0%D1%80%D0%BE%D0%B2%D0%B0" "Mozilla/5.0 (X11; Linux x86_64; rv:101.0) Gecko/20100101 Firefox/101.0"
46.37.216.231 - - [08/Jun/2022:11:10:36 +0000] "POST /admin/grannies HTTP/1.1" 302 698 "http://odessa-as-is-base.od.ua/admin/grannies/create" "Mozilla/5.0 (X11; Linux x86_64; rv:101.0) Gecko/20100101 Firefox/101.0"
46.37.216.231 - - [08/Jun/2022:11:10:37 +0000] "GET /admin/grannies?&__search__=%D0%BD%D0%B0%D0%B7%D0%B0%D1%80%D0%BE%D0%B2%D0%B0 HTTP/1.1" 200 59330 "http://odessa-as-is-base.od.ua/admin/grannies/create" "Mozilla/5.0 (X11; Linux x86_64; rv:101.0) Gecko/20100101 Firefox/101.0"
46.37.216.231 - - [08/Jun/2022:11:10:42 +0000] "GET /admin/grannies?_pjax=%23pjax-container HTTP/1.1" 200 293110 "http://odessa-as-is-base.od.ua/admin/grannies?&__search__=%D0%BD%D0%B0%D0%B7%D0%B0%D1%80%D0%BE%D0%B2%D0%B0" "Mozilla/5.0 (X11; Linux x86_64; rv:101.0) Gecko/20100101 Firefox/101.0"
46.37.216.231 - - [08/Jun/2022:11:10:46 +0000] "GET /admin/grannies/3956/print-pdf HTTP/1.1" 200 6619 "http://odessa-as-is-base.od.ua/admin/grannies" "Mozilla/5.0 (X11; Linux x86_64; rv:101.0) Gecko/20100101 Firefox/101.0"
46.37.216.231 - - [08/Jun/2022:11:10:48 +0000] "GET /admin/grannies/3956/print-pdf/skip_list HTTP/1.1" 200 6356 "http://odessa-as-is-base.od.ua/admin/grannies" "Mozilla/5.0 (X11; Linux x86_64; rv:101.0) Gecko/20100101 Firefox/101.0"
198.235.24.141 - - [08/Jun/2022:11:13:32 +0000] "GET / HTTP/1.1" 302 378 "-" "Expanse, a Palo Alto Networks company, searches across the global IPv4 space multiple times per day to identify customers&#39; presences on the Internet. If you would like to be excluded from our scans, please send IP addresses/domains to: scaninfo@paloaltonetworks.com"
46.37.216.231 - - [08/Jun/2022:11:22:29 +0000] "GET /admin/grannies/create?_pjax=%23pjax-container HTTP/1.1" 200 19568 "http://odessa-as-is-base.od.ua/admin/grannies" "Mozilla/5.0 (X11; Linux x86_64; rv:101.0) Gecko/20100101 Firefox/101.0"
46.37.216.231 - - [08/Jun/2022:11:26:41 +0000] "GET / HTTP/1.1" 302 402 "-" "Mozilla/5.0 (X11; Linux x86_64; rv:95.0) Gecko/20100101 Firefox/95.0"
46.37.216.231 - - [08/Jun/2022:11:26:42 +0000] "GET /admin HTTP/1.1" 200 24795 "-" "Mozilla/5.0 (X11; Linux x86_64; rv:95.0) Gecko/20100101 Firefox/95.0"
46.37.216.231 - - [08/Jun/2022:11:26:42 +0000] "GET /css/app.css HTTP/1.1" 200 149 "http://odessa-as-is-base.od.ua/admin" "Mozilla/5.0 (X11; Linux x86_64; rv:95.0) Gecko/20100101 Firefox/95.0"
46.37.216.231 - - [08/Jun/2022:11:26:42 +0000] "GET /vendor/laravel-admin/AdminLTE/plugins/iCheck/all.css HTTP/1.1" 200 1568 "http://odessa-as-is-base.od.ua/admin" "Mozilla/5.0 (X11; Linux x86_64; rv:95.0) Gecko/20100101 Firefox/95.0"
46.37.216.231 - - [08/Jun/2022:11:26:42 +0000] "GET /vendor/laravel-admin/AdminLTE/plugins/colorpicker/bootstrap-colorpicker.min.css HTTP/1.1" 200 3318 "http://odessa-as-is-base.od.ua/admin" "Mozilla/5.0 (X11; Linux x86_64; rv:95.0) Gecko/20100101 Firefox/95.0"
46.37.216.231 - - [08/Jun/2022:11:26:42 +0000] "GET /vendor/laravel-admin/eonasdan-bootstrap-datetimepicker/build/css/bootstrap-datetimepicker.min.css HTTP/1.1" 200 7771 "http://odessa-as-is-base.od.ua/admin" "Mozilla/5.0 (X11; Linux x86_64; rv:95.0) Gecko/20100101 Firefox/95.0"
46.37.216.231 - - [08/Jun/2022:11:26:42 +0000] "GET /vendor/laravel-admin/bootstrap-fileinput/css/fileinput.min.css?v=4.5.2 HTTP/1.1" 200 8626 "http://odessa-as-is-base.od.ua/admin" "Mozilla/5.0 (X11; Linux x86_64; rv:95.0) Gecko/20100101 Firefox/95.0"
46.37.216.231 - - [08/Jun/2022:11:26:42 +0000] "GET /vendor/laravel-admin/AdminLTE/plugins/select2/select2.min.css HTTP/1.1" 200 15196 "http://odessa-as-is-base.od.ua/admin" "Mozilla/5.0 (X11; Linux x86_64; rv:95.0) Gecko/20100101 Firefox/95.0"
46.37.216.231 - - [08/Jun/2022:11:26:42 +0000] "GET /vendor/laravel-admin/AdminLTE/plugins/ionslider/ion.rangeSlider.css HTTP/1.1" 200 3186 "http://odessa-as-is-base.od.ua/admin" "Mozilla/5.0 (X11; Linux x86_64; rv:95.0) Gecko/20100101 Firefox/95.0"
46.37.216.231 - - [08/Jun/2022:11:26:42 +0000] "GET /vendor/laravel-admin/AdminLTE/plugins/ionslider/ion.rangeSlider.skinNice.css HTTP/1.1" 200 1734 "http://odessa-as-is-base.od.ua/admin" "Mozilla/5.0 (X11; Linux x86_64; rv:95.0) Gecko/20100101 Firefox/95.0"
46.37.216.231 - - [08/Jun/2022:11:26:42 +0000] "GET /vendor/laravel-admin/bootstrap-switch/dist/css/bootstrap3/bootstrap-switch.min.css HTTP/1.1" 200 6255 "http://odessa-as-is-base.od.ua/admin" "Mozilla/5.0 (X11; Linux x86_64; rv:95.0) Gecko/20100101 Firefox/95.0"
46.37.216.231 - - [08/Jun/2022:11:26:42 +0000] "GET /vendor/laravel-admin/fontawesome-iconpicker/dist/css/fontawesome-iconpicker.min.css HTTP/1.1" 200 6166 "http://odessa-as-is-base.od.ua/admin" "Mozilla/5.0 (X11; Linux x86_64; rv:95.0) Gecko/20100101 Firefox/95.0"
46.37.216.231 - - [08/Jun/2022:11:26:42 +0000] "GET /vendor/laravel-admin/bootstrap-duallistbox/dist/bootstrap-duallistbox.min.css HTTP/1.1" 200 1785 "http://odessa-as-is-base.od.ua/admin" "Mozilla/5.0 (X11; Linux x86_64; rv:95.0) Gecko/20100101 Firefox/95.0"
46.37.216.231 - - [08/Jun/2022:11:26:42 +0000] "GET /vendor/laravel-admin/AdminLTE/dist/css/skins/skin-blue-light.min.css HTTP/1.1" 200 3996 "http://odessa-as-is-base.od.ua/admin" "Mozilla/5.0 (X11; Linux x86_64; rv:95.0) Gecko/20100101 Firefox/95.0"
46.37.216.231 - - [08/Jun/2022:11:26:42 +0000] "GET /vendor/laravel-admin/font-awesome/css/font-awesome.min.css HTTP/1.1" 200 31000 "http://odessa-as-is-base.od.ua/admin" "Mozilla/5.0 (X11; Linux x86_64; rv:95.0) Gecko/20100101 Firefox/95.0"
46.37.216.231 - - [08/Jun/2022:11:26:42 +0000] "GET /vendor/laravel-admin/laravel-admin/laravel-admin.css HTTP/1.1" 200 1613 "http://odessa-as-is-base.od.ua/admin" "Mozilla/5.0 (X11; Linux x86_64; rv:95.0) Gecko/20100101 Firefox/95.0"
46.37.216.231 - - [08/Jun/2022:11:26:42 +0000] "GET /vendor/laravel-admin/nprogress/nprogress.css HTTP/1.1" 200 1461 "http://odessa-as-is-base.od.ua/admin" "Mozilla/5.0 (X11; Linux x86_64; rv:95.0) Gecko/20100101 Firefox/95.0"
46.37.216.231 - - [08/Jun/2022:11:26:42 +0000] "GET /vendor/laravel-admin/sweetalert2/dist/sweetalert2.css HTTP/1.1" 200 34759 "http://odessa-as-is-base.od.ua/admin" "Mozilla/5.0 (X11; Linux x86_64; rv:95.0) Gecko/20100101 Firefox/95.0"
46.37.216.231 - - [08/Jun/2022:11:26:42 +0000] "GET /vendor/laravel-admin/nestable/nestable.css HTTP/1.1" 200 1541 "http://odessa-as-is-base.od.ua/admin" "Mozilla/5.0 (X11; Linux x86_64; rv:95.0) Gecko/20100101 Firefox/95.0"
46.37.216.231 - - [08/Jun/2022:11:26:42 +0000] "GET /vendor/laravel-admin/AdminLTE/bootstrap/css/bootstrap.min.css HTTP/1.1" 200 124702 "http://odessa-as-is-base.od.ua/admin" "Mozilla/5.0 (X11; Linux x86_64; rv:95.0) Gecko/20100101 Firefox/95.0"
46.37.216.231 - - [08/Jun/2022:11:26:42 +0000] "GET /vendor/laravel-admin/toastr/build/toastr.min.css HTTP/1.1" 200 6454 "http://odessa-as-is-base.od.ua/admin" "Mozilla/5.0 (X11; Linux x86_64; rv:95.0) Gecko/20100101 Firefox/95.0"
46.37.216.231 - - [08/Jun/2022:11:26:42 +0000] "GET /vendor/laravel-admin/bootstrap3-editable/css/bootstrap-editable.css HTTP/1.1" 200 21202 "http://odessa-as-is-base.od.ua/admin" "Mozilla/5.0 (X11; Linux x86_64; rv:95.0) Gecko/20100101 Firefox/95.0"
46.37.216.231 - - [08/Jun/2022:11:26:42 +0000] "GET /vendor/laravel-admin/google-fonts/fonts.css HTTP/1.1" 200 2526 "http://odessa-as-is-base.od.ua/admin" "Mozilla/5.0 (X11; Linux x86_64; rv:95.0) Gecko/20100101 Firefox/95.0"
46.37.216.231 - - [08/Jun/2022:11:26:42 +0000] "GET /vendor/laravel-admin/AdminLTE/dist/css/AdminLTE.min.css HTTP/1.1" 200 91082 "http://odessa-as-is-base.od.ua/admin" "Mozilla/5.0 (X11; Linux x86_64; rv:95.0) Gecko/20100101 Firefox/95.0"
46.37.216.231 - - [08/Jun/2022:11:26:42 +0000] "GET /vendor/laravel-admin/AdminLTE/bootstrap/js/bootstrap.min.js HTTP/1.1" 200 35951 "http://odessa-as-is-base.od.ua/admin" "Mozilla/5.0 (X11; Linux x86_64; rv:95.0) Gecko/20100101 Firefox/95.0"
46.37.216.231 - - [08/Jun/2022:11:26:42 +0000] "GET /vendor/laravel-admin/AdminLTE/dist/js/app.min.js HTTP/1.1" 200 9684 "http://odessa-as-is-base.od.ua/admin" "Mozilla/5.0 (X11; Linux x86_64; rv:95.0) Gecko/20100101 Firefox/95.0"
46.37.216.231 - - [08/Jun/2022:11:26:42 +0000] "GET /vendor/laravel-admin/AdminLTE/plugins/slimScroll/jquery.slimscroll.min.js HTTP/1.1" 200 4872 "http://odessa-as-is-base.od.ua/admin" "Mozilla/5.0 (X11; Linux x86_64; rv:95.0) Gecko/20100101 Firefox/95.0"
46.37.216.231 - - [08/Jun/2022:11:26:42 +0000] "GET /vendor/laravel-admin/jquery-pjax/jquery.pjax.js HTTP/1.1" 200 26611 "http://odessa-as-is-base.od.ua/admin" "Mozilla/5.0 (X11; Linux x86_64; rv:95.0) Gecko/20100101 Firefox/95.0"
46.37.216.231 - - [08/Jun/2022:11:26:42 +0000] "GET /vendor/laravel-admin/AdminLTE/plugins/jQuery/jQuery-2.1.4.min.js HTTP/1.1" 200 84345 "http://odessa-as-is-base.od.ua/admin" "Mozilla/5.0 (X11; Linux x86_64; rv:95.0) Gecko/20100101 Firefox/95.0"
46.37.216.231 - - [08/Jun/2022:11:26:42 +0000] "GET /vendor/laravel-admin/nprogress/nprogress.js HTTP/1.1" 200 11565 "http://odessa-as-is-base.od.ua/admin" "Mozilla/5.0 (X11; Linux x86_64; rv:95.0) Gecko/20100101 Firefox/95.0"
46.37.216.231 - - [08/Jun/2022:11:26:42 +0000] "GET /vendor/laravel-admin/nestable/jquery.nestable.js HTTP/1.1" 200 17600 "http://odessa-as-is-base.od.ua/admin" "Mozilla/5.0 (X11; Linux x86_64; rv:95.0) Gecko/20100101 Firefox/95.0"
46.37.216.231 - - [08/Jun/2022:11:26:42 +0000] "GET /vendor/laravel-admin/toastr/build/toastr.min.js HTTP/1.1" 200 5216 "http://odessa-as-is-base.od.ua/admin" "Mozilla/5.0 (X11; Linux x86_64; rv:95.0) Gecko/20100101 Firefox/95.0"
46.37.216.231 - - [08/Jun/2022:11:26:42 +0000] "GET /vendor/laravel-admin/sweetalert2/dist/sweetalert2.min.js HTTP/1.1" 200 34564 "http://odessa-as-is-base.od.ua/admin" "Mozilla/5.0 (X11; Linux x86_64; rv:95.0) Gecko/20100101 Firefox/95.0"
46.37.216.231 - - [08/Jun/2022:11:26:42 +0000] "GET /vendor/laravel-admin/laravel-admin/laravel-admin.js HTTP/1.1" 200 5144 "http://odessa-as-is-base.od.ua/admin" "Mozilla/5.0 (X11; Linux x86_64; rv:95.0) Gecko/20100101 Firefox/95.0"
46.37.216.231 - - [08/Jun/2022:11:26:42 +0000] "GET /vendor/laravel-admin/AdminLTE/plugins/iCheck/icheck.min.js HTTP/1.1" 200 4516 "http://odessa-as-is-base.od.ua/admin" "Mozilla/5.0 (X11; Linux x86_64; rv:95.0) Gecko/20100101 Firefox/95.0"
46.37.216.231 - - [08/Jun/2022:11:26:42 +0000] "GET /vendor/laravel-admin/AdminLTE/plugins/colorpicker/bootstrap-colorpicker.min.js HTTP/1.1" 200 15528 "http://odessa-as-is-base.od.ua/admin" "Mozilla/5.0 (X11; Linux x86_64; rv:95.0) Gecko/20100101 Firefox/95.0"
46.37.216.231 - - [08/Jun/2022:11:26:43 +0000] "GET /vendor/laravel-admin/bootstrap3-editable/js/bootstrap-editable.min.js HTTP/1.1" 200 75909 "http://odessa-as-is-base.od.ua/admin" "Mozilla/5.0 (X11; Linux x86_64; rv:95.0) Gecko/20100101 Firefox/95.0"
46.37.216.231 - - [08/Jun/2022:11:26:43 +0000] "GET /vendor/laravel-admin/AdminLTE/plugins/input-mask/jquery.inputmask.bundle.min.js HTTP/1.1" 200 69788 "http://odessa-as-is-base.od.ua/admin" "Mozilla/5.0 (X11; Linux x86_64; rv:95.0) Gecko/20100101 Firefox/95.0"
46.37.216.231 - - [08/Jun/2022:11:26:43 +0000] "GET /vendor/laravel-admin/moment/min/moment-with-locales.min.js HTTP/1.1" 200 170649 "http://odessa-as-is-base.od.ua/admin" "Mozilla/5.0 (X11; Linux x86_64; rv:95.0) Gecko/20100101 Firefox/95.0"
46.37.216.231 - - [08/Jun/2022:11:26:43 +0000] "GET /vendor/laravel-admin/eonasdan-bootstrap-datetimepicker/build/js/bootstrap-datetimepicker.min.js HTTP/1.1" 200 37955 "http://odessa-as-is-base.od.ua/admin" "Mozilla/5.0 (X11; Linux x86_64; rv:95.0) Gecko/20100101 Firefox/95.0"
46.37.216.231 - - [08/Jun/2022:11:26:43 +0000] "GET /vendor/laravel-admin/bootstrap-fileinput/js/plugins/canvas-to-blob.min.js HTTP/1.1" 200 1027 "http://odessa-as-is-base.od.ua/admin" "Mozilla/5.0 (X11; Linux x86_64; rv:95.0) Gecko/20100101 Firefox/95.0"
46.37.216.231 - - [08/Jun/2022:11:26:43 +0000] "GET /vendor/laravel-admin/bootstrap-fileinput/js/fileinput.min.js?v=4.5.2 HTTP/1.1" 200 96214 "http://odessa-as-is-base.od.ua/admin" "Mozilla/5.0 (X11; Linux x86_64; rv:95.0) Gecko/20100101 Firefox/95.0"
46.37.216.231 - - [08/Jun/2022:11:26:43 +0000] "GET /vendor/laravel-admin/AdminLTE/plugins/select2/select2.full.min.js HTTP/1.1" 200 75005 "http://odessa-as-is-base.od.ua/admin" "Mozilla/5.0 (X11; Linux x86_64; rv:95.0) Gecko/20100101 Firefox/95.0"
46.37.216.231 - - [08/Jun/2022:11:26:43 +0000] "GET /vendor/laravel-admin/AdminLTE/plugins/ionslider/ion.rangeSlider.min.js HTTP/1.1" 200 9720 "http://odessa-as-is-base.od.ua/admin" "Mozilla/5.0 (X11; Linux x86_64; rv:95.0) Gecko/20100101 Firefox/95.0"
46.37.216.231 - - [08/Jun/2022:11:26:43 +0000] "GET /vendor/laravel-admin/number-input/bootstrap-number-input.js HTTP/1.1" 200 3458 "http://odessa-as-is-base.od.ua/admin" "Mozilla/5.0 (X11; Linux x86_64; rv:95.0) Gecko/20100101 Firefox/95.0"
46.37.216.231 - - [08/Jun/2022:11:26:43 +0000] "GET /vendor/laravel-admin/bootstrap-switch/dist/js/bootstrap-switch.min.js HTTP/1.1" 200 15724 "http://odessa-as-is-base.od.ua/admin" "Mozilla/5.0 (X11; Linux x86_64; rv:95.0) Gecko/20100101 Firefox/95.0"
46.37.216.231 - - [08/Jun/2022:11:26:43 +0000] "GET /vendor/laravel-admin/fontawesome-iconpicker/dist/js/fontawesome-iconpicker.min.js HTTP/1.1" 200 31024 "http://odessa-as-is-base.od.ua/admin" "Mozilla/5.0 (X11; Linux x86_64; rv:95.0) Gecko/20100101 Firefox/95.0"
